14:59:07 **** Incremental Build of configuration Debug for project BSTTestRelease_CM4 ****
make -j8 all 
arm-none-eabi-gcc "../Core/Src/main.c" -mcpu=cortex-m4 -std=gnu11 -g3 -DDEBUG -D__LOG_TRACE_IO__ -DCORE_CM4 -DNO_ATOMIC_64_SUPPORT -DMETAL_INTERNAL -DMETAL_MAX_DEVICE_REGIONS=2 -DVIRTIO_SLAVE_ONLY -DUSE_HAL_DRIVER -DSTM32MP157Fxx -c -I../OPENAMP -I../Core/Inc -I../../Middlewares/Third_Party/OpenAMP/open-amp/lib/include -I../../Middlewares/Third_Party/OpenAMP/libmetal/lib/include -I../../Drivers/STM32MP1xx_HAL_Driver/Inc -I../../Drivers/STM32MP1xx_HAL_Driver/Inc/Legacy -I../../Drivers/CMSIS/Device/ST/STM32MP1xx/Include -I../../Middlewares/Third_Party/OpenAMP/virtual_driver -I../../Drivers/CMSIS/Include -O0 -ffunction-sections -fdata-sections -Wall -fstack-usage -fcyclomatic-complexity -MMD -MP -MF"Core/Src/main.d" -MT"Core/Src/main.o" --specs=nano.specs -mfpu=fpv4-sp-d16 -mfloat-abi=hard -mthumb -o "Core/Src/main.o"
../Core/Src/main.c: In function 'main':
../Core/Src/main.c:239:19: warning: unused variable 'strk' [-Wunused-variable]
  239 |               int strk = (int)stroke;
      |                   ^~~~
../Core/Src/main.c:238:19: warning: unused variable 'dc2' [-Wunused-variable]
  238 |               int dc2 = (int)duty_cycle2;
      |                   ^~~
../Core/Src/main.c:237:19: warning: unused variable 'dc1' [-Wunused-variable]
  237 |               int dc1 = (int)duty_cycle1;
      |                   ^~~
../Core/Src/main.c:250:24: warning: unused variable 'strk' [-Wunused-variable]
  250 |               long int strk = (long int)(10* estimated_stroke);
      |                        ^~~~
../Core/Src/main.c:249:24: warning: unused variable 'dc2' [-Wunused-variable]
  249 |               long int dc2 = (long int)(10* duty_cycle2);
      |                        ^~~
../Core/Src/main.c:248:24: warning: unused variable 'dc1' [-Wunused-variable]
  248 |               long int dc1 = (long int)(10* duty_cycle1);
      |                        ^~~
../Core/Src/main.c: In function 'VIRT_UART0_RxCpltCallback':
../Core/Src/main.c:645:12: warning: passing argument 1 to 'restrict'-qualified parameter aliases with argument 2 [-Wrestrict]
  645 |     strcpy(response_buffer,response_buffer);
      |            ^~~~~~~~~~~~~~~ ~~~~~~~~~~~~~~~
../Core/Src/main.c:644:10: warning: unused variable 'response' [-Wunused-variable]
  644 |     char response[] = "Testing with String Potentiometer\n";
      |          ^~~~~~~~
arm-none-eabi-gcc -o "BSTTestRelease_CM4.elf" @"objects.list"   -mcpu=cortex-m4 -T"/home/danb127/Brake-System-Tester/BSTTestRelease/CM4/STM32MP157FACX_RAM.ld" --specs=nosys.specs -Wl,-Map="BSTTestRelease_CM4.map" -Wl,--gc-sections -static --specs=nano.specs -mfpu=fpv4-sp-d16 -mfloat-abi=hard -mthumb -Wl,--start-group -lc -lm -Wl,--end-group
Finished building target: BSTTestRelease_CM4.elf
 
arm-none-eabi-size  BSTTestRelease_CM4.elf 
arm-none-eabi-objdump -h -S BSTTestRelease_CM4.elf  > "BSTTestRelease_CM4.list"
   text	   data	    bss	    dec	    hex	filename
  59848	    288	   3252	  63388	   f79c	BSTTestRelease_CM4.elf
Finished building: default.size.stdout
 
Finished building: BSTTestRelease_CM4.list
 

14:59:08 Build Finished. 0 errors, 8 warnings. (took 884ms)

