16:33:14 **** Build of configuration Debug for project BSTInputTesting_CM4 ****
make -j8 all 
arm-none-eabi-gcc "../OPENAMP/mbox_ipcc.c" -mcpu=cortex-m4 -std=gnu11 -g3 -DDEBUG -DCORE_CM4 -DNO_ATOMIC_64_SUPPORT -DMETAL_INTERNAL -DMETAL_MAX_DEVICE_REGIONS=2 -DVIRTIO_SLAVE_ONLY -DUSE_HAL_DRIVER -DSTM32MP157Fxx -c -I../OPENAMP -I../Core/Inc -I../../Middlewares/Third_Party/OpenAMP/open-amp/lib/include -I../../Middlewares/Third_Party/OpenAMP/libmetal/lib/include -I../../Drivers/STM32MP1xx_HAL_Driver/Inc -I../../Drivers/STM32MP1xx_HAL_Driver/Inc/Legacy -I../../Drivers/CMSIS/Device/ST/STM32MP1xx/Include -I../../Middlewares/Third_Party/OpenAMP/virtual_driver -I../../Drivers/CMSIS/Include -O0 -ffunction-sections -fdata-sections -Wall -fstack-usage -fcyclomatic-complexity -MMD -MP -MF"OPENAMP/mbox_ipcc.d" -MT"OPENAMP/mbox_ipcc.o" --specs=nano.specs -mfpu=fpv4-sp-d16 -mfloat-abi=hard -mthumb -o "OPENAMP/mbox_ipcc.o"
arm-none-eabi-gcc "../OPENAMP/openamp.c" -mcpu=cortex-m4 -std=gnu11 -g3 -DDEBUG -DCORE_CM4 -DNO_ATOMIC_64_SUPPORT -DMETAL_INTERNAL -DMETAL_MAX_DEVICE_REGIONS=2 -DVIRTIO_SLAVE_ONLY -DUSE_HAL_DRIVER -DSTM32MP157Fxx -c -I../OPENAMP -I../Core/Inc -I../../Middlewares/Third_Party/OpenAMP/open-amp/lib/include -I../../Middlewares/Third_Party/OpenAMP/libmetal/lib/include -I../../Drivers/STM32MP1xx_HAL_Driver/Inc -I../../Drivers/STM32MP1xx_HAL_Driver/Inc/Legacy -I../../Drivers/CMSIS/Device/ST/STM32MP1xx/Include -I../../Middlewares/Third_Party/OpenAMP/virtual_driver -I../../Drivers/CMSIS/Include -O0 -ffunction-sections -fdata-sections -Wall -fstack-usage -fcyclomatic-complexity -MMD -MP -MF"OPENAMP/openamp.d" -MT"OPENAMP/openamp.o" --specs=nano.specs -mfpu=fpv4-sp-d16 -mfloat-abi=hard -mthumb -o "OPENAMP/openamp.o"
arm-none-eabi-gcc "../OPENAMP/openamp_log.c" -mcpu=cortex-m4 -std=gnu11 -g3 -DDEBUG -DCORE_CM4 -DNO_ATOMIC_64_SUPPORT -DMETAL_INTERNAL -DMETAL_MAX_DEVICE_REGIONS=2 -DVIRTIO_SLAVE_ONLY -DUSE_HAL_DRIVER -DSTM32MP157Fxx -c -I../OPENAMP -I../Core/Inc -I../../Middlewares/Third_Party/OpenAMP/open-amp/lib/include -I../../Middlewares/Third_Party/OpenAMP/libmetal/lib/include -I../../Drivers/STM32MP1xx_HAL_Driver/Inc -I../../Drivers/STM32MP1xx_HAL_Driver/Inc/Legacy -I../../Drivers/CMSIS/Device/ST/STM32MP1xx/Include -I../../Middlewares/Third_Party/OpenAMP/virtual_driver -I../../Drivers/CMSIS/Include -O0 -ffunction-sections -fdata-sections -Wall -fstack-usage -fcyclomatic-complexity -MMD -MP -MF"OPENAMP/openamp_log.d" -MT"OPENAMP/openamp_log.o" --specs=nano.specs -mfpu=fpv4-sp-d16 -mfloat-abi=hard -mthumb -o "OPENAMP/openamp_log.o"
arm-none-eabi-gcc "../OPENAMP/rsc_table.c" -mcpu=cortex-m4 -std=gnu11 -g3 -DDEBUG -DCORE_CM4 -DNO_ATOMIC_64_SUPPORT -DMETAL_INTERNAL -DMETAL_MAX_DEVICE_REGIONS=2 -DVIRTIO_SLAVE_ONLY -DUSE_HAL_DRIVER -DSTM32MP157Fxx -c -I../OPENAMP -I../Core/Inc -I../../Middlewares/Third_Party/OpenAMP/open-amp/lib/include -I../../Middlewares/Third_Party/OpenAMP/libmetal/lib/include -I../../Drivers/STM32MP1xx_HAL_Driver/Inc -I../../Drivers/STM32MP1xx_HAL_Driver/Inc/Legacy -I../../Drivers/CMSIS/Device/ST/STM32MP1xx/Include -I../../Middlewares/Third_Party/OpenAMP/virtual_driver -I../../Drivers/CMSIS/Include -O0 -ffunction-sections -fdata-sections -Wall -fstack-usage -fcyclomatic-complexity -MMD -MP -MF"OPENAMP/rsc_table.d" -MT"OPENAMP/rsc_table.o" --specs=nano.specs -mfpu=fpv4-sp-d16 -mfloat-abi=hard -mthumb -o "OPENAMP/rsc_table.o"
arm-none-eabi-gcc "/home/danb127/Brake-System-Tester/BSTInputTesting/Middlewares/Third_Party/OpenAMP/libmetal/lib/system/generic/condition.c" -mcpu=cortex-m4 -std=gnu11 -g3 -DDEBUG -DCORE_CM4 -DNO_ATOMIC_64_SUPPORT -DMETAL_INTERNAL -DMETAL_MAX_DEVICE_REGIONS=2 -DVIRTIO_SLAVE_ONLY -DUSE_HAL_DRIVER -DSTM32MP157Fxx -c -I../OPENAMP -I../Core/Inc -I../../Middlewares/Third_Party/OpenAMP/open-amp/lib/include -I../../Middlewares/Third_Party/OpenAMP/libmetal/lib/include -I../../Drivers/STM32MP1xx_HAL_Driver/Inc -I../../Drivers/STM32MP1xx_HAL_Driver/Inc/Legacy -I../../Drivers/CMSIS/Device/ST/STM32MP1xx/Include -I../../Middlewares/Third_Party/OpenAMP/virtual_driver -I../../Drivers/CMSIS/Include -O0 -ffunction-sections -fdata-sections -Wall -fstack-usage -fcyclomatic-complexity -MMD -MP -MF"Middlewares/Third_Party/OpenAMP/condition.d" -MT"Middlewares/Third_Party/OpenAMP/condition.o" --specs=nano.specs -mfpu=fpv4-sp-d16 -mfloat-abi=hard -mthumb -o "Middlewares/Third_Party/OpenAMP/condition.o"
arm-none-eabi-gcc "/home/danb127/Brake-System-Tester/BSTInputTesting/Middlewares/Third_Party/OpenAMP/libmetal/lib/device.c" -mcpu=cortex-m4 -std=gnu11 -g3 -DDEBUG -DCORE_CM4 -DNO_ATOMIC_64_SUPPORT -DMETAL_INTERNAL -DMETAL_MAX_DEVICE_REGIONS=2 -DVIRTIO_SLAVE_ONLY -DUSE_HAL_DRIVER -DSTM32MP157Fxx -c -I../OPENAMP -I../Core/Inc -I../../Middlewares/Third_Party/OpenAMP/open-amp/lib/include -I../../Middlewares/Third_Party/OpenAMP/libmetal/lib/include -I../../Drivers/STM32MP1xx_HAL_Driver/Inc -I../../Drivers/STM32MP1xx_HAL_Driver/Inc/Legacy -I../../Drivers/CMSIS/Device/ST/STM32MP1xx/Include -I../../Middlewares/Third_Party/OpenAMP/virtual_driver -I../../Drivers/CMSIS/Include -O0 -ffunction-sections -fdata-sections -Wall -fstack-usage -fcyclomatic-complexity -MMD -MP -MF"Middlewares/Third_Party/OpenAMP/device.d" -MT"Middlewares/Third_Party/OpenAMP/device.o" --specs=nano.specs -mfpu=fpv4-sp-d16 -mfloat-abi=hard -mthumb -o "Middlewares/Third_Party/OpenAMP/device.o"
arm-none-eabi-gcc "/home/danb127/Brake-System-Tester/BSTInputTesting/Middlewares/Third_Party/OpenAMP/libmetal/lib/system/generic/generic_device.c" -mcpu=cortex-m4 -std=gnu11 -g3 -DDEBUG -DCORE_CM4 -DNO_ATOMIC_64_SUPPORT -DMETAL_INTERNAL -DMETAL_MAX_DEVICE_REGIONS=2 -DVIRTIO_SLAVE_ONLY -DUSE_HAL_DRIVER -DSTM32MP157Fxx -c -I../OPENAMP -I../Core/Inc -I../../Middlewares/Third_Party/OpenAMP/open-amp/lib/include -I../../Middlewares/Third_Party/OpenAMP/libmetal/lib/include -I../../Drivers/STM32MP1xx_HAL_Driver/Inc -I../../Drivers/STM32MP1xx_HAL_Driver/Inc/Legacy -I../../Drivers/CMSIS/Device/ST/STM32MP1xx/Include -I../../Middlewares/Third_Party/OpenAMP/virtual_driver -I../../Drivers/CMSIS/Include -O0 -ffunction-sections -fdata-sections -Wall -fstack-usage -fcyclomatic-complexity -MMD -MP -MF"Middlewares/Third_Party/OpenAMP/generic_device.d" -MT"Middlewares/Third_Party/OpenAMP/generic_device.o" --specs=nano.specs -mfpu=fpv4-sp-d16 -mfloat-abi=hard -mthumb -o "Middlewares/Third_Party/OpenAMP/generic_device.o"
arm-none-eabi-gcc "/home/danb127/Brake-System-Tester/BSTInputTesting/Middlewares/Third_Party/OpenAMP/libmetal/lib/system/generic/generic_init.c" -mcpu=cortex-m4 -std=gnu11 -g3 -DDEBUG -DCORE_CM4 -DNO_ATOMIC_64_SUPPORT -DMETAL_INTERNAL -DMETAL_MAX_DEVICE_REGIONS=2 -DVIRTIO_SLAVE_ONLY -DUSE_HAL_DRIVER -DSTM32MP157Fxx -c -I../OPENAMP -I../Core/Inc -I../../Middlewares/Third_Party/OpenAMP/open-amp/lib/include -I../../Middlewares/Third_Party/OpenAMP/libmetal/lib/include -I../../Drivers/STM32MP1xx_HAL_Driver/Inc -I../../Drivers/STM32MP1xx_HAL_Driver/Inc/Legacy -I../../Drivers/CMSIS/Device/ST/STM32MP1xx/Include -I../../Middlewares/Third_Party/OpenAMP/virtual_driver -I../../Drivers/CMSIS/Include -O0 -ffunction-sections -fdata-sections -Wall -fstack-usage -fcyclomatic-complexity -MMD -MP -MF"Middlewares/Third_Party/OpenAMP/generic_init.d" -MT"Middlewares/Third_Party/OpenAMP/generic_init.o" --specs=nano.specs -mfpu=fpv4-sp-d16 -mfloat-abi=hard -mthumb -o "Middlewares/Third_Party/OpenAMP/generic_init.o"
arm-none-eabi-gcc "/home/danb127/Brake-System-Tester/BSTInputTesting/Middlewares/Third_Party/OpenAMP/libmetal/lib/system/generic/generic_io.c" -mcpu=cortex-m4 -std=gnu11 -g3 -DDEBUG -DCORE_CM4 -DNO_ATOMIC_64_SUPPORT -DMETAL_INTERNAL -DMETAL_MAX_DEVICE_REGIONS=2 -DVIRTIO_SLAVE_ONLY -DUSE_HAL_DRIVER -DSTM32MP157Fxx -c -I../OPENAMP -I../Core/Inc -I../../Middlewares/Third_Party/OpenAMP/open-amp/lib/include -I../../Middlewares/Third_Party/OpenAMP/libmetal/lib/include -I../../Drivers/STM32MP1xx_HAL_Driver/Inc -I../../Drivers/STM32MP1xx_HAL_Driver/Inc/Legacy -I../../Drivers/CMSIS/Device/ST/STM32MP1xx/Include -I../../Middlewares/Third_Party/OpenAMP/virtual_driver -I../../Drivers/CMSIS/Include -O0 -ffunction-sections -fdata-sections -Wall -fstack-usage -fcyclomatic-complexity -MMD -MP -MF"Middlewares/Third_Party/OpenAMP/generic_io.d" -MT"Middlewares/Third_Party/OpenAMP/generic_io.o" --specs=nano.specs -mfpu=fpv4-sp-d16 -mfloat-abi=hard -mthumb -o "Middlewares/Third_Party/OpenAMP/generic_io.o"
arm-none-eabi-gcc "/home/danb127/Brake-System-Tester/BSTInputTesting/Middlewares/Third_Party/OpenAMP/libmetal/lib/system/generic/generic_shmem.c" -mcpu=cortex-m4 -std=gnu11 -g3 -DDEBUG -DCORE_CM4 -DNO_ATOMIC_64_SUPPORT -DMETAL_INTERNAL -DMETAL_MAX_DEVICE_REGIONS=2 -DVIRTIO_SLAVE_ONLY -DUSE_HAL_DRIVER -DSTM32MP157Fxx -c -I../OPENAMP -I../Core/Inc -I../../Middlewares/Third_Party/OpenAMP/open-amp/lib/include -I../../Middlewares/Third_Party/OpenAMP/libmetal/lib/include -I../../Drivers/STM32MP1xx_HAL_Driver/Inc -I../../Drivers/STM32MP1xx_HAL_Driver/Inc/Legacy -I../../Drivers/CMSIS/Device/ST/STM32MP1xx/Include -I../../Middlewares/Third_Party/OpenAMP/virtual_driver -I../../Drivers/CMSIS/Include -O0 -ffunction-sections -fdata-sections -Wall -fstack-usage -fcyclomatic-complexity -MMD -MP -MF"Middlewares/Third_Party/OpenAMP/generic_shmem.d" -MT"Middlewares/Third_Party/OpenAMP/generic_shmem.o" --specs=nano.specs -mfpu=fpv4-sp-d16 -mfloat-abi=hard -mthumb -o "Middlewares/Third_Party/OpenAMP/generic_shmem.o"
arm-none-eabi-gcc "/home/danb127/Brake-System-Tester/BSTInputTesting/Middlewares/Third_Party/OpenAMP/libmetal/lib/init.c" -mcpu=cortex-m4 -std=gnu11 -g3 -DDEBUG -DCORE_CM4 -DNO_ATOMIC_64_SUPPORT -DMETAL_INTERNAL -DMETAL_MAX_DEVICE_REGIONS=2 -DVIRTIO_SLAVE_ONLY -DUSE_HAL_DRIVER -DSTM32MP157Fxx -c -I../OPENAMP -I../Core/Inc -I../../Middlewares/Third_Party/OpenAMP/open-amp/lib/include -I../../Middlewares/Third_Party/OpenAMP/libmetal/lib/include -I../../Drivers/STM32MP1xx_HAL_Driver/Inc -I../../Drivers/STM32MP1xx_HAL_Driver/Inc/Legacy -I../../Drivers/CMSIS/Device/ST/STM32MP1xx/Include -I../../Middlewares/Third_Party/OpenAMP/virtual_driver -I../../Drivers/CMSIS/Include -O0 -ffunction-sections -fdata-sections -Wall -fstack-usage -fcyclomatic-complexity -MMD -MP -MF"Middlewares/Third_Party/OpenAMP/init.d" -MT"Middlewares/Third_Party/OpenAMP/init.o" --specs=nano.specs -mfpu=fpv4-sp-d16 -mfloat-abi=hard -mthumb -o "Middlewares/Third_Party/OpenAMP/init.o"
arm-none-eabi-gcc "/home/danb127/Brake-System-Tester/BSTInputTesting/Middlewares/Third_Party/OpenAMP/libmetal/lib/io.c" -mcpu=cortex-m4 -std=gnu11 -g3 -DDEBUG -DCORE_CM4 -DNO_ATOMIC_64_SUPPORT -DMETAL_INTERNAL -DMETAL_MAX_DEVICE_REGIONS=2 -DVIRTIO_SLAVE_ONLY -DUSE_HAL_DRIVER -DSTM32MP157Fxx -c -I../OPENAMP -I../Core/Inc -I../../Middlewares/Third_Party/OpenAMP/open-amp/lib/include -I../../Middlewares/Third_Party/OpenAMP/libmetal/lib/include -I../../Drivers/STM32MP1xx_HAL_Driver/Inc -I../../Drivers/STM32MP1xx_HAL_Driver/Inc/Legacy -I../../Drivers/CMSIS/Device/ST/STM32MP1xx/Include -I../../Middlewares/Third_Party/OpenAMP/virtual_driver -I../../Drivers/CMSIS/Include -O0 -ffunction-sections -fdata-sections -Wall -fstack-usage -fcyclomatic-complexity -MMD -MP -MF"Middlewares/Third_Party/OpenAMP/io.d" -MT"Middlewares/Third_Party/OpenAMP/io.o" --specs=nano.specs -mfpu=fpv4-sp-d16 -mfloat-abi=hard -mthumb -o "Middlewares/Third_Party/OpenAMP/io.o"
arm-none-eabi-gcc "/home/danb127/Brake-System-Tester/BSTInputTesting/Middlewares/Third_Party/OpenAMP/libmetal/lib/log.c" -mcpu=cortex-m4 -std=gnu11 -g3 -DDEBUG -DCORE_CM4 -DNO_ATOMIC_64_SUPPORT -DMETAL_INTERNAL -DMETAL_MAX_DEVICE_REGIONS=2 -DVIRTIO_SLAVE_ONLY -DUSE_HAL_DRIVER -DSTM32MP157Fxx -c -I../OPENAMP -I../Core/Inc -I../../Middlewares/Third_Party/OpenAMP/open-amp/lib/include -I../../Middlewares/Third_Party/OpenAMP/libmetal/lib/include -I../../Drivers/STM32MP1xx_HAL_Driver/Inc -I../../Drivers/STM32MP1xx_HAL_Driver/Inc/Legacy -I../../Drivers/CMSIS/Device/ST/STM32MP1xx/Include -I../../Middlewares/Third_Party/OpenAMP/virtual_driver -I../../Drivers/CMSIS/Include -O0 -ffunction-sections -fdata-sections -Wall -fstack-usage -fcyclomatic-complexity -MMD -MP -MF"Middlewares/Third_Party/OpenAMP/log.d" -MT"Middlewares/Third_Party/OpenAMP/log.o" --specs=nano.specs -mfpu=fpv4-sp-d16 -mfloat-abi=hard -mthumb -o "Middlewares/Third_Party/OpenAMP/log.o"
arm-none-eabi-gcc "/home/danb127/Brake-System-Tester/BSTInputTesting/Middlewares/Third_Party/OpenAMP/open-amp/lib/remoteproc/remoteproc_virtio.c" -mcpu=cortex-m4 -std=gnu11 -g3 -DDEBUG -DCORE_CM4 -DNO_ATOMIC_64_SUPPORT -DMETAL_INTERNAL -DMETAL_MAX_DEVICE_REGIONS=2 -DVIRTIO_SLAVE_ONLY -DUSE_HAL_DRIVER -DSTM32MP157Fxx -c -I../OPENAMP -I../Core/Inc -I../../Middlewares/Third_Party/OpenAMP/open-amp/lib/include -I../../Middlewares/Third_Party/OpenAMP/libmetal/lib/include -I../../Drivers/STM32MP1xx_HAL_Driver/Inc -I../../Drivers/STM32MP1xx_HAL_Driver/Inc/Legacy -I../../Drivers/CMSIS/Device/ST/STM32MP1xx/Include -I../../Middlewares/Third_Party/OpenAMP/virtual_driver -I../../Drivers/CMSIS/Include -O0 -ffunction-sections -fdata-sections -Wall -fstack-usage -fcyclomatic-complexity -MMD -MP -MF"Middlewares/Third_Party/OpenAMP/remoteproc_virtio.d" -MT"Middlewares/Third_Party/OpenAMP/remoteproc_virtio.o" --specs=nano.specs -mfpu=fpv4-sp-d16 -mfloat-abi=hard -mthumb -o "Middlewares/Third_Party/OpenAMP/remoteproc_virtio.o"
arm-none-eabi-gcc "/home/danb127/Brake-System-Tester/BSTInputTesting/Middlewares/Third_Party/OpenAMP/open-amp/lib/rpmsg/rpmsg.c" -mcpu=cortex-m4 -std=gnu11 -g3 -DDEBUG -DCORE_CM4 -DNO_ATOMIC_64_SUPPORT -DMETAL_INTERNAL -DMETAL_MAX_DEVICE_REGIONS=2 -DVIRTIO_SLAVE_ONLY -DUSE_HAL_DRIVER -DSTM32MP157Fxx -c -I../OPENAMP -I../Core/Inc -I../../Middlewares/Third_Party/OpenAMP/open-amp/lib/include -I../../Middlewares/Third_Party/OpenAMP/libmetal/lib/include -I../../Drivers/STM32MP1xx_HAL_Driver/Inc -I../../Drivers/STM32MP1xx_HAL_Driver/Inc/Legacy -I../../Drivers/CMSIS/Device/ST/STM32MP1xx/Include -I../../Middlewares/Third_Party/OpenAMP/virtual_driver -I../../Drivers/CMSIS/Include -O0 -ffunction-sections -fdata-sections -Wall -fstack-usage -fcyclomatic-complexity -MMD -MP -MF"Middlewares/Third_Party/OpenAMP/rpmsg.d" -MT"Middlewares/Third_Party/OpenAMP/rpmsg.o" --specs=nano.specs -mfpu=fpv4-sp-d16 -mfloat-abi=hard -mthumb -o "Middlewares/Third_Party/OpenAMP/rpmsg.o"
arm-none-eabi-gcc "/home/danb127/Brake-System-Tester/BSTInputTesting/Middlewares/Third_Party/OpenAMP/open-amp/lib/rpmsg/rpmsg_virtio.c" -mcpu=cortex-m4 -std=gnu11 -g3 -DDEBUG -DCORE_CM4 -DNO_ATOMIC_64_SUPPORT -DMETAL_INTERNAL -DMETAL_MAX_DEVICE_REGIONS=2 -DVIRTIO_SLAVE_ONLY -DUSE_HAL_DRIVER -DSTM32MP157Fxx -c -I../OPENAMP -I../Core/Inc -I../../Middlewares/Third_Party/OpenAMP/open-amp/lib/include -I../../Middlewares/Third_Party/OpenAMP/libmetal/lib/include -I../../Drivers/STM32MP1xx_HAL_Driver/Inc -I../../Drivers/STM32MP1xx_HAL_Driver/Inc/Legacy -I../../Drivers/CMSIS/Device/ST/STM32MP1xx/Include -I../../Middlewares/Third_Party/OpenAMP/virtual_driver -I../../Drivers/CMSIS/Include -O0 -ffunction-sections -fdata-sections -Wall -fstack-usage -fcyclomatic-complexity -MMD -MP -MF"Middlewares/Third_Party/OpenAMP/rpmsg_virtio.d" -MT"Middlewares/Third_Party/OpenAMP/rpmsg_virtio.o" --specs=nano.specs -mfpu=fpv4-sp-d16 -mfloat-abi=hard -mthumb -o "Middlewares/Third_Party/OpenAMP/rpmsg_virtio.o"
arm-none-eabi-gcc "/home/danb127/Brake-System-Tester/BSTInputTesting/Middlewares/Third_Party/OpenAMP/libmetal/lib/shmem.c" -mcpu=cortex-m4 -std=gnu11 -g3 -DDEBUG -DCORE_CM4 -DNO_ATOMIC_64_SUPPORT -DMETAL_INTERNAL -DMETAL_MAX_DEVICE_REGIONS=2 -DVIRTIO_SLAVE_ONLY -DUSE_HAL_DRIVER -DSTM32MP157Fxx -c -I../OPENAMP -I../Core/Inc -I../../Middlewares/Third_Party/OpenAMP/open-amp/lib/include -I../../Middlewares/Third_Party/OpenAMP/libmetal/lib/include -I../../Drivers/STM32MP1xx_HAL_Driver/Inc -I../../Drivers/STM32MP1xx_HAL_Driver/Inc/Legacy -I../../Drivers/CMSIS/Device/ST/STM32MP1xx/Include -I../../Middlewares/Third_Party/OpenAMP/virtual_driver -I../../Drivers/CMSIS/Include -O0 -ffunction-sections -fdata-sections -Wall -fstack-usage -fcyclomatic-complexity -MMD -MP -MF"Middlewares/Third_Party/OpenAMP/shmem.d" -MT"Middlewares/Third_Party/OpenAMP/shmem.o" --specs=nano.specs -mfpu=fpv4-sp-d16 -mfloat-abi=hard -mthumb -o "Middlewares/Third_Party/OpenAMP/shmem.o"
arm-none-eabi-gcc "/home/danb127/Brake-System-Tester/BSTInputTesting/Middlewares/Third_Party/OpenAMP/libmetal/lib/system/generic/template/sys.c" -mcpu=cortex-m4 -std=gnu11 -g3 -DDEBUG -DCORE_CM4 -DNO_ATOMIC_64_SUPPORT -DMETAL_INTERNAL -DMETAL_MAX_DEVICE_REGIONS=2 -DVIRTIO_SLAVE_ONLY -DUSE_HAL_DRIVER -DSTM32MP157Fxx -c -I../OPENAMP -I../Core/Inc -I../../Middlewares/Third_Party/OpenAMP/open-amp/lib/include -I../../Middlewares/Third_Party/OpenAMP/libmetal/lib/include -I../../Drivers/STM32MP1xx_HAL_Driver/Inc -I../../Drivers/STM32MP1xx_HAL_Driver/Inc/Legacy -I../../Drivers/CMSIS/Device/ST/STM32MP1xx/Include -I../../Middlewares/Third_Party/OpenAMP/virtual_driver -I../../Drivers/CMSIS/Include -O0 -ffunction-sections -fdata-sections -Wall -fstack-usage -fcyclomatic-complexity -MMD -MP -MF"Middlewares/Third_Party/OpenAMP/sys.d" -MT"Middlewares/Third_Party/OpenAMP/sys.o" --specs=nano.specs -mfpu=fpv4-sp-d16 -mfloat-abi=hard -mthumb -o "Middlewares/Third_Party/OpenAMP/sys.o"
arm-none-eabi-gcc "/home/danb127/Brake-System-Tester/BSTInputTesting/Middlewares/Third_Party/OpenAMP/libmetal/lib/system/generic/time.c" -mcpu=cortex-m4 -std=gnu11 -g3 -DDEBUG -DCORE_CM4 -DNO_ATOMIC_64_SUPPORT -DMETAL_INTERNAL -DMETAL_MAX_DEVICE_REGIONS=2 -DVIRTIO_SLAVE_ONLY -DUSE_HAL_DRIVER -DSTM32MP157Fxx -c -I../OPENAMP -I../Core/Inc -I../../Middlewares/Third_Party/OpenAMP/open-amp/lib/include -I../../Middlewares/Third_Party/OpenAMP/libmetal/lib/include -I../../Drivers/STM32MP1xx_HAL_Driver/Inc -I../../Drivers/STM32MP1xx_HAL_Driver/Inc/Legacy -I../../Drivers/CMSIS/Device/ST/STM32MP1xx/Include -I../../Middlewares/Third_Party/OpenAMP/virtual_driver -I../../Drivers/CMSIS/Include -O0 -ffunction-sections -fdata-sections -Wall -fstack-usage -fcyclomatic-complexity -MMD -MP -MF"Middlewares/Third_Party/OpenAMP/time.d" -MT"Middlewares/Third_Party/OpenAMP/time.o" --specs=nano.specs -mfpu=fpv4-sp-d16 -mfloat-abi=hard -mthumb -o "Middlewares/Third_Party/OpenAMP/time.o"
arm-none-eabi-gcc "/home/danb127/Brake-System-Tester/BSTInputTesting/Middlewares/Third_Party/OpenAMP/virtual_driver/virt_uart.c" -mcpu=cortex-m4 -std=gnu11 -g3 -DDEBUG -DCORE_CM4 -DNO_ATOMIC_64_SUPPORT -DMETAL_INTERNAL -DMETAL_MAX_DEVICE_REGIONS=2 -DVIRTIO_SLAVE_ONLY -DUSE_HAL_DRIVER -DSTM32MP157Fxx -c -I../OPENAMP -I../Core/Inc -I../../Middlewares/Third_Party/OpenAMP/open-amp/lib/include -I../../Middlewares/Third_Party/OpenAMP/libmetal/lib/include -I../../Drivers/STM32MP1xx_HAL_Driver/Inc -I../../Drivers/STM32MP1xx_HAL_Driver/Inc/Legacy -I../../Drivers/CMSIS/Device/ST/STM32MP1xx/Include -I../../Middlewares/Third_Party/OpenAMP/virtual_driver -I../../Drivers/CMSIS/Include -O0 -ffunction-sections -fdata-sections -Wall -fstack-usage -fcyclomatic-complexity -MMD -MP -MF"Middlewares/Third_Party/OpenAMP/virt_uart.d" -MT"Middlewares/Third_Party/OpenAMP/virt_uart.o" --specs=nano.specs -mfpu=fpv4-sp-d16 -mfloat-abi=hard -mthumb -o "Middlewares/Third_Party/OpenAMP/virt_uart.o"
arm-none-eabi-gcc "/home/danb127/Brake-System-Tester/BSTInputTesting/Middlewares/Third_Party/OpenAMP/open-amp/lib/virtio/virtio.c" -mcpu=cortex-m4 -std=gnu11 -g3 -DDEBUG -DCORE_CM4 -DNO_ATOMIC_64_SUPPORT -DMETAL_INTERNAL -DMETAL_MAX_DEVICE_REGIONS=2 -DVIRTIO_SLAVE_ONLY -DUSE_HAL_DRIVER -DSTM32MP157Fxx -c -I../OPENAMP -I../Core/Inc -I../../Middlewares/Third_Party/OpenAMP/open-amp/lib/include -I../../Middlewares/Third_Party/OpenAMP/libmetal/lib/include -I../../Drivers/STM32MP1xx_HAL_Driver/Inc -I../../Drivers/STM32MP1xx_HAL_Driver/Inc/Legacy -I../../Drivers/CMSIS/Device/ST/STM32MP1xx/Include -I../../Middlewares/Third_Party/OpenAMP/virtual_driver -I../../Drivers/CMSIS/Include -O0 -ffunction-sections -fdata-sections -Wall -fstack-usage -fcyclomatic-complexity -MMD -MP -MF"Middlewares/Third_Party/OpenAMP/virtio.d" -MT"Middlewares/Third_Party/OpenAMP/virtio.o" --specs=nano.specs -mfpu=fpv4-sp-d16 -mfloat-abi=hard -mthumb -o "Middlewares/Third_Party/OpenAMP/virtio.o"
arm-none-eabi-gcc "/home/danb127/Brake-System-Tester/BSTInputTesting/Middlewares/Third_Party/OpenAMP/open-amp/lib/virtio/virtqueue.c" -mcpu=cortex-m4 -std=gnu11 -g3 -DDEBUG -DCORE_CM4 -DNO_ATOMIC_64_SUPPORT -DMETAL_INTERNAL -DMETAL_MAX_DEVICE_REGIONS=2 -DVIRTIO_SLAVE_ONLY -DUSE_HAL_DRIVER -DSTM32MP157Fxx -c -I../OPENAMP -I../Core/Inc -I../../Middlewares/Third_Party/OpenAMP/open-amp/lib/include -I../../Middlewares/Third_Party/OpenAMP/libmetal/lib/include -I../../Drivers/STM32MP1xx_HAL_Driver/Inc -I../../Drivers/STM32MP1xx_HAL_Driver/Inc/Legacy -I../../Drivers/CMSIS/Device/ST/STM32MP1xx/Include -I../../Middlewares/Third_Party/OpenAMP/virtual_driver -I../../Drivers/CMSIS/Include -O0 -ffunction-sections -fdata-sections -Wall -fstack-usage -fcyclomatic-complexity -MMD -MP -MF"Middlewares/Third_Party/OpenAMP/virtqueue.d" -MT"Middlewares/Third_Party/OpenAMP/virtqueue.o" --specs=nano.specs -mfpu=fpv4-sp-d16 -mfloat-abi=hard -mthumb -o "Middlewares/Third_Party/OpenAMP/virtqueue.o"
arm-none-eabi-gcc "../Drivers/STM32MP1xx_HAL_Driver/Src/stm32mp1xx_hal.c" -mcpu=cortex-m4 -std=gnu11 -g3 -DDEBUG -DCORE_CM4 -DNO_ATOMIC_64_SUPPORT -DMETAL_INTERNAL -DMETAL_MAX_DEVICE_REGIONS=2 -DVIRTIO_SLAVE_ONLY -DUSE_HAL_DRIVER -DSTM32MP157Fxx -c -I../OPENAMP -I../Core/Inc -I../../Middlewares/Third_Party/OpenAMP/open-amp/lib/include -I../../Middlewares/Third_Party/OpenAMP/libmetal/lib/include -I../../Drivers/STM32MP1xx_HAL_Driver/Inc -I../../Drivers/STM32MP1xx_HAL_Driver/Inc/Legacy -I../../Drivers/CMSIS/Device/ST/STM32MP1xx/Include -I../../Middlewares/Third_Party/OpenAMP/virtual_driver -I../../Drivers/CMSIS/Include -O0 -ffunction-sections -fdata-sections -Wall -fstack-usage -fcyclomatic-complexity -MMD -MP -MF"Drivers/STM32MP1xx_HAL_Driver/Src/stm32mp1xx_hal.d" -MT"Drivers/STM32MP1xx_HAL_Driver/Src/stm32mp1xx_hal.o" --specs=nano.specs -mfpu=fpv4-sp-d16 -mfloat-abi=hard -mthumb -o "Drivers/STM32MP1xx_HAL_Driver/Src/stm32mp1xx_hal.o"
arm-none-eabi-gcc "../Drivers/STM32MP1xx_HAL_Driver/Src/stm32mp1xx_hal_adc.c" -mcpu=cortex-m4 -std=gnu11 -g3 -DDEBUG -DCORE_CM4 -DNO_ATOMIC_64_SUPPORT -DMETAL_INTERNAL -DMETAL_MAX_DEVICE_REGIONS=2 -DVIRTIO_SLAVE_ONLY -DUSE_HAL_DRIVER -DSTM32MP157Fxx -c -I../OPENAMP -I../Core/Inc -I../../Middlewares/Third_Party/OpenAMP/open-amp/lib/include -I../../Middlewares/Third_Party/OpenAMP/libmetal/lib/include -I../../Drivers/STM32MP1xx_HAL_Driver/Inc -I../../Drivers/STM32MP1xx_HAL_Driver/Inc/Legacy -I../../Drivers/CMSIS/Device/ST/STM32MP1xx/Include -I../../Middlewares/Third_Party/OpenAMP/virtual_driver -I../../Drivers/CMSIS/Include -O0 -ffunction-sections -fdata-sections -Wall -fstack-usage -fcyclomatic-complexity -MMD -MP -MF"Drivers/STM32MP1xx_HAL_Driver/Src/stm32mp1xx_hal_adc.d" -MT"Drivers/STM32MP1xx_HAL_Driver/Src/stm32mp1xx_hal_adc.o" --specs=nano.specs -mfpu=fpv4-sp-d16 -mfloat-abi=hard -mthumb -o "Drivers/STM32MP1xx_HAL_Driver/Src/stm32mp1xx_hal_adc.o"
arm-none-eabi-gcc "../Drivers/STM32MP1xx_HAL_Driver/Src/stm32mp1xx_hal_adc_ex.c" -mcpu=cortex-m4 -std=gnu11 -g3 -DDEBUG -DCORE_CM4 -DNO_ATOMIC_64_SUPPORT -DMETAL_INTERNAL -DMETAL_MAX_DEVICE_REGIONS=2 -DVIRTIO_SLAVE_ONLY -DUSE_HAL_DRIVER -DSTM32MP157Fxx -c -I../OPENAMP -I../Core/Inc -I../../Middlewares/Third_Party/OpenAMP/open-amp/lib/include -I../../Middlewares/Third_Party/OpenAMP/libmetal/lib/include -I../../Drivers/STM32MP1xx_HAL_Driver/Inc -I../../Drivers/STM32MP1xx_HAL_Driver/Inc/Legacy -I../../Drivers/CMSIS/Device/ST/STM32MP1xx/Include -I../../Middlewares/Third_Party/OpenAMP/virtual_driver -I../../Drivers/CMSIS/Include -O0 -ffunction-sections -fdata-sections -Wall -fstack-usage -fcyclomatic-complexity -MMD -MP -MF"Drivers/STM32MP1xx_HAL_Driver/Src/stm32mp1xx_hal_adc_ex.d" -MT"Drivers/STM32MP1xx_HAL_Driver/Src/stm32mp1xx_hal_adc_ex.o" --specs=nano.specs -mfpu=fpv4-sp-d16 -mfloat-abi=hard -mthumb -o "Drivers/STM32MP1xx_HAL_Driver/Src/stm32mp1xx_hal_adc_ex.o"
arm-none-eabi-gcc "../Drivers/STM32MP1xx_HAL_Driver/Src/stm32mp1xx_hal_cortex.c" -mcpu=cortex-m4 -std=gnu11 -g3 -DDEBUG -DCORE_CM4 -DNO_ATOMIC_64_SUPPORT -DMETAL_INTERNAL -DMETAL_MAX_DEVICE_REGIONS=2 -DVIRTIO_SLAVE_ONLY -DUSE_HAL_DRIVER -DSTM32MP157Fxx -c -I../OPENAMP -I../Core/Inc -I../../Middlewares/Third_Party/OpenAMP/open-amp/lib/include -I../../Middlewares/Third_Party/OpenAMP/libmetal/lib/include -I../../Drivers/STM32MP1xx_HAL_Driver/Inc -I../../Drivers/STM32MP1xx_HAL_Driver/Inc/Legacy -I../../Drivers/CMSIS/Device/ST/STM32MP1xx/Include -I../../Middlewares/Third_Party/OpenAMP/virtual_driver -I../../Drivers/CMSIS/Include -O0 -ffunction-sections -fdata-sections -Wall -fstack-usage -fcyclomatic-complexity -MMD -MP -MF"Drivers/STM32MP1xx_HAL_Driver/Src/stm32mp1xx_hal_cortex.d" -MT"Drivers/STM32MP1xx_HAL_Driver/Src/stm32mp1xx_hal_cortex.o" --specs=nano.specs -mfpu=fpv4-sp-d16 -mfloat-abi=hard -mthumb -o "Drivers/STM32MP1xx_HAL_Driver/Src/stm32mp1xx_hal_cortex.o"
arm-none-eabi-gcc "../Drivers/STM32MP1xx_HAL_Driver/Src/stm32mp1xx_hal_dma.c" -mcpu=cortex-m4 -std=gnu11 -g3 -DDEBUG -DCORE_CM4 -DNO_ATOMIC_64_SUPPORT -DMETAL_INTERNAL -DMETAL_MAX_DEVICE_REGIONS=2 -DVIRTIO_SLAVE_ONLY -DUSE_HAL_DRIVER -DSTM32MP157Fxx -c -I../OPENAMP -I../Core/Inc -I../../Middlewares/Third_Party/OpenAMP/open-amp/lib/include -I../../Middlewares/Third_Party/OpenAMP/libmetal/lib/include -I../../Drivers/STM32MP1xx_HAL_Driver/Inc -I../../Drivers/STM32MP1xx_HAL_Driver/Inc/Legacy -I../../Drivers/CMSIS/Device/ST/STM32MP1xx/Include -I../../Middlewares/Third_Party/OpenAMP/virtual_driver -I../../Drivers/CMSIS/Include -O0 -ffunction-sections -fdata-sections -Wall -fstack-usage -fcyclomatic-complexity -MMD -MP -MF"Drivers/STM32MP1xx_HAL_Driver/Src/stm32mp1xx_hal_dma.d" -MT"Drivers/STM32MP1xx_HAL_Driver/Src/stm32mp1xx_hal_dma.o" --specs=nano.specs -mfpu=fpv4-sp-d16 -mfloat-abi=hard -mthumb -o "Drivers/STM32MP1xx_HAL_Driver/Src/stm32mp1xx_hal_dma.o"
arm-none-eabi-gcc "../Drivers/STM32MP1xx_HAL_Driver/Src/stm32mp1xx_hal_dma_ex.c" -mcpu=cortex-m4 -std=gnu11 -g3 -DDEBUG -DCORE_CM4 -DNO_ATOMIC_64_SUPPORT -DMETAL_INTERNAL -DMETAL_MAX_DEVICE_REGIONS=2 -DVIRTIO_SLAVE_ONLY -DUSE_HAL_DRIVER -DSTM32MP157Fxx -c -I../OPENAMP -I../Core/Inc -I../../Middlewares/Third_Party/OpenAMP/open-amp/lib/include -I../../Middlewares/Third_Party/OpenAMP/libmetal/lib/include -I../../Drivers/STM32MP1xx_HAL_Driver/Inc -I../../Drivers/STM32MP1xx_HAL_Driver/Inc/Legacy -I../../Drivers/CMSIS/Device/ST/STM32MP1xx/Include -I../../Middlewares/Third_Party/OpenAMP/virtual_driver -I../../Drivers/CMSIS/Include -O0 -ffunction-sections -fdata-sections -Wall -fstack-usage -fcyclomatic-complexity -MMD -MP -MF"Drivers/STM32MP1xx_HAL_Driver/Src/stm32mp1xx_hal_dma_ex.d" -MT"Drivers/STM32MP1xx_HAL_Driver/Src/stm32mp1xx_hal_dma_ex.o" --specs=nano.specs -mfpu=fpv4-sp-d16 -mfloat-abi=hard -mthumb -o "Drivers/STM32MP1xx_HAL_Driver/Src/stm32mp1xx_hal_dma_ex.o"
arm-none-eabi-gcc "../Drivers/STM32MP1xx_HAL_Driver/Src/stm32mp1xx_hal_exti.c" -mcpu=cortex-m4 -std=gnu11 -g3 -DDEBUG -DCORE_CM4 -DNO_ATOMIC_64_SUPPORT -DMETAL_INTERNAL -DMETAL_MAX_DEVICE_REGIONS=2 -DVIRTIO_SLAVE_ONLY -DUSE_HAL_DRIVER -DSTM32MP157Fxx -c -I../OPENAMP -I../Core/Inc -I../../Middlewares/Third_Party/OpenAMP/open-amp/lib/include -I../../Middlewares/Third_Party/OpenAMP/libmetal/lib/include -I../../Drivers/STM32MP1xx_HAL_Driver/Inc -I../../Drivers/STM32MP1xx_HAL_Driver/Inc/Legacy -I../../Drivers/CMSIS/Device/ST/STM32MP1xx/Include -I../../Middlewares/Third_Party/OpenAMP/virtual_driver -I../../Drivers/CMSIS/Include -O0 -ffunction-sections -fdata-sections -Wall -fstack-usage -fcyclomatic-complexity -MMD -MP -MF"Drivers/STM32MP1xx_HAL_Driver/Src/stm32mp1xx_hal_exti.d" -MT"Drivers/STM32MP1xx_HAL_Driver/Src/stm32mp1xx_hal_exti.o" --specs=nano.specs -mfpu=fpv4-sp-d16 -mfloat-abi=hard -mthumb -o "Drivers/STM32MP1xx_HAL_Driver/Src/stm32mp1xx_hal_exti.o"
arm-none-eabi-gcc "../Drivers/STM32MP1xx_HAL_Driver/Src/stm32mp1xx_hal_gpio.c" -mcpu=cortex-m4 -std=gnu11 -g3 -DDEBUG -DCORE_CM4 -DNO_ATOMIC_64_SUPPORT -DMETAL_INTERNAL -DMETAL_MAX_DEVICE_REGIONS=2 -DVIRTIO_SLAVE_ONLY -DUSE_HAL_DRIVER -DSTM32MP157Fxx -c -I../OPENAMP -I../Core/Inc -I../../Middlewares/Third_Party/OpenAMP/open-amp/lib/include -I../../Middlewares/Third_Party/OpenAMP/libmetal/lib/include -I../../Drivers/STM32MP1xx_HAL_Driver/Inc -I../../Drivers/STM32MP1xx_HAL_Driver/Inc/Legacy -I../../Drivers/CMSIS/Device/ST/STM32MP1xx/Include -I../../Middlewares/Third_Party/OpenAMP/virtual_driver -I../../Drivers/CMSIS/Include -O0 -ffunction-sections -fdata-sections -Wall -fstack-usage -fcyclomatic-complexity -MMD -MP -MF"Drivers/STM32MP1xx_HAL_Driver/Src/stm32mp1xx_hal_gpio.d" -MT"Drivers/STM32MP1xx_HAL_Driver/Src/stm32mp1xx_hal_gpio.o" --specs=nano.specs -mfpu=fpv4-sp-d16 -mfloat-abi=hard -mthumb -o "Drivers/STM32MP1xx_HAL_Driver/Src/stm32mp1xx_hal_gpio.o"
arm-none-eabi-gcc "../Drivers/STM32MP1xx_HAL_Driver/Src/stm32mp1xx_hal_hsem.c" -mcpu=cortex-m4 -std=gnu11 -g3 -DDEBUG -DCORE_CM4 -DNO_ATOMIC_64_SUPPORT -DMETAL_INTERNAL -DMETAL_MAX_DEVICE_REGIONS=2 -DVIRTIO_SLAVE_ONLY -DUSE_HAL_DRIVER -DSTM32MP157Fxx -c -I../OPENAMP -I../Core/Inc -I../../Middlewares/Third_Party/OpenAMP/open-amp/lib/include -I../../Middlewares/Third_Party/OpenAMP/libmetal/lib/include -I../../Drivers/STM32MP1xx_HAL_Driver/Inc -I../../Drivers/STM32MP1xx_HAL_Driver/Inc/Legacy -I../../Drivers/CMSIS/Device/ST/STM32MP1xx/Include -I../../Middlewares/Third_Party/OpenAMP/virtual_driver -I../../Drivers/CMSIS/Include -O0 -ffunction-sections -fdata-sections -Wall -fstack-usage -fcyclomatic-complexity -MMD -MP -MF"Drivers/STM32MP1xx_HAL_Driver/Src/stm32mp1xx_hal_hsem.d" -MT"Drivers/STM32MP1xx_HAL_Driver/Src/stm32mp1xx_hal_hsem.o" --specs=nano.specs -mfpu=fpv4-sp-d16 -mfloat-abi=hard -mthumb -o "Drivers/STM32MP1xx_HAL_Driver/Src/stm32mp1xx_hal_hsem.o"
arm-none-eabi-gcc "../Drivers/STM32MP1xx_HAL_Driver/Src/stm32mp1xx_hal_ipcc.c" -mcpu=cortex-m4 -std=gnu11 -g3 -DDEBUG -DCORE_CM4 -DNO_ATOMIC_64_SUPPORT -DMETAL_INTERNAL -DMETAL_MAX_DEVICE_REGIONS=2 -DVIRTIO_SLAVE_ONLY -DUSE_HAL_DRIVER -DSTM32MP157Fxx -c -I../OPENAMP -I../Core/Inc -I../../Middlewares/Third_Party/OpenAMP/open-amp/lib/include -I../../Middlewares/Third_Party/OpenAMP/libmetal/lib/include -I../../Drivers/STM32MP1xx_HAL_Driver/Inc -I../../Drivers/STM32MP1xx_HAL_Driver/Inc/Legacy -I../../Drivers/CMSIS/Device/ST/STM32MP1xx/Include -I../../Middlewares/Third_Party/OpenAMP/virtual_driver -I../../Drivers/CMSIS/Include -O0 -ffunction-sections -fdata-sections -Wall -fstack-usage -fcyclomatic-complexity -MMD -MP -MF"Drivers/STM32MP1xx_HAL_Driver/Src/stm32mp1xx_hal_ipcc.d" -MT"Drivers/STM32MP1xx_HAL_Driver/Src/stm32mp1xx_hal_ipcc.o" --specs=nano.specs -mfpu=fpv4-sp-d16 -mfloat-abi=hard -mthumb -o "Drivers/STM32MP1xx_HAL_Driver/Src/stm32mp1xx_hal_ipcc.o"
arm-none-eabi-gcc "../Drivers/STM32MP1xx_HAL_Driver/Src/stm32mp1xx_hal_mdma.c" -mcpu=cortex-m4 -std=gnu11 -g3 -DDEBUG -DCORE_CM4 -DNO_ATOMIC_64_SUPPORT -DMETAL_INTERNAL -DMETAL_MAX_DEVICE_REGIONS=2 -DVIRTIO_SLAVE_ONLY -DUSE_HAL_DRIVER -DSTM32MP157Fxx -c -I../OPENAMP -I../Core/Inc -I../../Middlewares/Third_Party/OpenAMP/open-amp/lib/include -I../../Middlewares/Third_Party/OpenAMP/libmetal/lib/include -I../../Drivers/STM32MP1xx_HAL_Driver/Inc -I../../Drivers/STM32MP1xx_HAL_Driver/Inc/Legacy -I../../Drivers/CMSIS/Device/ST/STM32MP1xx/Include -I../../Middlewares/Third_Party/OpenAMP/virtual_driver -I../../Drivers/CMSIS/Include -O0 -ffunction-sections -fdata-sections -Wall -fstack-usage -fcyclomatic-complexity -MMD -MP -MF"Drivers/STM32MP1xx_HAL_Driver/Src/stm32mp1xx_hal_mdma.d" -MT"Drivers/STM32MP1xx_HAL_Driver/Src/stm32mp1xx_hal_mdma.o" --specs=nano.specs -mfpu=fpv4-sp-d16 -mfloat-abi=hard -mthumb -o "Drivers/STM32MP1xx_HAL_Driver/Src/stm32mp1xx_hal_mdma.o"
arm-none-eabi-gcc "../Drivers/STM32MP1xx_HAL_Driver/Src/stm32mp1xx_hal_pwr.c" -mcpu=cortex-m4 -std=gnu11 -g3 -DDEBUG -DCORE_CM4 -DNO_ATOMIC_64_SUPPORT -DMETAL_INTERNAL -DMETAL_MAX_DEVICE_REGIONS=2 -DVIRTIO_SLAVE_ONLY -DUSE_HAL_DRIVER -DSTM32MP157Fxx -c -I../OPENAMP -I../Core/Inc -I../../Middlewares/Third_Party/OpenAMP/open-amp/lib/include -I../../Middlewares/Third_Party/OpenAMP/libmetal/lib/include -I../../Drivers/STM32MP1xx_HAL_Driver/Inc -I../../Drivers/STM32MP1xx_HAL_Driver/Inc/Legacy -I../../Drivers/CMSIS/Device/ST/STM32MP1xx/Include -I../../Middlewares/Third_Party/OpenAMP/virtual_driver -I../../Drivers/CMSIS/Include -O0 -ffunction-sections -fdata-sections -Wall -fstack-usage -fcyclomatic-complexity -MMD -MP -MF"Drivers/STM32MP1xx_HAL_Driver/Src/stm32mp1xx_hal_pwr.d" -MT"Drivers/STM32MP1xx_HAL_Driver/Src/stm32mp1xx_hal_pwr.o" --specs=nano.specs -mfpu=fpv4-sp-d16 -mfloat-abi=hard -mthumb -o "Drivers/STM32MP1xx_HAL_Driver/Src/stm32mp1xx_hal_pwr.o"
arm-none-eabi-gcc "../Drivers/STM32MP1xx_HAL_Driver/Src/stm32mp1xx_hal_pwr_ex.c" -mcpu=cortex-m4 -std=gnu11 -g3 -DDEBUG -DCORE_CM4 -DNO_ATOMIC_64_SUPPORT -DMETAL_INTERNAL -DMETAL_MAX_DEVICE_REGIONS=2 -DVIRTIO_SLAVE_ONLY -DUSE_HAL_DRIVER -DSTM32MP157Fxx -c -I../OPENAMP -I../Core/Inc -I../../Middlewares/Third_Party/OpenAMP/open-amp/lib/include -I../../Middlewares/Third_Party/OpenAMP/libmetal/lib/include -I../../Drivers/STM32MP1xx_HAL_Driver/Inc -I../../Drivers/STM32MP1xx_HAL_Driver/Inc/Legacy -I../../Drivers/CMSIS/Device/ST/STM32MP1xx/Include -I../../Middlewares/Third_Party/OpenAMP/virtual_driver -I../../Drivers/CMSIS/Include -O0 -ffunction-sections -fdata-sections -Wall -fstack-usage -fcyclomatic-complexity -MMD -MP -MF"Drivers/STM32MP1xx_HAL_Driver/Src/stm32mp1xx_hal_pwr_ex.d" -MT"Drivers/STM32MP1xx_HAL_Driver/Src/stm32mp1xx_hal_pwr_ex.o" --specs=nano.specs -mfpu=fpv4-sp-d16 -mfloat-abi=hard -mthumb -o "Drivers/STM32MP1xx_HAL_Driver/Src/stm32mp1xx_hal_pwr_ex.o"
arm-none-eabi-gcc "../Drivers/STM32MP1xx_HAL_Driver/Src/stm32mp1xx_hal_rcc.c" -mcpu=cortex-m4 -std=gnu11 -g3 -DDEBUG -DCORE_CM4 -DNO_ATOMIC_64_SUPPORT -DMETAL_INTERNAL -DMETAL_MAX_DEVICE_REGIONS=2 -DVIRTIO_SLAVE_ONLY -DUSE_HAL_DRIVER -DSTM32MP157Fxx -c -I../OPENAMP -I../Core/Inc -I../../Middlewares/Third_Party/OpenAMP/open-amp/lib/include -I../../Middlewares/Third_Party/OpenAMP/libmetal/lib/include -I../../Drivers/STM32MP1xx_HAL_Driver/Inc -I../../Drivers/STM32MP1xx_HAL_Driver/Inc/Legacy -I../../Drivers/CMSIS/Device/ST/STM32MP1xx/Include -I../../Middlewares/Third_Party/OpenAMP/virtual_driver -I../../Drivers/CMSIS/Include -O0 -ffunction-sections -fdata-sections -Wall -fstack-usage -fcyclomatic-complexity -MMD -MP -MF"Drivers/STM32MP1xx_HAL_Driver/Src/stm32mp1xx_hal_rcc.d" -MT"Drivers/STM32MP1xx_HAL_Driver/Src/stm32mp1xx_hal_rcc.o" --specs=nano.specs -mfpu=fpv4-sp-d16 -mfloat-abi=hard -mthumb -o "Drivers/STM32MP1xx_HAL_Driver/Src/stm32mp1xx_hal_rcc.o"
arm-none-eabi-gcc "../Drivers/STM32MP1xx_HAL_Driver/Src/stm32mp1xx_hal_rcc_ex.c" -mcpu=cortex-m4 -std=gnu11 -g3 -DDEBUG -DCORE_CM4 -DNO_ATOMIC_64_SUPPORT -DMETAL_INTERNAL -DMETAL_MAX_DEVICE_REGIONS=2 -DVIRTIO_SLAVE_ONLY -DUSE_HAL_DRIVER -DSTM32MP157Fxx -c -I../OPENAMP -I../Core/Inc -I../../Middlewares/Third_Party/OpenAMP/open-amp/lib/include -I../../Middlewares/Third_Party/OpenAMP/libmetal/lib/include -I../../Drivers/STM32MP1xx_HAL_Driver/Inc -I../../Drivers/STM32MP1xx_HAL_Driver/Inc/Legacy -I../../Drivers/CMSIS/Device/ST/STM32MP1xx/Include -I../../Middlewares/Third_Party/OpenAMP/virtual_driver -I../../Drivers/CMSIS/Include -O0 -ffunction-sections -fdata-sections -Wall -fstack-usage -fcyclomatic-complexity -MMD -MP -MF"Drivers/STM32MP1xx_HAL_Driver/Src/stm32mp1xx_hal_rcc_ex.d" -MT"Drivers/STM32MP1xx_HAL_Driver/Src/stm32mp1xx_hal_rcc_ex.o" --specs=nano.specs -mfpu=fpv4-sp-d16 -mfloat-abi=hard -mthumb -o "Drivers/STM32MP1xx_HAL_Driver/Src/stm32mp1xx_hal_rcc_ex.o"
arm-none-eabi-gcc "../Drivers/STM32MP1xx_HAL_Driver/Src/stm32mp1xx_hal_tim.c" -mcpu=cortex-m4 -std=gnu11 -g3 -DDEBUG -DCORE_CM4 -DNO_ATOMIC_64_SUPPORT -DMETAL_INTERNAL -DMETAL_MAX_DEVICE_REGIONS=2 -DVIRTIO_SLAVE_ONLY -DUSE_HAL_DRIVER -DSTM32MP157Fxx -c -I../OPENAMP -I../Core/Inc -I../../Middlewares/Third_Party/OpenAMP/open-amp/lib/include -I../../Middlewares/Third_Party/OpenAMP/libmetal/lib/include -I../../Drivers/STM32MP1xx_HAL_Driver/Inc -I../../Drivers/STM32MP1xx_HAL_Driver/Inc/Legacy -I../../Drivers/CMSIS/Device/ST/STM32MP1xx/Include -I../../Middlewares/Third_Party/OpenAMP/virtual_driver -I../../Drivers/CMSIS/Include -O0 -ffunction-sections -fdata-sections -Wall -fstack-usage -fcyclomatic-complexity -MMD -MP -MF"Drivers/STM32MP1xx_HAL_Driver/Src/stm32mp1xx_hal_tim.d" -MT"Drivers/STM32MP1xx_HAL_Driver/Src/stm32mp1xx_hal_tim.o" --specs=nano.specs -mfpu=fpv4-sp-d16 -mfloat-abi=hard -mthumb -o "Drivers/STM32MP1xx_HAL_Driver/Src/stm32mp1xx_hal_tim.o"
arm-none-eabi-gcc "../Drivers/STM32MP1xx_HAL_Driver/Src/stm32mp1xx_hal_tim_ex.c" -mcpu=cortex-m4 -std=gnu11 -g3 -DDEBUG -DCORE_CM4 -DNO_ATOMIC_64_SUPPORT -DMETAL_INTERNAL -DMETAL_MAX_DEVICE_REGIONS=2 -DVIRTIO_SLAVE_ONLY -DUSE_HAL_DRIVER -DSTM32MP157Fxx -c -I../OPENAMP -I../Core/Inc -I../../Middlewares/Third_Party/OpenAMP/open-amp/lib/include -I../../Middlewares/Third_Party/OpenAMP/libmetal/lib/include -I../../Drivers/STM32MP1xx_HAL_Driver/Inc -I../../Drivers/STM32MP1xx_HAL_Driver/Inc/Legacy -I../../Drivers/CMSIS/Device/ST/STM32MP1xx/Include -I../../Middlewares/Third_Party/OpenAMP/virtual_driver -I../../Drivers/CMSIS/Include -O0 -ffunction-sections -fdata-sections -Wall -fstack-usage -fcyclomatic-complexity -MMD -MP -MF"Drivers/STM32MP1xx_HAL_Driver/Src/stm32mp1xx_hal_tim_ex.d" -MT"Drivers/STM32MP1xx_HAL_Driver/Src/stm32mp1xx_hal_tim_ex.o" --specs=nano.specs -mfpu=fpv4-sp-d16 -mfloat-abi=hard -mthumb -o "Drivers/STM32MP1xx_HAL_Driver/Src/stm32mp1xx_hal_tim_ex.o"
arm-none-eabi-gcc "../Drivers/STM32MP1xx_HAL_Driver/Src/stm32mp1xx_ll_adc.c" -mcpu=cortex-m4 -std=gnu11 -g3 -DDEBUG -DCORE_CM4 -DNO_ATOMIC_64_SUPPORT -DMETAL_INTERNAL -DMETAL_MAX_DEVICE_REGIONS=2 -DVIRTIO_SLAVE_ONLY -DUSE_HAL_DRIVER -DSTM32MP157Fxx -c -I../OPENAMP -I../Core/Inc -I../../Middlewares/Third_Party/OpenAMP/open-amp/lib/include -I../../Middlewares/Third_Party/OpenAMP/libmetal/lib/include -I../../Drivers/STM32MP1xx_HAL_Driver/Inc -I../../Drivers/STM32MP1xx_HAL_Driver/Inc/Legacy -I../../Drivers/CMSIS/Device/ST/STM32MP1xx/Include -I../../Middlewares/Third_Party/OpenAMP/virtual_driver -I../../Drivers/CMSIS/Include -O0 -ffunction-sections -fdata-sections -Wall -fstack-usage -fcyclomatic-complexity -MMD -MP -MF"Drivers/STM32MP1xx_HAL_Driver/Src/stm32mp1xx_ll_adc.d" -MT"Drivers/STM32MP1xx_HAL_Driver/Src/stm32mp1xx_ll_adc.o" --specs=nano.specs -mfpu=fpv4-sp-d16 -mfloat-abi=hard -mthumb -o "Drivers/STM32MP1xx_HAL_Driver/Src/stm32mp1xx_ll_adc.o"
arm-none-eabi-gcc -mcpu=cortex-m4 -g3 -DDEBUG -c -x assembler-with-cpp -MMD -MP -MF"Core/Startup/startup_stm32mp157facx.d" -MT"Core/Startup/startup_stm32mp157facx.o" --specs=nano.specs -mfpu=fpv4-sp-d16 -mfloat-abi=hard -mthumb -o "Core/Startup/startup_stm32mp157facx.o" "../Core/Startup/startup_stm32mp157facx.s"
arm-none-eabi-gcc "../Core/Src/main.c" -mcpu=cortex-m4 -std=gnu11 -g3 -DDEBUG -DCORE_CM4 -DNO_ATOMIC_64_SUPPORT -DMETAL_INTERNAL -DMETAL_MAX_DEVICE_REGIONS=2 -DVIRTIO_SLAVE_ONLY -DUSE_HAL_DRIVER -DSTM32MP157Fxx -c -I../OPENAMP -I../Core/Inc -I../../Middlewares/Third_Party/OpenAMP/open-amp/lib/include -I../../Middlewares/Third_Party/OpenAMP/libmetal/lib/include -I../../Drivers/STM32MP1xx_HAL_Driver/Inc -I../../Drivers/STM32MP1xx_HAL_Driver/Inc/Legacy -I../../Drivers/CMSIS/Device/ST/STM32MP1xx/Include -I../../Middlewares/Third_Party/OpenAMP/virtual_driver -I../../Drivers/CMSIS/Include -O0 -ffunction-sections -fdata-sections -Wall -fstack-usage -fcyclomatic-complexity -MMD -MP -MF"Core/Src/main.d" -MT"Core/Src/main.o" --specs=nano.specs -mfpu=fpv4-sp-d16 -mfloat-abi=hard -mthumb -o "Core/Src/main.o"
arm-none-eabi-gcc "../Core/Src/stm32mp1xx_hal_msp.c" -mcpu=cortex-m4 -std=gnu11 -g3 -DDEBUG -DCORE_CM4 -DNO_ATOMIC_64_SUPPORT -DMETAL_INTERNAL -DMETAL_MAX_DEVICE_REGIONS=2 -DVIRTIO_SLAVE_ONLY -DUSE_HAL_DRIVER -DSTM32MP157Fxx -c -I../OPENAMP -I../Core/Inc -I../../Middlewares/Third_Party/OpenAMP/open-amp/lib/include -I../../Middlewares/Third_Party/OpenAMP/libmetal/lib/include -I../../Drivers/STM32MP1xx_HAL_Driver/Inc -I../../Drivers/STM32MP1xx_HAL_Driver/Inc/Legacy -I../../Drivers/CMSIS/Device/ST/STM32MP1xx/Include -I../../Middlewares/Third_Party/OpenAMP/virtual_driver -I../../Drivers/CMSIS/Include -O0 -ffunction-sections -fdata-sections -Wall -fstack-usage -fcyclomatic-complexity -MMD -MP -MF"Core/Src/stm32mp1xx_hal_msp.d" -MT"Core/Src/stm32mp1xx_hal_msp.o" --specs=nano.specs -mfpu=fpv4-sp-d16 -mfloat-abi=hard -mthumb -o "Core/Src/stm32mp1xx_hal_msp.o"
arm-none-eabi-gcc "../Core/Src/stm32mp1xx_it.c" -mcpu=cortex-m4 -std=gnu11 -g3 -DDEBUG -DCORE_CM4 -DNO_ATOMIC_64_SUPPORT -DMETAL_INTERNAL -DMETAL_MAX_DEVICE_REGIONS=2 -DVIRTIO_SLAVE_ONLY -DUSE_HAL_DRIVER -DSTM32MP157Fxx -c -I../OPENAMP -I../Core/Inc -I../../Middlewares/Third_Party/OpenAMP/open-amp/lib/include -I../../Middlewares/Third_Party/OpenAMP/libmetal/lib/include -I../../Drivers/STM32MP1xx_HAL_Driver/Inc -I../../Drivers/STM32MP1xx_HAL_Driver/Inc/Legacy -I../../Drivers/CMSIS/Device/ST/STM32MP1xx/Include -I../../Middlewares/Third_Party/OpenAMP/virtual_driver -I../../Drivers/CMSIS/Include -O0 -ffunction-sections -fdata-sections -Wall -fstack-usage -fcyclomatic-complexity -MMD -MP -MF"Core/Src/stm32mp1xx_it.d" -MT"Core/Src/stm32mp1xx_it.o" --specs=nano.specs -mfpu=fpv4-sp-d16 -mfloat-abi=hard -mthumb -o "Core/Src/stm32mp1xx_it.o"
arm-none-eabi-gcc "../Core/Src/syscalls.c" -mcpu=cortex-m4 -std=gnu11 -g3 -DDEBUG -DCORE_CM4 -DNO_ATOMIC_64_SUPPORT -DMETAL_INTERNAL -DMETAL_MAX_DEVICE_REGIONS=2 -DVIRTIO_SLAVE_ONLY -DUSE_HAL_DRIVER -DSTM32MP157Fxx -c -I../OPENAMP -I../Core/Inc -I../../Middlewares/Third_Party/OpenAMP/open-amp/lib/include -I../../Middlewares/Third_Party/OpenAMP/libmetal/lib/include -I../../Drivers/STM32MP1xx_HAL_Driver/Inc -I../../Drivers/STM32MP1xx_HAL_Driver/Inc/Legacy -I../../Drivers/CMSIS/Device/ST/STM32MP1xx/Include -I../../Middlewares/Third_Party/OpenAMP/virtual_driver -I../../Drivers/CMSIS/Include -O0 -ffunction-sections -fdata-sections -Wall -fstack-usage -fcyclomatic-complexity -MMD -MP -MF"Core/Src/syscalls.d" -MT"Core/Src/syscalls.o" --specs=nano.specs -mfpu=fpv4-sp-d16 -mfloat-abi=hard -mthumb -o "Core/Src/syscalls.o"
arm-none-eabi-gcc "../Core/Src/sysmem.c" -mcpu=cortex-m4 -std=gnu11 -g3 -DDEBUG -DCORE_CM4 -DNO_ATOMIC_64_SUPPORT -DMETAL_INTERNAL -DMETAL_MAX_DEVICE_REGIONS=2 -DVIRTIO_SLAVE_ONLY -DUSE_HAL_DRIVER -DSTM32MP157Fxx -c -I../OPENAMP -I../Core/Inc -I../../Middlewares/Third_Party/OpenAMP/open-amp/lib/include -I../../Middlewares/Third_Party/OpenAMP/libmetal/lib/include -I../../Drivers/STM32MP1xx_HAL_Driver/Inc -I../../Drivers/STM32MP1xx_HAL_Driver/Inc/Legacy -I../../Drivers/CMSIS/Device/ST/STM32MP1xx/Include -I../../Middlewares/Third_Party/OpenAMP/virtual_driver -I../../Drivers/CMSIS/Include -O0 -ffunction-sections -fdata-sections -Wall -fstack-usage -fcyclomatic-complexity -MMD -MP -MF"Core/Src/sysmem.d" -MT"Core/Src/sysmem.o" --specs=nano.specs -mfpu=fpv4-sp-d16 -mfloat-abi=hard -mthumb -o "Core/Src/sysmem.o"
arm-none-eabi-gcc "/home/danb127/Brake-System-Tester/BSTInputTesting/Common/System/system_stm32mp1xx.c" -mcpu=cortex-m4 -std=gnu11 -g3 -DDEBUG -DCORE_CM4 -DNO_ATOMIC_64_SUPPORT -DMETAL_INTERNAL -DMETAL_MAX_DEVICE_REGIONS=2 -DVIRTIO_SLAVE_ONLY -DUSE_HAL_DRIVER -DSTM32MP157Fxx -c -I../OPENAMP -I../Core/Inc -I../../Middlewares/Third_Party/OpenAMP/open-amp/lib/include -I../../Middlewares/Third_Party/OpenAMP/libmetal/lib/include -I../../Drivers/STM32MP1xx_HAL_Driver/Inc -I../../Drivers/STM32MP1xx_HAL_Driver/Inc/Legacy -I../../Drivers/CMSIS/Device/ST/STM32MP1xx/Include -I../../Middlewares/Third_Party/OpenAMP/virtual_driver -I../../Drivers/CMSIS/Include -O0 -ffunction-sections -fdata-sections -Wall -fstack-usage -fcyclomatic-complexity -MMD -MP -MF"Common/System/system_stm32mp1xx.d" -MT"Common/System/system_stm32mp1xx.o" --specs=nano.specs -mfpu=fpv4-sp-d16 -mfloat-abi=hard -mthumb -o "Common/System/system_stm32mp1xx.o"
../Core/Src/main.c: In function 'main':
../Core/Src/main.c:261:23: warning: unused variable 'estimated_stroke' [-Wunused-variable]
  261 |                 float estimated_stroke = estimated_stroke_from_duty_cycles(duty_cycle1, duty_cycle2);
      |                       ^~~~~~~~~~~~~~~~
../Core/Src/main.c: In function 'VIRT_UART0_RxCpltCallback':
../Core/Src/main.c:594:36: warning: passing argument 2 of 'memcpy' makes pointer from integer without a cast [-Wint-conversion]
  594 |     memcpy(VirtUart0ChannelBuffRx, strlen(msg), VirtUart0ChannelRxSize);
      |                                    ^~~~~~~~~~~
      |                                    |
      |                                    size_t {aka unsigned int}
In file included from ../../Middlewares/Third_Party/OpenAMP/open-amp/lib/include/openamp/rpmsg.h:19,
                 from ../../Middlewares/Third_Party/OpenAMP/open-amp/lib/include/openamp/open_amp.h:11,
                 from ../OPENAMP/openamp.h:25,
                 from ../Core/Src/main.c:21:
/opt/stm32cubeide/plugins/com.st.stm32cube.ide.mcu.externaltools.gnu-tools-for-stm32.12.3.rel1.linux64_1.0.200.202406132123/tools/arm-none-eabi/include/string.h:31:36: note: expected 'const void * restrict' but argument is of type 'size_t' {aka 'unsigned int'}
   31 | void *   memcpy (void *__restrict, const void *__restrict, size_t);
arm-none-eabi-gcc -o "BSTInputTesting_CM4.elf" @"objects.list"   -mcpu=cortex-m4 -T"/home/danb127/Brake-System-Tester/BSTInputTesting/CM4/STM32MP157FACX_RAM.ld" --specs=nosys.specs -Wl,-Map="BSTInputTesting_CM4.map" -Wl,--gc-sections -static --specs=nano.specs -mfpu=fpv4-sp-d16 -mfloat-abi=hard -mthumb -Wl,--start-group -lc -lm -Wl,--end-group
Finished building target: BSTInputTesting_CM4.elf
 
arm-none-eabi-size  BSTInputTesting_CM4.elf 
arm-none-eabi-objdump -h -S BSTInputTesting_CM4.elf  > "BSTInputTesting_CM4.list"
   text	   data	    bss	    dec	    hex	filename
  56364	    288	   3044	  59696	   e930	BSTInputTesting_CM4.elf
Finished building: default.size.stdout
 
Finished building: BSTInputTesting_CM4.list
 
16:33:20 **** Incremental Build of configuration Debug for project BSTInputTesting_CM4 ****
make -j8 all 
arm-none-eabi-size  BSTInputTesting_CM4.elf 
   text	   data	    bss	    dec	    hex	filename
  56364	    288	   3044	  59696	   e930	BSTInputTesting_CM4.elf
Finished building: default.size.stdout
 
16:52:42 **** Incremental Build of configuration Debug for project BSTInputTesting_CM4 ****
make -j8 all 
arm-none-eabi-gcc "../Core/Src/main.c" -mcpu=cortex-m4 -std=gnu11 -g3 -DDEBUG -DCORE_CM4 -DNO_ATOMIC_64_SUPPORT -DMETAL_INTERNAL -DMETAL_MAX_DEVICE_REGIONS=2 -DVIRTIO_SLAVE_ONLY -DUSE_HAL_DRIVER -DSTM32MP157Fxx -c -I../OPENAMP -I../Core/Inc -I../../Middlewares/Third_Party/OpenAMP/open-amp/lib/include -I../../Middlewares/Third_Party/OpenAMP/libmetal/lib/include -I../../Drivers/STM32MP1xx_HAL_Driver/Inc -I../../Drivers/STM32MP1xx_HAL_Driver/Inc/Legacy -I../../Drivers/CMSIS/Device/ST/STM32MP1xx/Include -I../../Middlewares/Third_Party/OpenAMP/virtual_driver -I../../Drivers/CMSIS/Include -O0 -ffunction-sections -fdata-sections -Wall -fstack-usage -fcyclomatic-complexity -MMD -MP -MF"Core/Src/main.d" -MT"Core/Src/main.o" --specs=nano.specs -mfpu=fpv4-sp-d16 -mfloat-abi=hard -mthumb -o "Core/Src/main.o"
../Core/Src/main.c: In function 'main':
../Core/Src/main.c:262:23: warning: unused variable 'estimated_stroke' [-Wunused-variable]
  262 |                 float estimated_stroke = estimated_stroke_from_duty_cycles(duty_cycle1, duty_cycle2);
      |                       ^~~~~~~~~~~~~~~~
../Core/Src/main.c: In function 'VIRT_UART0_RxCpltCallback':
../Core/Src/main.c:595:36: warning: passing argument 2 of 'memcpy' makes pointer from integer without a cast [-Wint-conversion]
  595 |     memcpy(VirtUart0ChannelBuffRx, strlen(msg), VirtUart0ChannelRxSize);
      |                                    ^~~~~~~~~~~
      |                                    |
      |                                    size_t {aka unsigned int}
In file included from ../../Middlewares/Third_Party/OpenAMP/open-amp/lib/include/openamp/rpmsg.h:19,
                 from ../../Middlewares/Third_Party/OpenAMP/open-amp/lib/include/openamp/open_amp.h:11,
                 from ../OPENAMP/openamp.h:25,
                 from ../Core/Src/main.c:21:
/opt/stm32cubeide/plugins/com.st.stm32cube.ide.mcu.externaltools.gnu-tools-for-stm32.12.3.rel1.linux64_1.0.200.202406132123/tools/arm-none-eabi/include/string.h:31:36: note: expected 'const void * restrict' but argument is of type 'size_t' {aka 'unsigned int'}
   31 | void *   memcpy (void *__restrict, const void *__restrict, size_t);
arm-none-eabi-gcc -o "BSTInputTesting_CM4.elf" @"objects.list"   -mcpu=cortex-m4 -T"/home/danb127/Brake-System-Tester/BSTInputTesting/CM4/STM32MP157FACX_RAM.ld" --specs=nosys.specs -Wl,-Map="BSTInputTesting_CM4.map" -Wl,--gc-sections -static --specs=nano.specs -mfpu=fpv4-sp-d16 -mfloat-abi=hard -mthumb -Wl,--start-group -lc -lm -Wl,--end-group
Finished building target: BSTInputTesting_CM4.elf
 
arm-none-eabi-size  BSTInputTesting_CM4.elf 
arm-none-eabi-objdump -h -S BSTInputTesting_CM4.elf  > "BSTInputTesting_CM4.list"
   text	   data	    bss	    dec	    hex	filename
  56396	    288	   3052	  59736	   e958	BSTInputTesting_CM4.elf
Finished building: default.size.stdout
 
Finished building: BSTInputTesting_CM4.list
 
16:55:35 **** Incremental Build of configuration Debug for project BSTInputTesting_CM4 ****
make -j8 all 
arm-none-eabi-gcc "../Core/Src/main.c" -mcpu=cortex-m4 -std=gnu11 -g3 -DDEBUG -DCORE_CM4 -DNO_ATOMIC_64_SUPPORT -DMETAL_INTERNAL -DMETAL_MAX_DEVICE_REGIONS=2 -DVIRTIO_SLAVE_ONLY -DUSE_HAL_DRIVER -DSTM32MP157Fxx -c -I../OPENAMP -I../Core/Inc -I../../Middlewares/Third_Party/OpenAMP/open-amp/lib/include -I../../Middlewares/Third_Party/OpenAMP/libmetal/lib/include -I../../Drivers/STM32MP1xx_HAL_Driver/Inc -I../../Drivers/STM32MP1xx_HAL_Driver/Inc/Legacy -I../../Drivers/CMSIS/Device/ST/STM32MP1xx/Include -I../../Middlewares/Third_Party/OpenAMP/virtual_driver -I../../Drivers/CMSIS/Include -O0 -ffunction-sections -fdata-sections -Wall -fstack-usage -fcyclomatic-complexity -MMD -MP -MF"Core/Src/main.d" -MT"Core/Src/main.o" --specs=nano.specs -mfpu=fpv4-sp-d16 -mfloat-abi=hard -mthumb -o "Core/Src/main.o"
../Core/Src/main.c: In function 'main':
../Core/Src/main.c:264:23: warning: unused variable 'estimated_stroke' [-Wunused-variable]
  264 |                 float estimated_stroke = estimated_stroke_from_duty_cycles(duty_cycle1, duty_cycle2);
      |                       ^~~~~~~~~~~~~~~~
../Core/Src/main.c: In function 'VIRT_UART0_RxCpltCallback':
../Core/Src/main.c:597:36: warning: passing argument 2 of 'memcpy' makes pointer from integer without a cast [-Wint-conversion]
  597 |     memcpy(VirtUart0ChannelBuffRx, strlen(msg), VirtUart0ChannelRxSize);
      |                                    ^~~~~~~~~~~
      |                                    |
      |                                    size_t {aka unsigned int}
In file included from ../../Middlewares/Third_Party/OpenAMP/open-amp/lib/include/openamp/rpmsg.h:19,
                 from ../../Middlewares/Third_Party/OpenAMP/open-amp/lib/include/openamp/open_amp.h:11,
                 from ../OPENAMP/openamp.h:25,
                 from ../Core/Src/main.c:21:
/opt/stm32cubeide/plugins/com.st.stm32cube.ide.mcu.externaltools.gnu-tools-for-stm32.12.3.rel1.linux64_1.0.200.202406132123/tools/arm-none-eabi/include/string.h:31:36: note: expected 'const void * restrict' but argument is of type 'size_t' {aka 'unsigned int'}
   31 | void *   memcpy (void *__restrict, const void *__restrict, size_t);
arm-none-eabi-gcc -o "BSTInputTesting_CM4.elf" @"objects.list"   -mcpu=cortex-m4 -T"/home/danb127/Brake-System-Tester/BSTInputTesting/CM4/STM32MP157FACX_RAM.ld" --specs=nosys.specs -Wl,-Map="BSTInputTesting_CM4.map" -Wl,--gc-sections -static --specs=nano.specs -mfpu=fpv4-sp-d16 -mfloat-abi=hard -mthumb -Wl,--start-group -lc -lm -Wl,--end-group
Finished building target: BSTInputTesting_CM4.elf
 
arm-none-eabi-size  BSTInputTesting_CM4.elf 
arm-none-eabi-objdump -h -S BSTInputTesting_CM4.elf  > "BSTInputTesting_CM4.list"
   text	   data	    bss	    dec	    hex	filename
  56412	    288	   3060	  59760	   e970	BSTInputTesting_CM4.elf
Finished building: default.size.stdout
 
Finished building: BSTInputTesting_CM4.list
 
16:58:34 **** Incremental Build of configuration Debug for project BSTInputTesting_CM4 ****
make -j8 all 
arm-none-eabi-gcc "../Core/Src/main.c" -mcpu=cortex-m4 -std=gnu11 -g3 -DDEBUG -DCORE_CM4 -DNO_ATOMIC_64_SUPPORT -DMETAL_INTERNAL -DMETAL_MAX_DEVICE_REGIONS=2 -DVIRTIO_SLAVE_ONLY -DUSE_HAL_DRIVER -DSTM32MP157Fxx -c -I../OPENAMP -I../Core/Inc -I../../Middlewares/Third_Party/OpenAMP/open-amp/lib/include -I../../Middlewares/Third_Party/OpenAMP/libmetal/lib/include -I../../Drivers/STM32MP1xx_HAL_Driver/Inc -I../../Drivers/STM32MP1xx_HAL_Driver/Inc/Legacy -I../../Drivers/CMSIS/Device/ST/STM32MP1xx/Include -I../../Middlewares/Third_Party/OpenAMP/virtual_driver -I../../Drivers/CMSIS/Include -O0 -ffunction-sections -fdata-sections -Wall -fstack-usage -fcyclomatic-complexity -MMD -MP -MF"Core/Src/main.d" -MT"Core/Src/main.o" --specs=nano.specs -mfpu=fpv4-sp-d16 -mfloat-abi=hard -mthumb -o "Core/Src/main.o"
../Core/Src/main.c: In function 'VIRT_UART0_RxCpltCallback':
../Core/Src/main.c:600:36: warning: passing argument 2 of 'memcpy' makes pointer from integer without a cast [-Wint-conversion]
  600 |     memcpy(VirtUart0ChannelBuffRx, strlen(msg), VirtUart0ChannelRxSize);
      |                                    ^~~~~~~~~~~
      |                                    |
      |                                    size_t {aka unsigned int}
In file included from ../../Middlewares/Third_Party/OpenAMP/open-amp/lib/include/openamp/rpmsg.h:19,
                 from ../../Middlewares/Third_Party/OpenAMP/open-amp/lib/include/openamp/open_amp.h:11,
                 from ../OPENAMP/openamp.h:25,
                 from ../Core/Src/main.c:21:
/opt/stm32cubeide/plugins/com.st.stm32cube.ide.mcu.externaltools.gnu-tools-for-stm32.12.3.rel1.linux64_1.0.200.202406132123/tools/arm-none-eabi/include/string.h:31:36: note: expected 'const void * restrict' but argument is of type 'size_t' {aka 'unsigned int'}
   31 | void *   memcpy (void *__restrict, const void *__restrict, size_t);
arm-none-eabi-gcc -o "BSTInputTesting_CM4.elf" @"objects.list"   -mcpu=cortex-m4 -T"/home/danb127/Brake-System-Tester/BSTInputTesting/CM4/STM32MP157FACX_RAM.ld" --specs=nosys.specs -Wl,-Map="BSTInputTesting_CM4.map" -Wl,--gc-sections -static --specs=nano.specs -mfpu=fpv4-sp-d16 -mfloat-abi=hard -mthumb -Wl,--start-group -lc -lm -Wl,--end-group
Finished building target: BSTInputTesting_CM4.elf
 
arm-none-eabi-size  BSTInputTesting_CM4.elf 
arm-none-eabi-objdump -h -S BSTInputTesting_CM4.elf  > "BSTInputTesting_CM4.list"
   text	   data	    bss	    dec	    hex	filename
  56468	    288	   3060	  59816	   e9a8	BSTInputTesting_CM4.elf
Finished building: default.size.stdout
 
Finished building: BSTInputTesting_CM4.list
 
16:59:21 **** Incremental Build of configuration Debug for project BSTInputTesting_CM4 ****
make -j8 all 
arm-none-eabi-gcc "../Core/Src/main.c" -mcpu=cortex-m4 -std=gnu11 -g3 -DDEBUG -DCORE_CM4 -DNO_ATOMIC_64_SUPPORT -DMETAL_INTERNAL -DMETAL_MAX_DEVICE_REGIONS=2 -DVIRTIO_SLAVE_ONLY -DUSE_HAL_DRIVER -DSTM32MP157Fxx -c -I../OPENAMP -I../Core/Inc -I../../Middlewares/Third_Party/OpenAMP/open-amp/lib/include -I../../Middlewares/Third_Party/OpenAMP/libmetal/lib/include -I../../Drivers/STM32MP1xx_HAL_Driver/Inc -I../../Drivers/STM32MP1xx_HAL_Driver/Inc/Legacy -I../../Drivers/CMSIS/Device/ST/STM32MP1xx/Include -I../../Middlewares/Third_Party/OpenAMP/virtual_driver -I../../Drivers/CMSIS/Include -O0 -ffunction-sections -fdata-sections -Wall -fstack-usage -fcyclomatic-complexity -MMD -MP -MF"Core/Src/main.d" -MT"Core/Src/main.o" --specs=nano.specs -mfpu=fpv4-sp-d16 -mfloat-abi=hard -mthumb -o "Core/Src/main.o"
../Core/Src/main.c: In function 'VIRT_UART0_RxCpltCallback':
../Core/Src/main.c:600:36: warning: passing argument 2 of 'memcpy' makes pointer from integer without a cast [-Wint-conversion]
  600 |     memcpy(VirtUart0ChannelBuffRx, strlen(msg), VirtUart0ChannelRxSize);
      |                                    ^~~~~~~~~~~
      |                                    |
      |                                    size_t {aka unsigned int}
In file included from ../../Middlewares/Third_Party/OpenAMP/open-amp/lib/include/openamp/rpmsg.h:19,
                 from ../../Middlewares/Third_Party/OpenAMP/open-amp/lib/include/openamp/open_amp.h:11,
                 from ../OPENAMP/openamp.h:25,
                 from ../Core/Src/main.c:21:
/opt/stm32cubeide/plugins/com.st.stm32cube.ide.mcu.externaltools.gnu-tools-for-stm32.12.3.rel1.linux64_1.0.200.202406132123/tools/arm-none-eabi/include/string.h:31:36: note: expected 'const void * restrict' but argument is of type 'size_t' {aka 'unsigned int'}
   31 | void *   memcpy (void *__restrict, const void *__restrict, size_t);
arm-none-eabi-gcc -o "BSTInputTesting_CM4.elf" @"objects.list"   -mcpu=cortex-m4 -T"/home/danb127/Brake-System-Tester/BSTInputTesting/CM4/STM32MP157FACX_RAM.ld" --specs=nosys.specs -Wl,-Map="BSTInputTesting_CM4.map" -Wl,--gc-sections -static --specs=nano.specs -mfpu=fpv4-sp-d16 -mfloat-abi=hard -mthumb -Wl,--start-group -lc -lm -Wl,--end-group
Finished building target: BSTInputTesting_CM4.elf
 
arm-none-eabi-size  BSTInputTesting_CM4.elf 
arm-none-eabi-objdump -h -S BSTInputTesting_CM4.elf  > "BSTInputTesting_CM4.list"
   text	   data	    bss	    dec	    hex	filename
  56468	    288	   3060	  59816	   e9a8	BSTInputTesting_CM4.elf
Finished building: default.size.stdout
 
Finished building: BSTInputTesting_CM4.list
 
16:49:17 **** Incremental Build of configuration Debug for project BSTInputTesting_CM4 ****
make -j8 all 
arm-none-eabi-gcc "../OPENAMP/mbox_ipcc.c" -mcpu=cortex-m4 -std=gnu11 -g3 -DDEBUG -DCORE_CM4 -DNO_ATOMIC_64_SUPPORT -DMETAL_INTERNAL -DMETAL_MAX_DEVICE_REGIONS=2 -DVIRTIO_SLAVE_ONLY -DUSE_HAL_DRIVER -DSTM32MP157Fxx -c -I../OPENAMP -I../Core/Inc -I../../Middlewares/Third_Party/OpenAMP/open-amp/lib/include -I../../Middlewares/Third_Party/OpenAMP/libmetal/lib/include -I../../Drivers/STM32MP1xx_HAL_Driver/Inc -I../../Drivers/STM32MP1xx_HAL_Driver/Inc/Legacy -I../../Drivers/CMSIS/Device/ST/STM32MP1xx/Include -I../../Middlewares/Third_Party/OpenAMP/virtual_driver -I../../Drivers/CMSIS/Include -O0 -ffunction-sections -fdata-sections -Wall -fstack-usage -fcyclomatic-complexity -MMD -MP -MF"OPENAMP/mbox_ipcc.d" -MT"OPENAMP/mbox_ipcc.o" --specs=nano.specs -mfpu=fpv4-sp-d16 -mfloat-abi=hard -mthumb -o "OPENAMP/mbox_ipcc.o"
arm-none-eabi-gcc "../OPENAMP/openamp.c" -mcpu=cortex-m4 -std=gnu11 -g3 -DDEBUG -DCORE_CM4 -DNO_ATOMIC_64_SUPPORT -DMETAL_INTERNAL -DMETAL_MAX_DEVICE_REGIONS=2 -DVIRTIO_SLAVE_ONLY -DUSE_HAL_DRIVER -DSTM32MP157Fxx -c -I../OPENAMP -I../Core/Inc -I../../Middlewares/Third_Party/OpenAMP/open-amp/lib/include -I../../Middlewares/Third_Party/OpenAMP/libmetal/lib/include -I../../Drivers/STM32MP1xx_HAL_Driver/Inc -I../../Drivers/STM32MP1xx_HAL_Driver/Inc/Legacy -I../../Drivers/CMSIS/Device/ST/STM32MP1xx/Include -I../../Middlewares/Third_Party/OpenAMP/virtual_driver -I../../Drivers/CMSIS/Include -O0 -ffunction-sections -fdata-sections -Wall -fstack-usage -fcyclomatic-complexity -MMD -MP -MF"OPENAMP/openamp.d" -MT"OPENAMP/openamp.o" --specs=nano.specs -mfpu=fpv4-sp-d16 -mfloat-abi=hard -mthumb -o "OPENAMP/openamp.o"
arm-none-eabi-gcc "../OPENAMP/openamp_log.c" -mcpu=cortex-m4 -std=gnu11 -g3 -DDEBUG -DCORE_CM4 -DNO_ATOMIC_64_SUPPORT -DMETAL_INTERNAL -DMETAL_MAX_DEVICE_REGIONS=2 -DVIRTIO_SLAVE_ONLY -DUSE_HAL_DRIVER -DSTM32MP157Fxx -c -I../OPENAMP -I../Core/Inc -I../../Middlewares/Third_Party/OpenAMP/open-amp/lib/include -I../../Middlewares/Third_Party/OpenAMP/libmetal/lib/include -I../../Drivers/STM32MP1xx_HAL_Driver/Inc -I../../Drivers/STM32MP1xx_HAL_Driver/Inc/Legacy -I../../Drivers/CMSIS/Device/ST/STM32MP1xx/Include -I../../Middlewares/Third_Party/OpenAMP/virtual_driver -I../../Drivers/CMSIS/Include -O0 -ffunction-sections -fdata-sections -Wall -fstack-usage -fcyclomatic-complexity -MMD -MP -MF"OPENAMP/openamp_log.d" -MT"OPENAMP/openamp_log.o" --specs=nano.specs -mfpu=fpv4-sp-d16 -mfloat-abi=hard -mthumb -o "OPENAMP/openamp_log.o"
arm-none-eabi-gcc "../OPENAMP/rsc_table.c" -mcpu=cortex-m4 -std=gnu11 -g3 -DDEBUG -DCORE_CM4 -DNO_ATOMIC_64_SUPPORT -DMETAL_INTERNAL -DMETAL_MAX_DEVICE_REGIONS=2 -DVIRTIO_SLAVE_ONLY -DUSE_HAL_DRIVER -DSTM32MP157Fxx -c -I../OPENAMP -I../Core/Inc -I../../Middlewares/Third_Party/OpenAMP/open-amp/lib/include -I../../Middlewares/Third_Party/OpenAMP/libmetal/lib/include -I../../Drivers/STM32MP1xx_HAL_Driver/Inc -I../../Drivers/STM32MP1xx_HAL_Driver/Inc/Legacy -I../../Drivers/CMSIS/Device/ST/STM32MP1xx/Include -I../../Middlewares/Third_Party/OpenAMP/virtual_driver -I../../Drivers/CMSIS/Include -O0 -ffunction-sections -fdata-sections -Wall -fstack-usage -fcyclomatic-complexity -MMD -MP -MF"OPENAMP/rsc_table.d" -MT"OPENAMP/rsc_table.o" --specs=nano.specs -mfpu=fpv4-sp-d16 -mfloat-abi=hard -mthumb -o "OPENAMP/rsc_table.o"
arm-none-eabi-gcc "/home/danb127/Brake-System-Tester/BSTInputTesting/Middlewares/Third_Party/OpenAMP/libmetal/lib/system/generic/condition.c" -mcpu=cortex-m4 -std=gnu11 -g3 -DDEBUG -DCORE_CM4 -DNO_ATOMIC_64_SUPPORT -DMETAL_INTERNAL -DMETAL_MAX_DEVICE_REGIONS=2 -DVIRTIO_SLAVE_ONLY -DUSE_HAL_DRIVER -DSTM32MP157Fxx -c -I../OPENAMP -I../Core/Inc -I../../Middlewares/Third_Party/OpenAMP/open-amp/lib/include -I../../Middlewares/Third_Party/OpenAMP/libmetal/lib/include -I../../Drivers/STM32MP1xx_HAL_Driver/Inc -I../../Drivers/STM32MP1xx_HAL_Driver/Inc/Legacy -I../../Drivers/CMSIS/Device/ST/STM32MP1xx/Include -I../../Middlewares/Third_Party/OpenAMP/virtual_driver -I../../Drivers/CMSIS/Include -O0 -ffunction-sections -fdata-sections -Wall -fstack-usage -fcyclomatic-complexity -MMD -MP -MF"Middlewares/Third_Party/OpenAMP/condition.d" -MT"Middlewares/Third_Party/OpenAMP/condition.o" --specs=nano.specs -mfpu=fpv4-sp-d16 -mfloat-abi=hard -mthumb -o "Middlewares/Third_Party/OpenAMP/condition.o"
arm-none-eabi-gcc "/home/danb127/Brake-System-Tester/BSTInputTesting/Middlewares/Third_Party/OpenAMP/libmetal/lib/device.c" -mcpu=cortex-m4 -std=gnu11 -g3 -DDEBUG -DCORE_CM4 -DNO_ATOMIC_64_SUPPORT -DMETAL_INTERNAL -DMETAL_MAX_DEVICE_REGIONS=2 -DVIRTIO_SLAVE_ONLY -DUSE_HAL_DRIVER -DSTM32MP157Fxx -c -I../OPENAMP -I../Core/Inc -I../../Middlewares/Third_Party/OpenAMP/open-amp/lib/include -I../../Middlewares/Third_Party/OpenAMP/libmetal/lib/include -I../../Drivers/STM32MP1xx_HAL_Driver/Inc -I../../Drivers/STM32MP1xx_HAL_Driver/Inc/Legacy -I../../Drivers/CMSIS/Device/ST/STM32MP1xx/Include -I../../Middlewares/Third_Party/OpenAMP/virtual_driver -I../../Drivers/CMSIS/Include -O0 -ffunction-sections -fdata-sections -Wall -fstack-usage -fcyclomatic-complexity -MMD -MP -MF"Middlewares/Third_Party/OpenAMP/device.d" -MT"Middlewares/Third_Party/OpenAMP/device.o" --specs=nano.specs -mfpu=fpv4-sp-d16 -mfloat-abi=hard -mthumb -o "Middlewares/Third_Party/OpenAMP/device.o"
arm-none-eabi-gcc "/home/danb127/Brake-System-Tester/BSTInputTesting/Middlewares/Third_Party/OpenAMP/libmetal/lib/system/generic/generic_device.c" -mcpu=cortex-m4 -std=gnu11 -g3 -DDEBUG -DCORE_CM4 -DNO_ATOMIC_64_SUPPORT -DMETAL_INTERNAL -DMETAL_MAX_DEVICE_REGIONS=2 -DVIRTIO_SLAVE_ONLY -DUSE_HAL_DRIVER -DSTM32MP157Fxx -c -I../OPENAMP -I../Core/Inc -I../../Middlewares/Third_Party/OpenAMP/open-amp/lib/include -I../../Middlewares/Third_Party/OpenAMP/libmetal/lib/include -I../../Drivers/STM32MP1xx_HAL_Driver/Inc -I../../Drivers/STM32MP1xx_HAL_Driver/Inc/Legacy -I../../Drivers/CMSIS/Device/ST/STM32MP1xx/Include -I../../Middlewares/Third_Party/OpenAMP/virtual_driver -I../../Drivers/CMSIS/Include -O0 -ffunction-sections -fdata-sections -Wall -fstack-usage -fcyclomatic-complexity -MMD -MP -MF"Middlewares/Third_Party/OpenAMP/generic_device.d" -MT"Middlewares/Third_Party/OpenAMP/generic_device.o" --specs=nano.specs -mfpu=fpv4-sp-d16 -mfloat-abi=hard -mthumb -o "Middlewares/Third_Party/OpenAMP/generic_device.o"
arm-none-eabi-gcc "/home/danb127/Brake-System-Tester/BSTInputTesting/Middlewares/Third_Party/OpenAMP/libmetal/lib/system/generic/generic_init.c" -mcpu=cortex-m4 -std=gnu11 -g3 -DDEBUG -DCORE_CM4 -DNO_ATOMIC_64_SUPPORT -DMETAL_INTERNAL -DMETAL_MAX_DEVICE_REGIONS=2 -DVIRTIO_SLAVE_ONLY -DUSE_HAL_DRIVER -DSTM32MP157Fxx -c -I../OPENAMP -I../Core/Inc -I../../Middlewares/Third_Party/OpenAMP/open-amp/lib/include -I../../Middlewares/Third_Party/OpenAMP/libmetal/lib/include -I../../Drivers/STM32MP1xx_HAL_Driver/Inc -I../../Drivers/STM32MP1xx_HAL_Driver/Inc/Legacy -I../../Drivers/CMSIS/Device/ST/STM32MP1xx/Include -I../../Middlewares/Third_Party/OpenAMP/virtual_driver -I../../Drivers/CMSIS/Include -O0 -ffunction-sections -fdata-sections -Wall -fstack-usage -fcyclomatic-complexity -MMD -MP -MF"Middlewares/Third_Party/OpenAMP/generic_init.d" -MT"Middlewares/Third_Party/OpenAMP/generic_init.o" --specs=nano.specs -mfpu=fpv4-sp-d16 -mfloat-abi=hard -mthumb -o "Middlewares/Third_Party/OpenAMP/generic_init.o"
arm-none-eabi-gcc "/home/danb127/Brake-System-Tester/BSTInputTesting/Middlewares/Third_Party/OpenAMP/libmetal/lib/system/generic/generic_io.c" -mcpu=cortex-m4 -std=gnu11 -g3 -DDEBUG -DCORE_CM4 -DNO_ATOMIC_64_SUPPORT -DMETAL_INTERNAL -DMETAL_MAX_DEVICE_REGIONS=2 -DVIRTIO_SLAVE_ONLY -DUSE_HAL_DRIVER -DSTM32MP157Fxx -c -I../OPENAMP -I../Core/Inc -I../../Middlewares/Third_Party/OpenAMP/open-amp/lib/include -I../../Middlewares/Third_Party/OpenAMP/libmetal/lib/include -I../../Drivers/STM32MP1xx_HAL_Driver/Inc -I../../Drivers/STM32MP1xx_HAL_Driver/Inc/Legacy -I../../Drivers/CMSIS/Device/ST/STM32MP1xx/Include -I../../Middlewares/Third_Party/OpenAMP/virtual_driver -I../../Drivers/CMSIS/Include -O0 -ffunction-sections -fdata-sections -Wall -fstack-usage -fcyclomatic-complexity -MMD -MP -MF"Middlewares/Third_Party/OpenAMP/generic_io.d" -MT"Middlewares/Third_Party/OpenAMP/generic_io.o" --specs=nano.specs -mfpu=fpv4-sp-d16 -mfloat-abi=hard -mthumb -o "Middlewares/Third_Party/OpenAMP/generic_io.o"
arm-none-eabi-gcc "/home/danb127/Brake-System-Tester/BSTInputTesting/Middlewares/Third_Party/OpenAMP/libmetal/lib/system/generic/generic_shmem.c" -mcpu=cortex-m4 -std=gnu11 -g3 -DDEBUG -DCORE_CM4 -DNO_ATOMIC_64_SUPPORT -DMETAL_INTERNAL -DMETAL_MAX_DEVICE_REGIONS=2 -DVIRTIO_SLAVE_ONLY -DUSE_HAL_DRIVER -DSTM32MP157Fxx -c -I../OPENAMP -I../Core/Inc -I../../Middlewares/Third_Party/OpenAMP/open-amp/lib/include -I../../Middlewares/Third_Party/OpenAMP/libmetal/lib/include -I../../Drivers/STM32MP1xx_HAL_Driver/Inc -I../../Drivers/STM32MP1xx_HAL_Driver/Inc/Legacy -I../../Drivers/CMSIS/Device/ST/STM32MP1xx/Include -I../../Middlewares/Third_Party/OpenAMP/virtual_driver -I../../Drivers/CMSIS/Include -O0 -ffunction-sections -fdata-sections -Wall -fstack-usage -fcyclomatic-complexity -MMD -MP -MF"Middlewares/Third_Party/OpenAMP/generic_shmem.d" -MT"Middlewares/Third_Party/OpenAMP/generic_shmem.o" --specs=nano.specs -mfpu=fpv4-sp-d16 -mfloat-abi=hard -mthumb -o "Middlewares/Third_Party/OpenAMP/generic_shmem.o"
arm-none-eabi-gcc "/home/danb127/Brake-System-Tester/BSTInputTesting/Middlewares/Third_Party/OpenAMP/libmetal/lib/init.c" -mcpu=cortex-m4 -std=gnu11 -g3 -DDEBUG -DCORE_CM4 -DNO_ATOMIC_64_SUPPORT -DMETAL_INTERNAL -DMETAL_MAX_DEVICE_REGIONS=2 -DVIRTIO_SLAVE_ONLY -DUSE_HAL_DRIVER -DSTM32MP157Fxx -c -I../OPENAMP -I../Core/Inc -I../../Middlewares/Third_Party/OpenAMP/open-amp/lib/include -I../../Middlewares/Third_Party/OpenAMP/libmetal/lib/include -I../../Drivers/STM32MP1xx_HAL_Driver/Inc -I../../Drivers/STM32MP1xx_HAL_Driver/Inc/Legacy -I../../Drivers/CMSIS/Device/ST/STM32MP1xx/Include -I../../Middlewares/Third_Party/OpenAMP/virtual_driver -I../../Drivers/CMSIS/Include -O0 -ffunction-sections -fdata-sections -Wall -fstack-usage -fcyclomatic-complexity -MMD -MP -MF"Middlewares/Third_Party/OpenAMP/init.d" -MT"Middlewares/Third_Party/OpenAMP/init.o" --specs=nano.specs -mfpu=fpv4-sp-d16 -mfloat-abi=hard -mthumb -o "Middlewares/Third_Party/OpenAMP/init.o"
arm-none-eabi-gcc "/home/danb127/Brake-System-Tester/BSTInputTesting/Middlewares/Third_Party/OpenAMP/libmetal/lib/io.c" -mcpu=cortex-m4 -std=gnu11 -g3 -DDEBUG -DCORE_CM4 -DNO_ATOMIC_64_SUPPORT -DMETAL_INTERNAL -DMETAL_MAX_DEVICE_REGIONS=2 -DVIRTIO_SLAVE_ONLY -DUSE_HAL_DRIVER -DSTM32MP157Fxx -c -I../OPENAMP -I../Core/Inc -I../../Middlewares/Third_Party/OpenAMP/open-amp/lib/include -I../../Middlewares/Third_Party/OpenAMP/libmetal/lib/include -I../../Drivers/STM32MP1xx_HAL_Driver/Inc -I../../Drivers/STM32MP1xx_HAL_Driver/Inc/Legacy -I../../Drivers/CMSIS/Device/ST/STM32MP1xx/Include -I../../Middlewares/Third_Party/OpenAMP/virtual_driver -I../../Drivers/CMSIS/Include -O0 -ffunction-sections -fdata-sections -Wall -fstack-usage -fcyclomatic-complexity -MMD -MP -MF"Middlewares/Third_Party/OpenAMP/io.d" -MT"Middlewares/Third_Party/OpenAMP/io.o" --specs=nano.specs -mfpu=fpv4-sp-d16 -mfloat-abi=hard -mthumb -o "Middlewares/Third_Party/OpenAMP/io.o"
arm-none-eabi-gcc "/home/danb127/Brake-System-Tester/BSTInputTesting/Middlewares/Third_Party/OpenAMP/libmetal/lib/log.c" -mcpu=cortex-m4 -std=gnu11 -g3 -DDEBUG -DCORE_CM4 -DNO_ATOMIC_64_SUPPORT -DMETAL_INTERNAL -DMETAL_MAX_DEVICE_REGIONS=2 -DVIRTIO_SLAVE_ONLY -DUSE_HAL_DRIVER -DSTM32MP157Fxx -c -I../OPENAMP -I../Core/Inc -I../../Middlewares/Third_Party/OpenAMP/open-amp/lib/include -I../../Middlewares/Third_Party/OpenAMP/libmetal/lib/include -I../../Drivers/STM32MP1xx_HAL_Driver/Inc -I../../Drivers/STM32MP1xx_HAL_Driver/Inc/Legacy -I../../Drivers/CMSIS/Device/ST/STM32MP1xx/Include -I../../Middlewares/Third_Party/OpenAMP/virtual_driver -I../../Drivers/CMSIS/Include -O0 -ffunction-sections -fdata-sections -Wall -fstack-usage -fcyclomatic-complexity -MMD -MP -MF"Middlewares/Third_Party/OpenAMP/log.d" -MT"Middlewares/Third_Party/OpenAMP/log.o" --specs=nano.specs -mfpu=fpv4-sp-d16 -mfloat-abi=hard -mthumb -o "Middlewares/Third_Party/OpenAMP/log.o"
arm-none-eabi-gcc "/home/danb127/Brake-System-Tester/BSTInputTesting/Middlewares/Third_Party/OpenAMP/open-amp/lib/remoteproc/remoteproc_virtio.c" -mcpu=cortex-m4 -std=gnu11 -g3 -DDEBUG -DCORE_CM4 -DNO_ATOMIC_64_SUPPORT -DMETAL_INTERNAL -DMETAL_MAX_DEVICE_REGIONS=2 -DVIRTIO_SLAVE_ONLY -DUSE_HAL_DRIVER -DSTM32MP157Fxx -c -I../OPENAMP -I../Core/Inc -I../../Middlewares/Third_Party/OpenAMP/open-amp/lib/include -I../../Middlewares/Third_Party/OpenAMP/libmetal/lib/include -I../../Drivers/STM32MP1xx_HAL_Driver/Inc -I../../Drivers/STM32MP1xx_HAL_Driver/Inc/Legacy -I../../Drivers/CMSIS/Device/ST/STM32MP1xx/Include -I../../Middlewares/Third_Party/OpenAMP/virtual_driver -I../../Drivers/CMSIS/Include -O0 -ffunction-sections -fdata-sections -Wall -fstack-usage -fcyclomatic-complexity -MMD -MP -MF"Middlewares/Third_Party/OpenAMP/remoteproc_virtio.d" -MT"Middlewares/Third_Party/OpenAMP/remoteproc_virtio.o" --specs=nano.specs -mfpu=fpv4-sp-d16 -mfloat-abi=hard -mthumb -o "Middlewares/Third_Party/OpenAMP/remoteproc_virtio.o"
arm-none-eabi-gcc "/home/danb127/Brake-System-Tester/BSTInputTesting/Middlewares/Third_Party/OpenAMP/open-amp/lib/rpmsg/rpmsg.c" -mcpu=cortex-m4 -std=gnu11 -g3 -DDEBUG -DCORE_CM4 -DNO_ATOMIC_64_SUPPORT -DMETAL_INTERNAL -DMETAL_MAX_DEVICE_REGIONS=2 -DVIRTIO_SLAVE_ONLY -DUSE_HAL_DRIVER -DSTM32MP157Fxx -c -I../OPENAMP -I../Core/Inc -I../../Middlewares/Third_Party/OpenAMP/open-amp/lib/include -I../../Middlewares/Third_Party/OpenAMP/libmetal/lib/include -I../../Drivers/STM32MP1xx_HAL_Driver/Inc -I../../Drivers/STM32MP1xx_HAL_Driver/Inc/Legacy -I../../Drivers/CMSIS/Device/ST/STM32MP1xx/Include -I../../Middlewares/Third_Party/OpenAMP/virtual_driver -I../../Drivers/CMSIS/Include -O0 -ffunction-sections -fdata-sections -Wall -fstack-usage -fcyclomatic-complexity -MMD -MP -MF"Middlewares/Third_Party/OpenAMP/rpmsg.d" -MT"Middlewares/Third_Party/OpenAMP/rpmsg.o" --specs=nano.specs -mfpu=fpv4-sp-d16 -mfloat-abi=hard -mthumb -o "Middlewares/Third_Party/OpenAMP/rpmsg.o"
arm-none-eabi-gcc "/home/danb127/Brake-System-Tester/BSTInputTesting/Middlewares/Third_Party/OpenAMP/open-amp/lib/rpmsg/rpmsg_virtio.c" -mcpu=cortex-m4 -std=gnu11 -g3 -DDEBUG -DCORE_CM4 -DNO_ATOMIC_64_SUPPORT -DMETAL_INTERNAL -DMETAL_MAX_DEVICE_REGIONS=2 -DVIRTIO_SLAVE_ONLY -DUSE_HAL_DRIVER -DSTM32MP157Fxx -c -I../OPENAMP -I../Core/Inc -I../../Middlewares/Third_Party/OpenAMP/open-amp/lib/include -I../../Middlewares/Third_Party/OpenAMP/libmetal/lib/include -I../../Drivers/STM32MP1xx_HAL_Driver/Inc -I../../Drivers/STM32MP1xx_HAL_Driver/Inc/Legacy -I../../Drivers/CMSIS/Device/ST/STM32MP1xx/Include -I../../Middlewares/Third_Party/OpenAMP/virtual_driver -I../../Drivers/CMSIS/Include -O0 -ffunction-sections -fdata-sections -Wall -fstack-usage -fcyclomatic-complexity -MMD -MP -MF"Middlewares/Third_Party/OpenAMP/rpmsg_virtio.d" -MT"Middlewares/Third_Party/OpenAMP/rpmsg_virtio.o" --specs=nano.specs -mfpu=fpv4-sp-d16 -mfloat-abi=hard -mthumb -o "Middlewares/Third_Party/OpenAMP/rpmsg_virtio.o"
arm-none-eabi-gcc "/home/danb127/Brake-System-Tester/BSTInputTesting/Middlewares/Third_Party/OpenAMP/libmetal/lib/shmem.c" -mcpu=cortex-m4 -std=gnu11 -g3 -DDEBUG -DCORE_CM4 -DNO_ATOMIC_64_SUPPORT -DMETAL_INTERNAL -DMETAL_MAX_DEVICE_REGIONS=2 -DVIRTIO_SLAVE_ONLY -DUSE_HAL_DRIVER -DSTM32MP157Fxx -c -I../OPENAMP -I../Core/Inc -I../../Middlewares/Third_Party/OpenAMP/open-amp/lib/include -I../../Middlewares/Third_Party/OpenAMP/libmetal/lib/include -I../../Drivers/STM32MP1xx_HAL_Driver/Inc -I../../Drivers/STM32MP1xx_HAL_Driver/Inc/Legacy -I../../Drivers/CMSIS/Device/ST/STM32MP1xx/Include -I../../Middlewares/Third_Party/OpenAMP/virtual_driver -I../../Drivers/CMSIS/Include -O0 -ffunction-sections -fdata-sections -Wall -fstack-usage -fcyclomatic-complexity -MMD -MP -MF"Middlewares/Third_Party/OpenAMP/shmem.d" -MT"Middlewares/Third_Party/OpenAMP/shmem.o" --specs=nano.specs -mfpu=fpv4-sp-d16 -mfloat-abi=hard -mthumb -o "Middlewares/Third_Party/OpenAMP/shmem.o"
arm-none-eabi-gcc "/home/danb127/Brake-System-Tester/BSTInputTesting/Middlewares/Third_Party/OpenAMP/libmetal/lib/system/generic/template/sys.c" -mcpu=cortex-m4 -std=gnu11 -g3 -DDEBUG -DCORE_CM4 -DNO_ATOMIC_64_SUPPORT -DMETAL_INTERNAL -DMETAL_MAX_DEVICE_REGIONS=2 -DVIRTIO_SLAVE_ONLY -DUSE_HAL_DRIVER -DSTM32MP157Fxx -c -I../OPENAMP -I../Core/Inc -I../../Middlewares/Third_Party/OpenAMP/open-amp/lib/include -I../../Middlewares/Third_Party/OpenAMP/libmetal/lib/include -I../../Drivers/STM32MP1xx_HAL_Driver/Inc -I../../Drivers/STM32MP1xx_HAL_Driver/Inc/Legacy -I../../Drivers/CMSIS/Device/ST/STM32MP1xx/Include -I../../Middlewares/Third_Party/OpenAMP/virtual_driver -I../../Drivers/CMSIS/Include -O0 -ffunction-sections -fdata-sections -Wall -fstack-usage -fcyclomatic-complexity -MMD -MP -MF"Middlewares/Third_Party/OpenAMP/sys.d" -MT"Middlewares/Third_Party/OpenAMP/sys.o" --specs=nano.specs -mfpu=fpv4-sp-d16 -mfloat-abi=hard -mthumb -o "Middlewares/Third_Party/OpenAMP/sys.o"
arm-none-eabi-gcc "/home/danb127/Brake-System-Tester/BSTInputTesting/Middlewares/Third_Party/OpenAMP/libmetal/lib/system/generic/time.c" -mcpu=cortex-m4 -std=gnu11 -g3 -DDEBUG -DCORE_CM4 -DNO_ATOMIC_64_SUPPORT -DMETAL_INTERNAL -DMETAL_MAX_DEVICE_REGIONS=2 -DVIRTIO_SLAVE_ONLY -DUSE_HAL_DRIVER -DSTM32MP157Fxx -c -I../OPENAMP -I../Core/Inc -I../../Middlewares/Third_Party/OpenAMP/open-amp/lib/include -I../../Middlewares/Third_Party/OpenAMP/libmetal/lib/include -I../../Drivers/STM32MP1xx_HAL_Driver/Inc -I../../Drivers/STM32MP1xx_HAL_Driver/Inc/Legacy -I../../Drivers/CMSIS/Device/ST/STM32MP1xx/Include -I../../Middlewares/Third_Party/OpenAMP/virtual_driver -I../../Drivers/CMSIS/Include -O0 -ffunction-sections -fdata-sections -Wall -fstack-usage -fcyclomatic-complexity -MMD -MP -MF"Middlewares/Third_Party/OpenAMP/time.d" -MT"Middlewares/Third_Party/OpenAMP/time.o" --specs=nano.specs -mfpu=fpv4-sp-d16 -mfloat-abi=hard -mthumb -o "Middlewares/Third_Party/OpenAMP/time.o"
arm-none-eabi-gcc "/home/danb127/Brake-System-Tester/BSTInputTesting/Middlewares/Third_Party/OpenAMP/virtual_driver/virt_uart.c" -mcpu=cortex-m4 -std=gnu11 -g3 -DDEBUG -DCORE_CM4 -DNO_ATOMIC_64_SUPPORT -DMETAL_INTERNAL -DMETAL_MAX_DEVICE_REGIONS=2 -DVIRTIO_SLAVE_ONLY -DUSE_HAL_DRIVER -DSTM32MP157Fxx -c -I../OPENAMP -I../Core/Inc -I../../Middlewares/Third_Party/OpenAMP/open-amp/lib/include -I../../Middlewares/Third_Party/OpenAMP/libmetal/lib/include -I../../Drivers/STM32MP1xx_HAL_Driver/Inc -I../../Drivers/STM32MP1xx_HAL_Driver/Inc/Legacy -I../../Drivers/CMSIS/Device/ST/STM32MP1xx/Include -I../../Middlewares/Third_Party/OpenAMP/virtual_driver -I../../Drivers/CMSIS/Include -O0 -ffunction-sections -fdata-sections -Wall -fstack-usage -fcyclomatic-complexity -MMD -MP -MF"Middlewares/Third_Party/OpenAMP/virt_uart.d" -MT"Middlewares/Third_Party/OpenAMP/virt_uart.o" --specs=nano.specs -mfpu=fpv4-sp-d16 -mfloat-abi=hard -mthumb -o "Middlewares/Third_Party/OpenAMP/virt_uart.o"
arm-none-eabi-gcc "/home/danb127/Brake-System-Tester/BSTInputTesting/Middlewares/Third_Party/OpenAMP/open-amp/lib/virtio/virtio.c" -mcpu=cortex-m4 -std=gnu11 -g3 -DDEBUG -DCORE_CM4 -DNO_ATOMIC_64_SUPPORT -DMETAL_INTERNAL -DMETAL_MAX_DEVICE_REGIONS=2 -DVIRTIO_SLAVE_ONLY -DUSE_HAL_DRIVER -DSTM32MP157Fxx -c -I../OPENAMP -I../Core/Inc -I../../Middlewares/Third_Party/OpenAMP/open-amp/lib/include -I../../Middlewares/Third_Party/OpenAMP/libmetal/lib/include -I../../Drivers/STM32MP1xx_HAL_Driver/Inc -I../../Drivers/STM32MP1xx_HAL_Driver/Inc/Legacy -I../../Drivers/CMSIS/Device/ST/STM32MP1xx/Include -I../../Middlewares/Third_Party/OpenAMP/virtual_driver -I../../Drivers/CMSIS/Include -O0 -ffunction-sections -fdata-sections -Wall -fstack-usage -fcyclomatic-complexity -MMD -MP -MF"Middlewares/Third_Party/OpenAMP/virtio.d" -MT"Middlewares/Third_Party/OpenAMP/virtio.o" --specs=nano.specs -mfpu=fpv4-sp-d16 -mfloat-abi=hard -mthumb -o "Middlewares/Third_Party/OpenAMP/virtio.o"
arm-none-eabi-gcc "/home/danb127/Brake-System-Tester/BSTInputTesting/Middlewares/Third_Party/OpenAMP/open-amp/lib/virtio/virtqueue.c" -mcpu=cortex-m4 -std=gnu11 -g3 -DDEBUG -DCORE_CM4 -DNO_ATOMIC_64_SUPPORT -DMETAL_INTERNAL -DMETAL_MAX_DEVICE_REGIONS=2 -DVIRTIO_SLAVE_ONLY -DUSE_HAL_DRIVER -DSTM32MP157Fxx -c -I../OPENAMP -I../Core/Inc -I../../Middlewares/Third_Party/OpenAMP/open-amp/lib/include -I../../Middlewares/Third_Party/OpenAMP/libmetal/lib/include -I../../Drivers/STM32MP1xx_HAL_Driver/Inc -I../../Drivers/STM32MP1xx_HAL_Driver/Inc/Legacy -I../../Drivers/CMSIS/Device/ST/STM32MP1xx/Include -I../../Middlewares/Third_Party/OpenAMP/virtual_driver -I../../Drivers/CMSIS/Include -O0 -ffunction-sections -fdata-sections -Wall -fstack-usage -fcyclomatic-complexity -MMD -MP -MF"Middlewares/Third_Party/OpenAMP/virtqueue.d" -MT"Middlewares/Third_Party/OpenAMP/virtqueue.o" --specs=nano.specs -mfpu=fpv4-sp-d16 -mfloat-abi=hard -mthumb -o "Middlewares/Third_Party/OpenAMP/virtqueue.o"
arm-none-eabi-gcc "../Drivers/STM32MP1xx_HAL_Driver/Src/stm32mp1xx_hal.c" -mcpu=cortex-m4 -std=gnu11 -g3 -DDEBUG -DCORE_CM4 -DNO_ATOMIC_64_SUPPORT -DMETAL_INTERNAL -DMETAL_MAX_DEVICE_REGIONS=2 -DVIRTIO_SLAVE_ONLY -DUSE_HAL_DRIVER -DSTM32MP157Fxx -c -I../OPENAMP -I../Core/Inc -I../../Middlewares/Third_Party/OpenAMP/open-amp/lib/include -I../../Middlewares/Third_Party/OpenAMP/libmetal/lib/include -I../../Drivers/STM32MP1xx_HAL_Driver/Inc -I../../Drivers/STM32MP1xx_HAL_Driver/Inc/Legacy -I../../Drivers/CMSIS/Device/ST/STM32MP1xx/Include -I../../Middlewares/Third_Party/OpenAMP/virtual_driver -I../../Drivers/CMSIS/Include -O0 -ffunction-sections -fdata-sections -Wall -fstack-usage -fcyclomatic-complexity -MMD -MP -MF"Drivers/STM32MP1xx_HAL_Driver/Src/stm32mp1xx_hal.d" -MT"Drivers/STM32MP1xx_HAL_Driver/Src/stm32mp1xx_hal.o" --specs=nano.specs -mfpu=fpv4-sp-d16 -mfloat-abi=hard -mthumb -o "Drivers/STM32MP1xx_HAL_Driver/Src/stm32mp1xx_hal.o"
[...]
arm-none-eabi-gcc "/home/danb127/Brake-System-Tester/PSInputTesting/Drivers/STM32MP1xx_HAL_Driver/Src/stm32mp1xx_hal_cortex.c" -mcpu=cortex-m4 -std=gnu11 -g3 -DDEBUG -DCORE_CM4 -DNO_ATOMIC_64_SUPPORT -DMETAL_INTERNAL -DMETAL_MAX_DEVICE_REGIONS=2 -DVIRTIO_SLAVE_ONLY -DUSE_HAL_DRIVER -DSTM32MP157Fxx -c -I../OPENAMP -I../Core/Inc -I../../Middlewares/Third_Party/OpenAMP/open-amp/lib/include -I../../Middlewares/Third_Party/OpenAMP/libmetal/lib/include -I../../Drivers/STM32MP1xx_HAL_Driver/Inc -I../../Drivers/STM32MP1xx_HAL_Driver/Inc/Legacy -I../../Drivers/CMSIS/Device/ST/STM32MP1xx/Include -I../../Middlewares/Third_Party/OpenAMP/virtual_driver -I../../Drivers/CMSIS/Include -O0 -ffunction-sections -fdata-sections -Wall -fstack-usage -fcyclomatic-complexity -MMD -MP -MF"Drivers/STM32MP1xx_HAL_Driver/stm32mp1xx_hal_cortex.d" -MT"Drivers/STM32MP1xx_HAL_Driver/stm32mp1xx_hal_cortex.o" --specs=nano.specs -mfpu=fpv4-sp-d16 -mfloat-abi=hard -mthumb -o "Drivers/STM32MP1xx_HAL_Driver/stm32mp1xx_hal_cortex.o"
arm-none-eabi-gcc "/home/danb127/Brake-System-Tester/PSInputTesting/Drivers/STM32MP1xx_HAL_Driver/Src/stm32mp1xx_hal_dma.c" -mcpu=cortex-m4 -std=gnu11 -g3 -DDEBUG -DCORE_CM4 -DNO_ATOMIC_64_SUPPORT -DMETAL_INTERNAL -DMETAL_MAX_DEVICE_REGIONS=2 -DVIRTIO_SLAVE_ONLY -DUSE_HAL_DRIVER -DSTM32MP157Fxx -c -I../OPENAMP -I../Core/Inc -I../../Middlewares/Third_Party/OpenAMP/open-amp/lib/include -I../../Middlewares/Third_Party/OpenAMP/libmetal/lib/include -I../../Drivers/STM32MP1xx_HAL_Driver/Inc -I../../Drivers/STM32MP1xx_HAL_Driver/Inc/Legacy -I../../Drivers/CMSIS/Device/ST/STM32MP1xx/Include -I../../Middlewares/Third_Party/OpenAMP/virtual_driver -I../../Drivers/CMSIS/Include -O0 -ffunction-sections -fdata-sections -Wall -fstack-usage -fcyclomatic-complexity -MMD -MP -MF"Drivers/STM32MP1xx_HAL_Driver/stm32mp1xx_hal_dma.d" -MT"Drivers/STM32MP1xx_HAL_Driver/stm32mp1xx_hal_dma.o" --specs=nano.specs -mfpu=fpv4-sp-d16 -mfloat-abi=hard -mthumb -o "Drivers/STM32MP1xx_HAL_Driver/stm32mp1xx_hal_dma.o"
arm-none-eabi-gcc "/home/danb127/Brake-System-Tester/PSInputTesting/Drivers/STM32MP1xx_HAL_Driver/Src/stm32mp1xx_hal_dma_ex.c" -mcpu=cortex-m4 -std=gnu11 -g3 -DDEBUG -DCORE_CM4 -DNO_ATOMIC_64_SUPPORT -DMETAL_INTERNAL -DMETAL_MAX_DEVICE_REGIONS=2 -DVIRTIO_SLAVE_ONLY -DUSE_HAL_DRIVER -DSTM32MP157Fxx -c -I../OPENAMP -I../Core/Inc -I../../Middlewares/Third_Party/OpenAMP/open-amp/lib/include -I../../Middlewares/Third_Party/OpenAMP/libmetal/lib/include -I../../Drivers/STM32MP1xx_HAL_Driver/Inc -I../../Drivers/STM32MP1xx_HAL_Driver/Inc/Legacy -I../../Drivers/CMSIS/Device/ST/STM32MP1xx/Include -I../../Middlewares/Third_Party/OpenAMP/virtual_driver -I../../Drivers/CMSIS/Include -O0 -ffunction-sections -fdata-sections -Wall -fstack-usage -fcyclomatic-complexity -MMD -MP -MF"Drivers/STM32MP1xx_HAL_Driver/stm32mp1xx_hal_dma_ex.d" -MT"Drivers/STM32MP1xx_HAL_Driver/stm32mp1xx_hal_dma_ex.o" --specs=nano.specs -mfpu=fpv4-sp-d16 -mfloat-abi=hard -mthumb -o "Drivers/STM32MP1xx_HAL_Driver/stm32mp1xx_hal_dma_ex.o"
arm-none-eabi-gcc "/home/danb127/Brake-System-Tester/PSInputTesting/Drivers/STM32MP1xx_HAL_Driver/Src/stm32mp1xx_hal_exti.c" -mcpu=cortex-m4 -std=gnu11 -g3 -DDEBUG -DCORE_CM4 -DNO_ATOMIC_64_SUPPORT -DMETAL_INTERNAL -DMETAL_MAX_DEVICE_REGIONS=2 -DVIRTIO_SLAVE_ONLY -DUSE_HAL_DRIVER -DSTM32MP157Fxx -c -I../OPENAMP -I../Core/Inc -I../../Middlewares/Third_Party/OpenAMP/open-amp/lib/include -I../../Middlewares/Third_Party/OpenAMP/libmetal/lib/include -I../../Drivers/STM32MP1xx_HAL_Driver/Inc -I../../Drivers/STM32MP1xx_HAL_Driver/Inc/Legacy -I../../Drivers/CMSIS/Device/ST/STM32MP1xx/Include -I../../Middlewares/Third_Party/OpenAMP/virtual_driver -I../../Drivers/CMSIS/Include -O0 -ffunction-sections -fdata-sections -Wall -fstack-usage -fcyclomatic-complexity -MMD -MP -MF"Drivers/STM32MP1xx_HAL_Driver/stm32mp1xx_hal_exti.d" -MT"Drivers/STM32MP1xx_HAL_Driver/stm32mp1xx_hal_exti.o" --specs=nano.specs -mfpu=fpv4-sp-d16 -mfloat-abi=hard -mthumb -o "Drivers/STM32MP1xx_HAL_Driver/stm32mp1xx_hal_exti.o"
arm-none-eabi-gcc "/home/danb127/Brake-System-Tester/PSInputTesting/Drivers/STM32MP1xx_HAL_Driver/Src/stm32mp1xx_hal_gpio.c" -mcpu=cortex-m4 -std=gnu11 -g3 -DDEBUG -DCORE_CM4 -DNO_ATOMIC_64_SUPPORT -DMETAL_INTERNAL -DMETAL_MAX_DEVICE_REGIONS=2 -DVIRTIO_SLAVE_ONLY -DUSE_HAL_DRIVER -DSTM32MP157Fxx -c -I../OPENAMP -I../Core/Inc -I../../Middlewares/Third_Party/OpenAMP/open-amp/lib/include -I../../Middlewares/Third_Party/OpenAMP/libmetal/lib/include -I../../Drivers/STM32MP1xx_HAL_Driver/Inc -I../../Drivers/STM32MP1xx_HAL_Driver/Inc/Legacy -I../../Drivers/CMSIS/Device/ST/STM32MP1xx/Include -I../../Middlewares/Third_Party/OpenAMP/virtual_driver -I../../Drivers/CMSIS/Include -O0 -ffunction-sections -fdata-sections -Wall -fstack-usage -fcyclomatic-complexity -MMD -MP -MF"Drivers/STM32MP1xx_HAL_Driver/stm32mp1xx_hal_gpio.d" -MT"Drivers/STM32MP1xx_HAL_Driver/stm32mp1xx_hal_gpio.o" --specs=nano.specs -mfpu=fpv4-sp-d16 -mfloat-abi=hard -mthumb -o "Drivers/STM32MP1xx_HAL_Driver/stm32mp1xx_hal_gpio.o"
arm-none-eabi-gcc "/home/danb127/Brake-System-Tester/PSInputTesting/Drivers/STM32MP1xx_HAL_Driver/Src/stm32mp1xx_hal_hsem.c" -mcpu=cortex-m4 -std=gnu11 -g3 -DDEBUG -DCORE_CM4 -DNO_ATOMIC_64_SUPPORT -DMETAL_INTERNAL -DMETAL_MAX_DEVICE_REGIONS=2 -DVIRTIO_SLAVE_ONLY -DUSE_HAL_DRIVER -DSTM32MP157Fxx -c -I../OPENAMP -I../Core/Inc -I../../Middlewares/Third_Party/OpenAMP/open-amp/lib/include -I../../Middlewares/Third_Party/OpenAMP/libmetal/lib/include -I../../Drivers/STM32MP1xx_HAL_Driver/Inc -I../../Drivers/STM32MP1xx_HAL_Driver/Inc/Legacy -I../../Drivers/CMSIS/Device/ST/STM32MP1xx/Include -I../../Middlewares/Third_Party/OpenAMP/virtual_driver -I../../Drivers/CMSIS/Include -O0 -ffunction-sections -fdata-sections -Wall -fstack-usage -fcyclomatic-complexity -MMD -MP -MF"Drivers/STM32MP1xx_HAL_Driver/stm32mp1xx_hal_hsem.d" -MT"Drivers/STM32MP1xx_HAL_Driver/stm32mp1xx_hal_hsem.o" --specs=nano.specs -mfpu=fpv4-sp-d16 -mfloat-abi=hard -mthumb -o "Drivers/STM32MP1xx_HAL_Driver/stm32mp1xx_hal_hsem.o"
arm-none-eabi-gcc "/home/danb127/Brake-System-Tester/PSInputTesting/Drivers/STM32MP1xx_HAL_Driver/Src/stm32mp1xx_hal_ipcc.c" -mcpu=cortex-m4 -std=gnu11 -g3 -DDEBUG -DCORE_CM4 -DNO_ATOMIC_64_SUPPORT -DMETAL_INTERNAL -DMETAL_MAX_DEVICE_REGIONS=2 -DVIRTIO_SLAVE_ONLY -DUSE_HAL_DRIVER -DSTM32MP157Fxx -c -I../OPENAMP -I../Core/Inc -I../../Middlewares/Third_Party/OpenAMP/open-amp/lib/include -I../../Middlewares/Third_Party/OpenAMP/libmetal/lib/include -I../../Drivers/STM32MP1xx_HAL_Driver/Inc -I../../Drivers/STM32MP1xx_HAL_Driver/Inc/Legacy -I../../Drivers/CMSIS/Device/ST/STM32MP1xx/Include -I../../Middlewares/Third_Party/OpenAMP/virtual_driver -I../../Drivers/CMSIS/Include -O0 -ffunction-sections -fdata-sections -Wall -fstack-usage -fcyclomatic-complexity -MMD -MP -MF"Drivers/STM32MP1xx_HAL_Driver/stm32mp1xx_hal_ipcc.d" -MT"Drivers/STM32MP1xx_HAL_Driver/stm32mp1xx_hal_ipcc.o" --specs=nano.specs -mfpu=fpv4-sp-d16 -mfloat-abi=hard -mthumb -o "Drivers/STM32MP1xx_HAL_Driver/stm32mp1xx_hal_ipcc.o"
arm-none-eabi-gcc "/home/danb127/Brake-System-Tester/PSInputTesting/Drivers/STM32MP1xx_HAL_Driver/Src/stm32mp1xx_hal_mdma.c" -mcpu=cortex-m4 -std=gnu11 -g3 -DDEBUG -DCORE_CM4 -DNO_ATOMIC_64_SUPPORT -DMETAL_INTERNAL -DMETAL_MAX_DEVICE_REGIONS=2 -DVIRTIO_SLAVE_ONLY -DUSE_HAL_DRIVER -DSTM32MP157Fxx -c -I../OPENAMP -I../Core/Inc -I../../Middlewares/Third_Party/OpenAMP/open-amp/lib/include -I../../Middlewares/Third_Party/OpenAMP/libmetal/lib/include -I../../Drivers/STM32MP1xx_HAL_Driver/Inc -I../../Drivers/STM32MP1xx_HAL_Driver/Inc/Legacy -I../../Drivers/CMSIS/Device/ST/STM32MP1xx/Include -I../../Middlewares/Third_Party/OpenAMP/virtual_driver -I../../Drivers/CMSIS/Include -O0 -ffunction-sections -fdata-sections -Wall -fstack-usage -fcyclomatic-complexity -MMD -MP -MF"Drivers/STM32MP1xx_HAL_Driver/stm32mp1xx_hal_mdma.d" -MT"Drivers/STM32MP1xx_HAL_Driver/stm32mp1xx_hal_mdma.o" --specs=nano.specs -mfpu=fpv4-sp-d16 -mfloat-abi=hard -mthumb -o "Drivers/STM32MP1xx_HAL_Driver/stm32mp1xx_hal_mdma.o"
arm-none-eabi-gcc "/home/danb127/Brake-System-Tester/PSInputTesting/Drivers/STM32MP1xx_HAL_Driver/Src/stm32mp1xx_hal_pwr.c" -mcpu=cortex-m4 -std=gnu11 -g3 -DDEBUG -DCORE_CM4 -DNO_ATOMIC_64_SUPPORT -DMETAL_INTERNAL -DMETAL_MAX_DEVICE_REGIONS=2 -DVIRTIO_SLAVE_ONLY -DUSE_HAL_DRIVER -DSTM32MP157Fxx -c -I../OPENAMP -I../Core/Inc -I../../Middlewares/Third_Party/OpenAMP/open-amp/lib/include -I../../Middlewares/Third_Party/OpenAMP/libmetal/lib/include -I../../Drivers/STM32MP1xx_HAL_Driver/Inc -I../../Drivers/STM32MP1xx_HAL_Driver/Inc/Legacy -I../../Drivers/CMSIS/Device/ST/STM32MP1xx/Include -I../../Middlewares/Third_Party/OpenAMP/virtual_driver -I../../Drivers/CMSIS/Include -O0 -ffunction-sections -fdata-sections -Wall -fstack-usage -fcyclomatic-complexity -MMD -MP -MF"Drivers/STM32MP1xx_HAL_Driver/stm32mp1xx_hal_pwr.d" -MT"Drivers/STM32MP1xx_HAL_Driver/stm32mp1xx_hal_pwr.o" --specs=nano.specs -mfpu=fpv4-sp-d16 -mfloat-abi=hard -mthumb -o "Drivers/STM32MP1xx_HAL_Driver/stm32mp1xx_hal_pwr.o"
arm-none-eabi-gcc "/home/danb127/Brake-System-Tester/PSInputTesting/Drivers/STM32MP1xx_HAL_Driver/Src/stm32mp1xx_hal_pwr_ex.c" -mcpu=cortex-m4 -std=gnu11 -g3 -DDEBUG -DCORE_CM4 -DNO_ATOMIC_64_SUPPORT -DMETAL_INTERNAL -DMETAL_MAX_DEVICE_REGIONS=2 -DVIRTIO_SLAVE_ONLY -DUSE_HAL_DRIVER -DSTM32MP157Fxx -c -I../OPENAMP -I../Core/Inc -I../../Middlewares/Third_Party/OpenAMP/open-amp/lib/include -I../../Middlewares/Third_Party/OpenAMP/libmetal/lib/include -I../../Drivers/STM32MP1xx_HAL_Driver/Inc -I../../Drivers/STM32MP1xx_HAL_Driver/Inc/Legacy -I../../Drivers/CMSIS/Device/ST/STM32MP1xx/Include -I../../Middlewares/Third_Party/OpenAMP/virtual_driver -I../../Drivers/CMSIS/Include -O0 -ffunction-sections -fdata-sections -Wall -fstack-usage -fcyclomatic-complexity -MMD -MP -MF"Drivers/STM32MP1xx_HAL_Driver/stm32mp1xx_hal_pwr_ex.d" -MT"Drivers/STM32MP1xx_HAL_Driver/stm32mp1xx_hal_pwr_ex.o" --specs=nano.specs -mfpu=fpv4-sp-d16 -mfloat-abi=hard -mthumb -o "Drivers/STM32MP1xx_HAL_Driver/stm32mp1xx_hal_pwr_ex.o"
arm-none-eabi-gcc "/home/danb127/Brake-System-Tester/PSInputTesting/Drivers/STM32MP1xx_HAL_Driver/Src/stm32mp1xx_hal_rcc.c" -mcpu=cortex-m4 -std=gnu11 -g3 -DDEBUG -DCORE_CM4 -DNO_ATOMIC_64_SUPPORT -DMETAL_INTERNAL -DMETAL_MAX_DEVICE_REGIONS=2 -DVIRTIO_SLAVE_ONLY -DUSE_HAL_DRIVER -DSTM32MP157Fxx -c -I../OPENAMP -I../Core/Inc -I../../Middlewares/Third_Party/OpenAMP/open-amp/lib/include -I../../Middlewares/Third_Party/OpenAMP/libmetal/lib/include -I../../Drivers/STM32MP1xx_HAL_Driver/Inc -I../../Drivers/STM32MP1xx_HAL_Driver/Inc/Legacy -I../../Drivers/CMSIS/Device/ST/STM32MP1xx/Include -I../../Middlewares/Third_Party/OpenAMP/virtual_driver -I../../Drivers/CMSIS/Include -O0 -ffunction-sections -fdata-sections -Wall -fstack-usage -fcyclomatic-complexity -MMD -MP -MF"Drivers/STM32MP1xx_HAL_Driver/stm32mp1xx_hal_rcc.d" -MT"Drivers/STM32MP1xx_HAL_Driver/stm32mp1xx_hal_rcc.o" --specs=nano.specs -mfpu=fpv4-sp-d16 -mfloat-abi=hard -mthumb -o "Drivers/STM32MP1xx_HAL_Driver/stm32mp1xx_hal_rcc.o"
arm-none-eabi-gcc "/home/danb127/Brake-System-Tester/PSInputTesting/Drivers/STM32MP1xx_HAL_Driver/Src/stm32mp1xx_hal_rcc_ex.c" -mcpu=cortex-m4 -std=gnu11 -g3 -DDEBUG -DCORE_CM4 -DNO_ATOMIC_64_SUPPORT -DMETAL_INTERNAL -DMETAL_MAX_DEVICE_REGIONS=2 -DVIRTIO_SLAVE_ONLY -DUSE_HAL_DRIVER -DSTM32MP157Fxx -c -I../OPENAMP -I../Core/Inc -I../../Middlewares/Third_Party/OpenAMP/open-amp/lib/include -I../../Middlewares/Third_Party/OpenAMP/libmetal/lib/include -I../../Drivers/STM32MP1xx_HAL_Driver/Inc -I../../Drivers/STM32MP1xx_HAL_Driver/Inc/Legacy -I../../Drivers/CMSIS/Device/ST/STM32MP1xx/Include -I../../Middlewares/Third_Party/OpenAMP/virtual_driver -I../../Drivers/CMSIS/Include -O0 -ffunction-sections -fdata-sections -Wall -fstack-usage -fcyclomatic-complexity -MMD -MP -MF"Drivers/STM32MP1xx_HAL_Driver/stm32mp1xx_hal_rcc_ex.d" -MT"Drivers/STM32MP1xx_HAL_Driver/stm32mp1xx_hal_rcc_ex.o" --specs=nano.specs -mfpu=fpv4-sp-d16 -mfloat-abi=hard -mthumb -o "Drivers/STM32MP1xx_HAL_Driver/stm32mp1xx_hal_rcc_ex.o"
arm-none-eabi-gcc "/home/danb127/Brake-System-Tester/PSInputTesting/Drivers/STM32MP1xx_HAL_Driver/Src/stm32mp1xx_hal_tim.c" -mcpu=cortex-m4 -std=gnu11 -g3 -DDEBUG -DCORE_CM4 -DNO_ATOMIC_64_SUPPORT -DMETAL_INTERNAL -DMETAL_MAX_DEVICE_REGIONS=2 -DVIRTIO_SLAVE_ONLY -DUSE_HAL_DRIVER -DSTM32MP157Fxx -c -I../OPENAMP -I../Core/Inc -I../../Middlewares/Third_Party/OpenAMP/open-amp/lib/include -I../../Middlewares/Third_Party/OpenAMP/libmetal/lib/include -I../../Drivers/STM32MP1xx_HAL_Driver/Inc -I../../Drivers/STM32MP1xx_HAL_Driver/Inc/Legacy -I../../Drivers/CMSIS/Device/ST/STM32MP1xx/Include -I../../Middlewares/Third_Party/OpenAMP/virtual_driver -I../../Drivers/CMSIS/Include -O0 -ffunction-sections -fdata-sections -Wall -fstack-usage -fcyclomatic-complexity -MMD -MP -MF"Drivers/STM32MP1xx_HAL_Driver/stm32mp1xx_hal_tim.d" -MT"Drivers/STM32MP1xx_HAL_Driver/stm32mp1xx_hal_tim.o" --specs=nano.specs -mfpu=fpv4-sp-d16 -mfloat-abi=hard -mthumb -o "Drivers/STM32MP1xx_HAL_Driver/stm32mp1xx_hal_tim.o"
arm-none-eabi-gcc "/home/danb127/Brake-System-Tester/PSInputTesting/Drivers/STM32MP1xx_HAL_Driver/Src/stm32mp1xx_hal_tim_ex.c" -mcpu=cortex-m4 -std=gnu11 -g3 -DDEBUG -DCORE_CM4 -DNO_ATOMIC_64_SUPPORT -DMETAL_INTERNAL -DMETAL_MAX_DEVICE_REGIONS=2 -DVIRTIO_SLAVE_ONLY -DUSE_HAL_DRIVER -DSTM32MP157Fxx -c -I../OPENAMP -I../Core/Inc -I../../Middlewares/Third_Party/OpenAMP/open-amp/lib/include -I../../Middlewares/Third_Party/OpenAMP/libmetal/lib/include -I../../Drivers/STM32MP1xx_HAL_Driver/Inc -I../../Drivers/STM32MP1xx_HAL_Driver/Inc/Legacy -I../../Drivers/CMSIS/Device/ST/STM32MP1xx/Include -I../../Middlewares/Third_Party/OpenAMP/virtual_driver -I../../Drivers/CMSIS/Include -O0 -ffunction-sections -fdata-sections -Wall -fstack-usage -fcyclomatic-complexity -MMD -MP -MF"Drivers/STM32MP1xx_HAL_Driver/stm32mp1xx_hal_tim_ex.d" -MT"Drivers/STM32MP1xx_HAL_Driver/stm32mp1xx_hal_tim_ex.o" --specs=nano.specs -mfpu=fpv4-sp-d16 -mfloat-abi=hard -mthumb -o "Drivers/STM32MP1xx_HAL_Driver/stm32mp1xx_hal_tim_ex.o"
arm-none-eabi-gcc "/home/danb127/Brake-System-Tester/PSInputTesting/Drivers/STM32MP1xx_HAL_Driver/Src/stm32mp1xx_ll_adc.c" -mcpu=cortex-m4 -std=gnu11 -g3 -DDEBUG -DCORE_CM4 -DNO_ATOMIC_64_SUPPORT -DMETAL_INTERNAL -DMETAL_MAX_DEVICE_REGIONS=2 -DVIRTIO_SLAVE_ONLY -DUSE_HAL_DRIVER -DSTM32MP157Fxx -c -I../OPENAMP -I../Core/Inc -I../../Middlewares/Third_Party/OpenAMP/open-amp/lib/include -I../../Middlewares/Third_Party/OpenAMP/libmetal/lib/include -I../../Drivers/STM32MP1xx_HAL_Driver/Inc -I../../Drivers/STM32MP1xx_HAL_Driver/Inc/Legacy -I../../Drivers/CMSIS/Device/ST/STM32MP1xx/Include -I../../Middlewares/Third_Party/OpenAMP/virtual_driver -I../../Drivers/CMSIS/Include -O0 -ffunction-sections -fdata-sections -Wall -fstack-usage -fcyclomatic-complexity -MMD -MP -MF"Drivers/STM32MP1xx_HAL_Driver/stm32mp1xx_ll_adc.d" -MT"Drivers/STM32MP1xx_HAL_Driver/stm32mp1xx_ll_adc.o" --specs=nano.specs -mfpu=fpv4-sp-d16 -mfloat-abi=hard -mthumb -o "Drivers/STM32MP1xx_HAL_Driver/stm32mp1xx_ll_adc.o"
arm-none-eabi-gcc "../Core/Src/main.c" -mcpu=cortex-m4 -std=gnu11 -g3 -DDEBUG -DCORE_CM4 -DNO_ATOMIC_64_SUPPORT -DMETAL_INTERNAL -DMETAL_MAX_DEVICE_REGIONS=2 -DVIRTIO_SLAVE_ONLY -DUSE_HAL_DRIVER -DSTM32MP157Fxx -c -I../OPENAMP -I../Core/Inc -I../../Middlewares/Third_Party/OpenAMP/open-amp/lib/include -I../../Middlewares/Third_Party/OpenAMP/libmetal/lib/include -I../../Drivers/STM32MP1xx_HAL_Driver/Inc -I../../Drivers/STM32MP1xx_HAL_Driver/Inc/Legacy -I../../Drivers/CMSIS/Device/ST/STM32MP1xx/Include -I../../Middlewares/Third_Party/OpenAMP/virtual_driver -I../../Drivers/CMSIS/Include -O0 -ffunction-sections -fdata-sections -Wall -fstack-usage -fcyclomatic-complexity -MMD -MP -MF"Core/Src/main.d" -MT"Core/Src/main.o" --specs=nano.specs -mfpu=fpv4-sp-d16 -mfloat-abi=hard -mthumb -o "Core/Src/main.o"
arm-none-eabi-gcc "../Core/Src/stm32mp1xx_hal_msp.c" -mcpu=cortex-m4 -std=gnu11 -g3 -DDEBUG -DCORE_CM4 -DNO_ATOMIC_64_SUPPORT -DMETAL_INTERNAL -DMETAL_MAX_DEVICE_REGIONS=2 -DVIRTIO_SLAVE_ONLY -DUSE_HAL_DRIVER -DSTM32MP157Fxx -c -I../OPENAMP -I../Core/Inc -I../../Middlewares/Third_Party/OpenAMP/open-amp/lib/include -I../../Middlewares/Third_Party/OpenAMP/libmetal/lib/include -I../../Drivers/STM32MP1xx_HAL_Driver/Inc -I../../Drivers/STM32MP1xx_HAL_Driver/Inc/Legacy -I../../Drivers/CMSIS/Device/ST/STM32MP1xx/Include -I../../Middlewares/Third_Party/OpenAMP/virtual_driver -I../../Drivers/CMSIS/Include -O0 -ffunction-sections -fdata-sections -Wall -fstack-usage -fcyclomatic-complexity -MMD -MP -MF"Core/Src/stm32mp1xx_hal_msp.d" -MT"Core/Src/stm32mp1xx_hal_msp.o" --specs=nano.specs -mfpu=fpv4-sp-d16 -mfloat-abi=hard -mthumb -o "Core/Src/stm32mp1xx_hal_msp.o"
arm-none-eabi-gcc "../Core/Src/stm32mp1xx_it.c" -mcpu=cortex-m4 -std=gnu11 -g3 -DDEBUG -DCORE_CM4 -DNO_ATOMIC_64_SUPPORT -DMETAL_INTERNAL -DMETAL_MAX_DEVICE_REGIONS=2 -DVIRTIO_SLAVE_ONLY -DUSE_HAL_DRIVER -DSTM32MP157Fxx -c -I../OPENAMP -I../Core/Inc -I../../Middlewares/Third_Party/OpenAMP/open-amp/lib/include -I../../Middlewares/Third_Party/OpenAMP/libmetal/lib/include -I../../Drivers/STM32MP1xx_HAL_Driver/Inc -I../../Drivers/STM32MP1xx_HAL_Driver/Inc/Legacy -I../../Drivers/CMSIS/Device/ST/STM32MP1xx/Include -I../../Middlewares/Third_Party/OpenAMP/virtual_driver -I../../Drivers/CMSIS/Include -O0 -ffunction-sections -fdata-sections -Wall -fstack-usage -fcyclomatic-complexity -MMD -MP -MF"Core/Src/stm32mp1xx_it.d" -MT"Core/Src/stm32mp1xx_it.o" --specs=nano.specs -mfpu=fpv4-sp-d16 -mfloat-abi=hard -mthumb -o "Core/Src/stm32mp1xx_it.o"
arm-none-eabi-gcc "/home/danb127/Brake-System-Tester/PSInputTesting/Common/System/system_stm32mp1xx.c" -mcpu=cortex-m4 -std=gnu11 -g3 -DDEBUG -DCORE_CM4 -DNO_ATOMIC_64_SUPPORT -DMETAL_INTERNAL -DMETAL_MAX_DEVICE_REGIONS=2 -DVIRTIO_SLAVE_ONLY -DUSE_HAL_DRIVER -DSTM32MP157Fxx -c -I../OPENAMP -I../Core/Inc -I../../Middlewares/Third_Party/OpenAMP/open-amp/lib/include -I../../Middlewares/Third_Party/OpenAMP/libmetal/lib/include -I../../Drivers/STM32MP1xx_HAL_Driver/Inc -I../../Drivers/STM32MP1xx_HAL_Driver/Inc/Legacy -I../../Drivers/CMSIS/Device/ST/STM32MP1xx/Include -I../../Middlewares/Third_Party/OpenAMP/virtual_driver -I../../Drivers/CMSIS/Include -O0 -ffunction-sections -fdata-sections -Wall -fstack-usage -fcyclomatic-complexity -MMD -MP -MF"Common/System/system_stm32mp1xx.d" -MT"Common/System/system_stm32mp1xx.o" --specs=nano.specs -mfpu=fpv4-sp-d16 -mfloat-abi=hard -mthumb -o "Common/System/system_stm32mp1xx.o"
arm-none-eabi-gcc -o "PSInputTesting_CM4.elf" @"objects.list"   -mcpu=cortex-m4 -T"/home/danb127/Brake-System-Tester/PSInputTesting/CM4/STM32MP157FACX_RAM.ld" --specs=nosys.specs -Wl,-Map="PSInputTesting_CM4.map" -Wl,--gc-sections -static --specs=nano.specs -mfpu=fpv4-sp-d16 -mfloat-abi=hard -mthumb -Wl,--start-group -lc -lm -Wl,--end-group
Finished building target: PSInputTesting_CM4.elf
 
arm-none-eabi-size  PSInputTesting_CM4.elf 
arm-none-eabi-objdump -h -S PSInputTesting_CM4.elf  > "PSInputTesting_CM4.list"
   text	   data	    bss	    dec	    hex	filename
  42788	    288	   2372	  45448	   b188	PSInputTesting_CM4.elf
Finished building: default.size.stdout
 
Finished building: PSInputTesting_CM4.list
 
