18:13:09 **** Clean-only build of configuration Debug for project BSTInputTesting_CM4 ****
make -j8 clean 
rm -rf ./OPENAMP/mbox_ipcc.cyclo ./OPENAMP/mbox_ipcc.d ./OPENAMP/mbox_ipcc.o ./OPENAMP/mbox_ipcc.su ./OPENAMP/openamp.cyclo ./OPENAMP/openamp.d ./OPENAMP/openamp.o ./OPENAMP/openamp.su ./OPENAMP/openamp_log.cyclo ./OPENAMP/openamp_log.d ./OPENAMP/openamp_log.o ./OPENAMP/openamp_log.su ./OPENAMP/rsc_table.cyclo ./OPENAMP/rsc_table.d ./OPENAMP/rsc_table.o ./OPENAMP/rsc_table.su
rm -rf ./Middlewares/Third_Party/OpenAMP/condition.cyclo ./Middlewares/Third_Party/OpenAMP/condition.d ./Middlewares/Third_Party/OpenAMP/condition.o ./Middlewares/Third_Party/OpenAMP/condition.su ./Middlewares/Third_Party/OpenAMP/device.cyclo ./Middlewares/Third_Party/OpenAMP/device.d ./Middlewares/Third_Party/OpenAMP/device.o ./Middlewares/Third_Party/OpenAMP/device.su ./Middlewares/Third_Party/OpenAMP/generic_device.cyclo ./Middlewares/Third_Party/OpenAMP/generic_device.d ./Middlewares/Third_Party/OpenAMP/generic_device.o ./Middlewares/Third_Party/OpenAMP/generic_device.su ./Middlewares/Third_Party/OpenAMP/generic_init.cyclo ./Middlewares/Third_Party/OpenAMP/generic_init.d ./Middlewares/Third_Party/OpenAMP/generic_init.o ./Middlewares/Third_Party/OpenAMP/generic_init.su ./Middlewares/Third_Party/OpenAMP/generic_io.cyclo ./Middlewares/Third_Party/OpenAMP/generic_io.d ./Middlewares/Third_Party/OpenAMP/generic_io.o ./Middlewares/Third_Party/OpenAMP/generic_io.su ./Middlewares/Third_Party/OpenAMP/generic_shmem.cyclo ./Middlewares/Third_Party/OpenAMP/generic_shmem.d ./Middlewares/Third_Party/OpenAMP/generic_shmem.o ./Middlewares/Third_Party/OpenAMP/generic_shmem.su ./Middlewares/Third_Party/OpenAMP/init.cyclo ./Middlewares/Third_Party/OpenAMP/init.d ./Middlewares/Third_Party/OpenAMP/init.o ./Middlewares/Third_Party/OpenAMP/init.su ./Middlewares/Third_Party/OpenAMP/io.cyclo ./Middlewares/Third_Party/OpenAMP/io.d ./Middlewares/Third_Party/OpenAMP/io.o ./Middlewares/Third_Party/OpenAMP/io.su ./Middlewares/Third_Party/OpenAMP/log.cyclo ./Middlewares/Third_Party/OpenAMP/log.d ./Middlewares/Third_Party/OpenAMP/log.o ./Middlewares/Third_Party/OpenAMP/log.su ./Middlewares/Third_Party/OpenAMP/remoteproc_virtio.cyclo ./Middlewares/Third_Party/OpenAMP/remoteproc_virtio.d ./Middlewares/Third_Party/OpenAMP/remoteproc_virtio.o ./Middlewares/Third_Party/OpenAMP/remoteproc_virtio.su ./Middlewares/Third_Party/OpenAMP/rpmsg.cyclo ./Middlewares/Third_Party/OpenAMP/rpmsg.d ./Middlewares/Third_Party/OpenAMP/rpmsg.o ./Middlewares/Third_Party/OpenAMP/rpmsg.su ./Middlewares/Third_Party/OpenAMP/rpmsg_virtio.cyclo ./Middlewares/Third_Party/OpenAMP/rpmsg_virtio.d ./Middlewares/Third_Party/OpenAMP/rpmsg_virtio.o ./Middlewares/Third_Party/OpenAMP/rpmsg_virtio.su ./Middlewares/Third_Party/OpenAMP/shmem.cyclo ./Middlewares/Third_Party/OpenAMP/shmem.d ./Middlewares/Third_Party/OpenAMP/shmem.o ./Middlewares/Third_Party/OpenAMP/shmem.su ./Middlewares/Third_Party/OpenAMP/sys.cyclo ./Middlewares/Third_Party/OpenAMP/sys.d ./Middlewares/Third_Party/OpenAMP/sys.o ./Middlewares/Third_Party/OpenAMP/sys.su ./Middlewares/Third_Party/OpenAMP/time.cyclo ./Middlewares/Third_Party/OpenAMP/time.d ./Middlewares/Third_Party/OpenAMP/time.o ./Middlewares/Third_Party/OpenAMP/time.su ./Middlewares/Third_Party/OpenAMP/virt_uart.cyclo ./Middlewares/Third_Party/OpenAMP/virt_uart.d ./Middlewares/Third_Party/OpenAMP/virt_uart.o ./Middlewares/Third_Party/OpenAMP/virt_uart.su ./Middlewares/Third_Party/OpenAMP/virtio.cyclo ./Middlewares/Third_Party/OpenAMP/virtio.d ./Middlewares/Third_Party/OpenAMP/virtio.o ./Middlewares/Third_Party/OpenAMP/virtio.su ./Middlewares/Third_Party/OpenAMP/virtqueue.cyclo ./Middlewares/Third_Party/OpenAMP/virtqueue.d ./Middlewares/Third_Party/OpenAMP/virtqueue.o ./Middlewares/Third_Party/OpenAMP/virtqueue.su
rm -rf ./Drivers/STM32MP1xx_HAL_Driver/stm32mp1xx_hal.cyclo ./Drivers/STM32MP1xx_HAL_Driver/stm32mp1xx_hal.d ./Drivers/STM32MP1xx_HAL_Driver/stm32mp1xx_hal.o ./Drivers/STM32MP1xx_HAL_Driver/stm32mp1xx_hal.su ./Drivers/STM32MP1xx_HAL_Driver/stm32mp1xx_hal_cortex.cyclo ./Drivers/STM32MP1xx_HAL_Driver/stm32mp1xx_hal_cortex.d ./Drivers/STM32MP1xx_HAL_Driver/stm32mp1xx_hal_cortex.o ./Drivers/STM32MP1xx_HAL_Driver/stm32mp1xx_hal_cortex.su ./Drivers/STM32MP1xx_HAL_Driver/stm32mp1xx_hal_dma.cyclo ./Drivers/STM32MP1xx_HAL_Driver/stm32mp1xx_hal_dma.d ./Drivers/STM32MP1xx_HAL_Driver/stm32mp1xx_hal_dma.o ./Drivers/STM32MP1xx_HAL_Driver/stm32mp1xx_hal_dma.su ./Drivers/STM32MP1xx_HAL_Driver/stm32mp1xx_hal_dma_ex.cyclo ./Drivers/STM32MP1xx_HAL_Driver/stm32mp1xx_hal_dma_ex.d ./Drivers/STM32MP1xx_HAL_Driver/stm32mp1xx_hal_dma_ex.o ./Drivers/STM32MP1xx_HAL_Driver/stm32mp1xx_hal_dma_ex.su ./Drivers/STM32MP1xx_HAL_Driver/stm32mp1xx_hal_exti.cyclo ./Drivers/STM32MP1xx_HAL_Driver/stm32mp1xx_hal_exti.d ./Drivers/STM32MP1xx_HAL_Driver/stm32mp1xx_hal_exti.o ./Drivers/STM32MP1xx_HAL_Driver/stm32mp1xx_hal_exti.su ./Drivers/STM32MP1xx_HAL_Driver/stm32mp1xx_hal_gpio.cyclo ./Drivers/STM32MP1xx_HAL_Driver/stm32mp1xx_hal_gpio.d ./Drivers/STM32MP1xx_HAL_Driver/stm32mp1xx_hal_gpio.o ./Drivers/STM32MP1xx_HAL_Driver/stm32mp1xx_hal_gpio.su ./Drivers/STM32MP1xx_HAL_Driver/stm32mp1xx_hal_hsem.cyclo ./Drivers/STM32MP1xx_HAL_Driver/stm32mp1xx_hal_hsem.d ./Drivers/STM32MP1xx_HAL_Driver/stm32mp1xx_hal_hsem.o ./Drivers/STM32MP1xx_HAL_Driver/stm32mp1xx_hal_hsem.su ./Drivers/STM32MP1xx_HAL_Driver/stm32mp1xx_hal_ipcc.cyclo ./Drivers/STM32MP1xx_HAL_Driver/stm32mp1xx_hal_ipcc.d ./Drivers/STM32MP1xx_HAL_Driver/stm32mp1xx_hal_ipcc.o ./Drivers/STM32MP1xx_HAL_Driver/stm32mp1xx_hal_ipcc.su ./Drivers/STM32MP1xx_HAL_Driver/stm32mp1xx_hal_mdma.cyclo ./Drivers/STM32MP1xx_HAL_Driver/stm32mp1xx_hal_mdma.d ./Drivers/STM32MP1xx_HAL_Driver/stm32mp1xx_hal_mdma.o ./Drivers/STM32MP1xx_HAL_Driver/stm32mp1xx_hal_mdma.su ./Drivers/STM32MP1xx_HAL_Driver/stm32mp1xx_hal_pwr.cyclo ./Drivers/STM32MP1xx_HAL_Driver/stm32mp1xx_hal_pwr.d ./Drivers/STM32MP1xx_HAL_Driver/stm32mp1xx_hal_pwr.o ./Drivers/STM32MP1xx_HAL_Driver/stm32mp1xx_hal_pwr.su ./Drivers/STM32MP1xx_HAL_Driver/stm32mp1xx_hal_pwr_ex.cyclo ./Drivers/STM32MP1xx_HAL_Driver/stm32mp1xx_hal_pwr_ex.d ./Drivers/STM32MP1xx_HAL_Driver/stm32mp1xx_hal_pwr_ex.o ./Drivers/STM32MP1xx_HAL_Driver/stm32mp1xx_hal_pwr_ex.su ./Drivers/STM32MP1xx_HAL_Driver/stm32mp1xx_hal_rcc.cyclo ./Drivers/STM32MP1xx_HAL_Driver/stm32mp1xx_hal_rcc.d ./Drivers/STM32MP1xx_HAL_Driver/stm32mp1xx_hal_rcc.o ./Drivers/STM32MP1xx_HAL_Driver/stm32mp1xx_hal_rcc.su ./Drivers/STM32MP1xx_HAL_Driver/stm32mp1xx_hal_rcc_ex.cyclo ./Drivers/STM32MP1xx_HAL_Driver/stm32mp1xx_hal_rcc_ex.d ./Drivers/STM32MP1xx_HAL_Driver/stm32mp1xx_hal_rcc_ex.o ./Drivers/STM32MP1xx_HAL_Driver/stm32mp1xx_hal_rcc_ex.su ./Drivers/STM32MP1xx_HAL_Driver/stm32mp1xx_hal_tim.cyclo ./Drivers/STM32MP1xx_HAL_Driver/stm32mp1xx_hal_tim.d ./Drivers/STM32MP1xx_HAL_Driver/stm32mp1xx_hal_tim.o ./Drivers/STM32MP1xx_HAL_Driver/stm32mp1xx_hal_tim.su ./Drivers/STM32MP1xx_HAL_Driver/stm32mp1xx_hal_tim_ex.cyclo ./Drivers/STM32MP1xx_HAL_Driver/stm32mp1xx_hal_tim_ex.d ./Drivers/STM32MP1xx_HAL_Driver/stm32mp1xx_hal_tim_ex.o ./Drivers/STM32MP1xx_HAL_Driver/stm32mp1xx_hal_tim_ex.su
rm -rf ./Core/Startup/startup_stm32mp157facx.d ./Core/Startup/startup_stm32mp157facx.o
rm -rf ./Core/Src/main.cyclo ./Core/Src/main.d ./Core/Src/main.o ./Core/Src/main.su ./Core/Src/stm32mp1xx_hal_msp.cyclo ./Core/Src/stm32mp1xx_hal_msp.d ./Core/Src/stm32mp1xx_hal_msp.o ./Core/Src/stm32mp1xx_hal_msp.su ./Core/Src/stm32mp1xx_it.cyclo ./Core/Src/stm32mp1xx_it.d ./Core/Src/stm32mp1xx_it.o ./Core/Src/stm32mp1xx_it.su ./Core/Src/syscalls.cyclo ./Core/Src/syscalls.d ./Core/Src/syscalls.o ./Core/Src/syscalls.su ./Core/Src/sysmem.cyclo ./Core/Src/sysmem.d ./Core/Src/sysmem.o ./Core/Src/sysmem.su
rm -rf ./Common/System/system_stm32mp1xx.cyclo ./Common/System/system_stm32mp1xx.d ./Common/System/system_stm32mp1xx.o ./Common/System/system_stm32mp1xx.su
rm -rf BSTInputTesting_CM4.elf BSTInputTesting_CM4.list BSTInputTesting_CM4.map default.size.stdout
 
18:13:17 **** Build of configuration Debug for project BSTInputTesting_CM4 ****
make -j8 all 
arm-none-eabi-gcc "../OPENAMP/mbox_ipcc.c" -mcpu=cortex-m4 -std=gnu11 -g3 -DDEBUG -DCORE_CM4 -DNO_ATOMIC_64_SUPPORT -DMETAL_INTERNAL -DMETAL_MAX_DEVICE_REGIONS=2 -DVIRTIO_SLAVE_ONLY -DUSE_HAL_DRIVER -DSTM32MP157Fxx -c -I../OPENAMP -I../Core/Inc -I../../Middlewares/Third_Party/OpenAMP/open-amp/lib/include -I../../Middlewares/Third_Party/OpenAMP/libmetal/lib/include -I../../Drivers/STM32MP1xx_HAL_Driver/Inc -I../../Drivers/STM32MP1xx_HAL_Driver/Inc/Legacy -I../../Drivers/CMSIS/Device/ST/STM32MP1xx/Include -I../../Middlewares/Third_Party/OpenAMP/virtual_driver -I../../Drivers/CMSIS/Include -O0 -ffunction-sections -fdata-sections -Wall -fstack-usage -fcyclomatic-complexity -MMD -MP -MF"OPENAMP/mbox_ipcc.d" -MT"OPENAMP/mbox_ipcc.o" --specs=nano.specs -mfpu=fpv4-sp-d16 -mfloat-abi=hard -mthumb -o "OPENAMP/mbox_ipcc.o"
arm-none-eabi-gcc "../OPENAMP/openamp.c" -mcpu=cortex-m4 -std=gnu11 -g3 -DDEBUG -DCORE_CM4 -DNO_ATOMIC_64_SUPPORT -DMETAL_INTERNAL -DMETAL_MAX_DEVICE_REGIONS=2 -DVIRTIO_SLAVE_ONLY -DUSE_HAL_DRIVER -DSTM32MP157Fxx -c -I../OPENAMP -I../Core/Inc -I../../Middlewares/Third_Party/OpenAMP/open-amp/lib/include -I../../Middlewares/Third_Party/OpenAMP/libmetal/lib/include -I../../Drivers/STM32MP1xx_HAL_Driver/Inc -I../../Drivers/STM32MP1xx_HAL_Driver/Inc/Legacy -I../../Drivers/CMSIS/Device/ST/STM32MP1xx/Include -I../../Middlewares/Third_Party/OpenAMP/virtual_driver -I../../Drivers/CMSIS/Include -O0 -ffunction-sections -fdata-sections -Wall -fstack-usage -fcyclomatic-complexity -MMD -MP -MF"OPENAMP/openamp.d" -MT"OPENAMP/openamp.o" --specs=nano.specs -mfpu=fpv4-sp-d16 -mfloat-abi=hard -mthumb -o "OPENAMP/openamp.o"
arm-none-eabi-gcc "../OPENAMP/openamp_log.c" -mcpu=cortex-m4 -std=gnu11 -g3 -DDEBUG -DCORE_CM4 -DNO_ATOMIC_64_SUPPORT -DMETAL_INTERNAL -DMETAL_MAX_DEVICE_REGIONS=2 -DVIRTIO_SLAVE_ONLY -DUSE_HAL_DRIVER -DSTM32MP157Fxx -c -I../OPENAMP -I../Core/Inc -I../../Middlewares/Third_Party/OpenAMP/open-amp/lib/include -I../../Middlewares/Third_Party/OpenAMP/libmetal/lib/include -I../../Drivers/STM32MP1xx_HAL_Driver/Inc -I../../Drivers/STM32MP1xx_HAL_Driver/Inc/Legacy -I../../Drivers/CMSIS/Device/ST/STM32MP1xx/Include -I../../Middlewares/Third_Party/OpenAMP/virtual_driver -I../../Drivers/CMSIS/Include -O0 -ffunction-sections -fdata-sections -Wall -fstack-usage -fcyclomatic-complexity -MMD -MP -MF"OPENAMP/openamp_log.d" -MT"OPENAMP/openamp_log.o" --specs=nano.specs -mfpu=fpv4-sp-d16 -mfloat-abi=hard -mthumb -o "OPENAMP/openamp_log.o"
arm-none-eabi-gcc "../OPENAMP/rsc_table.c" -mcpu=cortex-m4 -std=gnu11 -g3 -DDEBUG -DCORE_CM4 -DNO_ATOMIC_64_SUPPORT -DMETAL_INTERNAL -DMETAL_MAX_DEVICE_REGIONS=2 -DVIRTIO_SLAVE_ONLY -DUSE_HAL_DRIVER -DSTM32MP157Fxx -c -I../OPENAMP -I../Core/Inc -I../../Middlewares/Third_Party/OpenAMP/open-amp/lib/include -I../../Middlewares/Third_Party/OpenAMP/libmetal/lib/include -I../../Drivers/STM32MP1xx_HAL_Driver/Inc -I../../Drivers/STM32MP1xx_HAL_Driver/Inc/Legacy -I../../Drivers/CMSIS/Device/ST/STM32MP1xx/Include -I../../Middlewares/Third_Party/OpenAMP/virtual_driver -I../../Drivers/CMSIS/Include -O0 -ffunction-sections -fdata-sections -Wall -fstack-usage -fcyclomatic-complexity -MMD -MP -MF"OPENAMP/rsc_table.d" -MT"OPENAMP/rsc_table.o" --specs=nano.specs -mfpu=fpv4-sp-d16 -mfloat-abi=hard -mthumb -o "OPENAMP/rsc_table.o"
arm-none-eabi-gcc "/home/danb127/Brake-System-Tester/BSTInputTesting/Middlewares/Third_Party/OpenAMP/libmetal/lib/system/generic/condition.c" -mcpu=cortex-m4 -std=gnu11 -g3 -DDEBUG -DCORE_CM4 -DNO_ATOMIC_64_SUPPORT -DMETAL_INTERNAL -DMETAL_MAX_DEVICE_REGIONS=2 -DVIRTIO_SLAVE_ONLY -DUSE_HAL_DRIVER -DSTM32MP157Fxx -c -I../OPENAMP -I../Core/Inc -I../../Middlewares/Third_Party/OpenAMP/open-amp/lib/include -I../../Middlewares/Third_Party/OpenAMP/libmetal/lib/include -I../../Drivers/STM32MP1xx_HAL_Driver/Inc -I../../Drivers/STM32MP1xx_HAL_Driver/Inc/Legacy -I../../Drivers/CMSIS/Device/ST/STM32MP1xx/Include -I../../Middlewares/Third_Party/OpenAMP/virtual_driver -I../../Drivers/CMSIS/Include -O0 -ffunction-sections -fdata-sections -Wall -fstack-usage -fcyclomatic-complexity -MMD -MP -MF"Middlewares/Third_Party/OpenAMP/condition.d" -MT"Middlewares/Third_Party/OpenAMP/condition.o" --specs=nano.specs -mfpu=fpv4-sp-d16 -mfloat-abi=hard -mthumb -o "Middlewares/Third_Party/OpenAMP/condition.o"
arm-none-eabi-gcc "/home/danb127/Brake-System-Tester/BSTInputTesting/Middlewares/Third_Party/OpenAMP/libmetal/lib/device.c" -mcpu=cortex-m4 -std=gnu11 -g3 -DDEBUG -DCORE_CM4 -DNO_ATOMIC_64_SUPPORT -DMETAL_INTERNAL -DMETAL_MAX_DEVICE_REGIONS=2 -DVIRTIO_SLAVE_ONLY -DUSE_HAL_DRIVER -DSTM32MP157Fxx -c -I../OPENAMP -I../Core/Inc -I../../Middlewares/Third_Party/OpenAMP/open-amp/lib/include -I../../Middlewares/Third_Party/OpenAMP/libmetal/lib/include -I../../Drivers/STM32MP1xx_HAL_Driver/Inc -I../../Drivers/STM32MP1xx_HAL_Driver/Inc/Legacy -I../../Drivers/CMSIS/Device/ST/STM32MP1xx/Include -I../../Middlewares/Third_Party/OpenAMP/virtual_driver -I../../Drivers/CMSIS/Include -O0 -ffunction-sections -fdata-sections -Wall -fstack-usage -fcyclomatic-complexity -MMD -MP -MF"Middlewares/Third_Party/OpenAMP/device.d" -MT"Middlewares/Third_Party/OpenAMP/device.o" --specs=nano.specs -mfpu=fpv4-sp-d16 -mfloat-abi=hard -mthumb -o "Middlewares/Third_Party/OpenAMP/device.o"
arm-none-eabi-gcc "/home/danb127/Brake-System-Tester/BSTInputTesting/Middlewares/Third_Party/OpenAMP/libmetal/lib/system/generic/generic_device.c" -mcpu=cortex-m4 -std=gnu11 -g3 -DDEBUG -DCORE_CM4 -DNO_ATOMIC_64_SUPPORT -DMETAL_INTERNAL -DMETAL_MAX_DEVICE_REGIONS=2 -DVIRTIO_SLAVE_ONLY -DUSE_HAL_DRIVER -DSTM32MP157Fxx -c -I../OPENAMP -I../Core/Inc -I../../Middlewares/Third_Party/OpenAMP/open-amp/lib/include -I../../Middlewares/Third_Party/OpenAMP/libmetal/lib/include -I../../Drivers/STM32MP1xx_HAL_Driver/Inc -I../../Drivers/STM32MP1xx_HAL_Driver/Inc/Legacy -I../../Drivers/CMSIS/Device/ST/STM32MP1xx/Include -I../../Middlewares/Third_Party/OpenAMP/virtual_driver -I../../Drivers/CMSIS/Include -O0 -ffunction-sections -fdata-sections -Wall -fstack-usage -fcyclomatic-complexity -MMD -MP -MF"Middlewares/Third_Party/OpenAMP/generic_device.d" -MT"Middlewares/Third_Party/OpenAMP/generic_device.o" --specs=nano.specs -mfpu=fpv4-sp-d16 -mfloat-abi=hard -mthumb -o "Middlewares/Third_Party/OpenAMP/generic_device.o"
arm-none-eabi-gcc "/home/danb127/Brake-System-Tester/BSTInputTesting/Middlewares/Third_Party/OpenAMP/libmetal/lib/system/generic/generic_init.c" -mcpu=cortex-m4 -std=gnu11 -g3 -DDEBUG -DCORE_CM4 -DNO_ATOMIC_64_SUPPORT -DMETAL_INTERNAL -DMETAL_MAX_DEVICE_REGIONS=2 -DVIRTIO_SLAVE_ONLY -DUSE_HAL_DRIVER -DSTM32MP157Fxx -c -I../OPENAMP -I../Core/Inc -I../../Middlewares/Third_Party/OpenAMP/open-amp/lib/include -I../../Middlewares/Third_Party/OpenAMP/libmetal/lib/include -I../../Drivers/STM32MP1xx_HAL_Driver/Inc -I../../Drivers/STM32MP1xx_HAL_Driver/Inc/Legacy -I../../Drivers/CMSIS/Device/ST/STM32MP1xx/Include -I../../Middlewares/Third_Party/OpenAMP/virtual_driver -I../../Drivers/CMSIS/Include -O0 -ffunction-sections -fdata-sections -Wall -fstack-usage -fcyclomatic-complexity -MMD -MP -MF"Middlewares/Third_Party/OpenAMP/generic_init.d" -MT"Middlewares/Third_Party/OpenAMP/generic_init.o" --specs=nano.specs -mfpu=fpv4-sp-d16 -mfloat-abi=hard -mthumb -o "Middlewares/Third_Party/OpenAMP/generic_init.o"
arm-none-eabi-gcc "/home/danb127/Brake-System-Tester/BSTInputTesting/Middlewares/Third_Party/OpenAMP/libmetal/lib/system/generic/generic_io.c" -mcpu=cortex-m4 -std=gnu11 -g3 -DDEBUG -DCORE_CM4 -DNO_ATOMIC_64_SUPPORT -DMETAL_INTERNAL -DMETAL_MAX_DEVICE_REGIONS=2 -DVIRTIO_SLAVE_ONLY -DUSE_HAL_DRIVER -DSTM32MP157Fxx -c -I../OPENAMP -I../Core/Inc -I../../Middlewares/Third_Party/OpenAMP/open-amp/lib/include -I../../Middlewares/Third_Party/OpenAMP/libmetal/lib/include -I../../Drivers/STM32MP1xx_HAL_Driver/Inc -I../../Drivers/STM32MP1xx_HAL_Driver/Inc/Legacy -I../../Drivers/CMSIS/Device/ST/STM32MP1xx/Include -I../../Middlewares/Third_Party/OpenAMP/virtual_driver -I../../Drivers/CMSIS/Include -O0 -ffunction-sections -fdata-sections -Wall -fstack-usage -fcyclomatic-complexity -MMD -MP -MF"Middlewares/Third_Party/OpenAMP/generic_io.d" -MT"Middlewares/Third_Party/OpenAMP/generic_io.o" --specs=nano.specs -mfpu=fpv4-sp-d16 -mfloat-abi=hard -mthumb -o "Middlewares/Third_Party/OpenAMP/generic_io.o"
arm-none-eabi-gcc "/home/danb127/Brake-System-Tester/BSTInputTesting/Middlewares/Third_Party/OpenAMP/libmetal/lib/system/generic/generic_shmem.c" -mcpu=cortex-m4 -std=gnu11 -g3 -DDEBUG -DCORE_CM4 -DNO_ATOMIC_64_SUPPORT -DMETAL_INTERNAL -DMETAL_MAX_DEVICE_REGIONS=2 -DVIRTIO_SLAVE_ONLY -DUSE_HAL_DRIVER -DSTM32MP157Fxx -c -I../OPENAMP -I../Core/Inc -I../../Middlewares/Third_Party/OpenAMP/open-amp/lib/include -I../../Middlewares/Third_Party/OpenAMP/libmetal/lib/include -I../../Drivers/STM32MP1xx_HAL_Driver/Inc -I../../Drivers/STM32MP1xx_HAL_Driver/Inc/Legacy -I../../Drivers/CMSIS/Device/ST/STM32MP1xx/Include -I../../Middlewares/Third_Party/OpenAMP/virtual_driver -I../../Drivers/CMSIS/Include -O0 -ffunction-sections -fdata-sections -Wall -fstack-usage -fcyclomatic-complexity -MMD -MP -MF"Middlewares/Third_Party/OpenAMP/generic_shmem.d" -MT"Middlewares/Third_Party/OpenAMP/generic_shmem.o" --specs=nano.specs -mfpu=fpv4-sp-d16 -mfloat-abi=hard -mthumb -o "Middlewares/Third_Party/OpenAMP/generic_shmem.o"
arm-none-eabi-gcc "/home/danb127/Brake-System-Tester/BSTInputTesting/Middlewares/Third_Party/OpenAMP/libmetal/lib/init.c" -mcpu=cortex-m4 -std=gnu11 -g3 -DDEBUG -DCORE_CM4 -DNO_ATOMIC_64_SUPPORT -DMETAL_INTERNAL -DMETAL_MAX_DEVICE_REGIONS=2 -DVIRTIO_SLAVE_ONLY -DUSE_HAL_DRIVER -DSTM32MP157Fxx -c -I../OPENAMP -I../Core/Inc -I../../Middlewares/Third_Party/OpenAMP/open-amp/lib/include -I../../Middlewares/Third_Party/OpenAMP/libmetal/lib/include -I../../Drivers/STM32MP1xx_HAL_Driver/Inc -I../../Drivers/STM32MP1xx_HAL_Driver/Inc/Legacy -I../../Drivers/CMSIS/Device/ST/STM32MP1xx/Include -I../../Middlewares/Third_Party/OpenAMP/virtual_driver -I../../Drivers/CMSIS/Include -O0 -ffunction-sections -fdata-sections -Wall -fstack-usage -fcyclomatic-complexity -MMD -MP -MF"Middlewares/Third_Party/OpenAMP/init.d" -MT"Middlewares/Third_Party/OpenAMP/init.o" --specs=nano.specs -mfpu=fpv4-sp-d16 -mfloat-abi=hard -mthumb -o "Middlewares/Third_Party/OpenAMP/init.o"
arm-none-eabi-gcc "/home/danb127/Brake-System-Tester/BSTInputTesting/Middlewares/Third_Party/OpenAMP/libmetal/lib/io.c" -mcpu=cortex-m4 -std=gnu11 -g3 -DDEBUG -DCORE_CM4 -DNO_ATOMIC_64_SUPPORT -DMETAL_INTERNAL -DMETAL_MAX_DEVICE_REGIONS=2 -DVIRTIO_SLAVE_ONLY -DUSE_HAL_DRIVER -DSTM32MP157Fxx -c -I../OPENAMP -I../Core/Inc -I../../Middlewares/Third_Party/OpenAMP/open-amp/lib/include -I../../Middlewares/Third_Party/OpenAMP/libmetal/lib/include -I../../Drivers/STM32MP1xx_HAL_Driver/Inc -I../../Drivers/STM32MP1xx_HAL_Driver/Inc/Legacy -I../../Drivers/CMSIS/Device/ST/STM32MP1xx/Include -I../../Middlewares/Third_Party/OpenAMP/virtual_driver -I../../Drivers/CMSIS/Include -O0 -ffunction-sections -fdata-sections -Wall -fstack-usage -fcyclomatic-complexity -MMD -MP -MF"Middlewares/Third_Party/OpenAMP/io.d" -MT"Middlewares/Third_Party/OpenAMP/io.o" --specs=nano.specs -mfpu=fpv4-sp-d16 -mfloat-abi=hard -mthumb -o "Middlewares/Third_Party/OpenAMP/io.o"
arm-none-eabi-gcc "/home/danb127/Brake-System-Tester/BSTInputTesting/Middlewares/Third_Party/OpenAMP/libmetal/lib/log.c" -mcpu=cortex-m4 -std=gnu11 -g3 -DDEBUG -DCORE_CM4 -DNO_ATOMIC_64_SUPPORT -DMETAL_INTERNAL -DMETAL_MAX_DEVICE_REGIONS=2 -DVIRTIO_SLAVE_ONLY -DUSE_HAL_DRIVER -DSTM32MP157Fxx -c -I../OPENAMP -I../Core/Inc -I../../Middlewares/Third_Party/OpenAMP/open-amp/lib/include -I../../Middlewares/Third_Party/OpenAMP/libmetal/lib/include -I../../Drivers/STM32MP1xx_HAL_Driver/Inc -I../../Drivers/STM32MP1xx_HAL_Driver/Inc/Legacy -I../../Drivers/CMSIS/Device/ST/STM32MP1xx/Include -I../../Middlewares/Third_Party/OpenAMP/virtual_driver -I../../Drivers/CMSIS/Include -O0 -ffunction-sections -fdata-sections -Wall -fstack-usage -fcyclomatic-complexity -MMD -MP -MF"Middlewares/Third_Party/OpenAMP/log.d" -MT"Middlewares/Third_Party/OpenAMP/log.o" --specs=nano.specs -mfpu=fpv4-sp-d16 -mfloat-abi=hard -mthumb -o "Middlewares/Third_Party/OpenAMP/log.o"
arm-none-eabi-gcc "/home/danb127/Brake-System-Tester/BSTInputTesting/Middlewares/Third_Party/OpenAMP/open-amp/lib/remoteproc/remoteproc_virtio.c" -mcpu=cortex-m4 -std=gnu11 -g3 -DDEBUG -DCORE_CM4 -DNO_ATOMIC_64_SUPPORT -DMETAL_INTERNAL -DMETAL_MAX_DEVICE_REGIONS=2 -DVIRTIO_SLAVE_ONLY -DUSE_HAL_DRIVER -DSTM32MP157Fxx -c -I../OPENAMP -I../Core/Inc -I../../Middlewares/Third_Party/OpenAMP/open-amp/lib/include -I../../Middlewares/Third_Party/OpenAMP/libmetal/lib/include -I../../Drivers/STM32MP1xx_HAL_Driver/Inc -I../../Drivers/STM32MP1xx_HAL_Driver/Inc/Legacy -I../../Drivers/CMSIS/Device/ST/STM32MP1xx/Include -I../../Middlewares/Third_Party/OpenAMP/virtual_driver -I../../Drivers/CMSIS/Include -O0 -ffunction-sections -fdata-sections -Wall -fstack-usage -fcyclomatic-complexity -MMD -MP -MF"Middlewares/Third_Party/OpenAMP/remoteproc_virtio.d" -MT"Middlewares/Third_Party/OpenAMP/remoteproc_virtio.o" --specs=nano.specs -mfpu=fpv4-sp-d16 -mfloat-abi=hard -mthumb -o "Middlewares/Third_Party/OpenAMP/remoteproc_virtio.o"
arm-none-eabi-gcc "/home/danb127/Brake-System-Tester/BSTInputTesting/Middlewares/Third_Party/OpenAMP/open-amp/lib/rpmsg/rpmsg.c" -mcpu=cortex-m4 -std=gnu11 -g3 -DDEBUG -DCORE_CM4 -DNO_ATOMIC_64_SUPPORT -DMETAL_INTERNAL -DMETAL_MAX_DEVICE_REGIONS=2 -DVIRTIO_SLAVE_ONLY -DUSE_HAL_DRIVER -DSTM32MP157Fxx -c -I../OPENAMP -I../Core/Inc -I../../Middlewares/Third_Party/OpenAMP/open-amp/lib/include -I../../Middlewares/Third_Party/OpenAMP/libmetal/lib/include -I../../Drivers/STM32MP1xx_HAL_Driver/Inc -I../../Drivers/STM32MP1xx_HAL_Driver/Inc/Legacy -I../../Drivers/CMSIS/Device/ST/STM32MP1xx/Include -I../../Middlewares/Third_Party/OpenAMP/virtual_driver -I../../Drivers/CMSIS/Include -O0 -ffunction-sections -fdata-sections -Wall -fstack-usage -fcyclomatic-complexity -MMD -MP -MF"Middlewares/Third_Party/OpenAMP/rpmsg.d" -MT"Middlewares/Third_Party/OpenAMP/rpmsg.o" --specs=nano.specs -mfpu=fpv4-sp-d16 -mfloat-abi=hard -mthumb -o "Middlewares/Third_Party/OpenAMP/rpmsg.o"
arm-none-eabi-gcc "/home/danb127/Brake-System-Tester/BSTInputTesting/Middlewares/Third_Party/OpenAMP/open-amp/lib/rpmsg/rpmsg_virtio.c" -mcpu=cortex-m4 -std=gnu11 -g3 -DDEBUG -DCORE_CM4 -DNO_ATOMIC_64_SUPPORT -DMETAL_INTERNAL -DMETAL_MAX_DEVICE_REGIONS=2 -DVIRTIO_SLAVE_ONLY -DUSE_HAL_DRIVER -DSTM32MP157Fxx -c -I../OPENAMP -I../Core/Inc -I../../Middlewares/Third_Party/OpenAMP/open-amp/lib/include -I../../Middlewares/Third_Party/OpenAMP/libmetal/lib/include -I../../Drivers/STM32MP1xx_HAL_Driver/Inc -I../../Drivers/STM32MP1xx_HAL_Driver/Inc/Legacy -I../../Drivers/CMSIS/Device/ST/STM32MP1xx/Include -I../../Middlewares/Third_Party/OpenAMP/virtual_driver -I../../Drivers/CMSIS/Include -O0 -ffunction-sections -fdata-sections -Wall -fstack-usage -fcyclomatic-complexity -MMD -MP -MF"Middlewares/Third_Party/OpenAMP/rpmsg_virtio.d" -MT"Middlewares/Third_Party/OpenAMP/rpmsg_virtio.o" --specs=nano.specs -mfpu=fpv4-sp-d16 -mfloat-abi=hard -mthumb -o "Middlewares/Third_Party/OpenAMP/rpmsg_virtio.o"
arm-none-eabi-gcc "/home/danb127/Brake-System-Tester/BSTInputTesting/Middlewares/Third_Party/OpenAMP/libmetal/lib/shmem.c" -mcpu=cortex-m4 -std=gnu11 -g3 -DDEBUG -DCORE_CM4 -DNO_ATOMIC_64_SUPPORT -DMETAL_INTERNAL -DMETAL_MAX_DEVICE_REGIONS=2 -DVIRTIO_SLAVE_ONLY -DUSE_HAL_DRIVER -DSTM32MP157Fxx -c -I../OPENAMP -I../Core/Inc -I../../Middlewares/Third_Party/OpenAMP/open-amp/lib/include -I../../Middlewares/Third_Party/OpenAMP/libmetal/lib/include -I../../Drivers/STM32MP1xx_HAL_Driver/Inc -I../../Drivers/STM32MP1xx_HAL_Driver/Inc/Legacy -I../../Drivers/CMSIS/Device/ST/STM32MP1xx/Include -I../../Middlewares/Third_Party/OpenAMP/virtual_driver -I../../Drivers/CMSIS/Include -O0 -ffunction-sections -fdata-sections -Wall -fstack-usage -fcyclomatic-complexity -MMD -MP -MF"Middlewares/Third_Party/OpenAMP/shmem.d" -MT"Middlewares/Third_Party/OpenAMP/shmem.o" --specs=nano.specs -mfpu=fpv4-sp-d16 -mfloat-abi=hard -mthumb -o "Middlewares/Third_Party/OpenAMP/shmem.o"
arm-none-eabi-gcc "/home/danb127/Brake-System-Tester/BSTInputTesting/Middlewares/Third_Party/OpenAMP/libmetal/lib/system/generic/template/sys.c" -mcpu=cortex-m4 -std=gnu11 -g3 -DDEBUG -DCORE_CM4 -DNO_ATOMIC_64_SUPPORT -DMETAL_INTERNAL -DMETAL_MAX_DEVICE_REGIONS=2 -DVIRTIO_SLAVE_ONLY -DUSE_HAL_DRIVER -DSTM32MP157Fxx -c -I../OPENAMP -I../Core/Inc -I../../Middlewares/Third_Party/OpenAMP/open-amp/lib/include -I../../Middlewares/Third_Party/OpenAMP/libmetal/lib/include -I../../Drivers/STM32MP1xx_HAL_Driver/Inc -I../../Drivers/STM32MP1xx_HAL_Driver/Inc/Legacy -I../../Drivers/CMSIS/Device/ST/STM32MP1xx/Include -I../../Middlewares/Third_Party/OpenAMP/virtual_driver -I../../Drivers/CMSIS/Include -O0 -ffunction-sections -fdata-sections -Wall -fstack-usage -fcyclomatic-complexity -MMD -MP -MF"Middlewares/Third_Party/OpenAMP/sys.d" -MT"Middlewares/Third_Party/OpenAMP/sys.o" --specs=nano.specs -mfpu=fpv4-sp-d16 -mfloat-abi=hard -mthumb -o "Middlewares/Third_Party/OpenAMP/sys.o"
arm-none-eabi-gcc "/home/danb127/Brake-System-Tester/BSTInputTesting/Middlewares/Third_Party/OpenAMP/libmetal/lib/system/generic/time.c" -mcpu=cortex-m4 -std=gnu11 -g3 -DDEBUG -DCORE_CM4 -DNO_ATOMIC_64_SUPPORT -DMETAL_INTERNAL -DMETAL_MAX_DEVICE_REGIONS=2 -DVIRTIO_SLAVE_ONLY -DUSE_HAL_DRIVER -DSTM32MP157Fxx -c -I../OPENAMP -I../Core/Inc -I../../Middlewares/Third_Party/OpenAMP/open-amp/lib/include -I../../Middlewares/Third_Party/OpenAMP/libmetal/lib/include -I../../Drivers/STM32MP1xx_HAL_Driver/Inc -I../../Drivers/STM32MP1xx_HAL_Driver/Inc/Legacy -I../../Drivers/CMSIS/Device/ST/STM32MP1xx/Include -I../../Middlewares/Third_Party/OpenAMP/virtual_driver -I../../Drivers/CMSIS/Include -O0 -ffunction-sections -fdata-sections -Wall -fstack-usage -fcyclomatic-complexity -MMD -MP -MF"Middlewares/Third_Party/OpenAMP/time.d" -MT"Middlewares/Third_Party/OpenAMP/time.o" --specs=nano.specs -mfpu=fpv4-sp-d16 -mfloat-abi=hard -mthumb -o "Middlewares/Third_Party/OpenAMP/time.o"
arm-none-eabi-gcc "/home/danb127/Brake-System-Tester/BSTInputTesting/Middlewares/Third_Party/OpenAMP/virtual_driver/virt_uart.c" -mcpu=cortex-m4 -std=gnu11 -g3 -DDEBUG -DCORE_CM4 -DNO_ATOMIC_64_SUPPORT -DMETAL_INTERNAL -DMETAL_MAX_DEVICE_REGIONS=2 -DVIRTIO_SLAVE_ONLY -DUSE_HAL_DRIVER -DSTM32MP157Fxx -c -I../OPENAMP -I../Core/Inc -I../../Middlewares/Third_Party/OpenAMP/open-amp/lib/include -I../../Middlewares/Third_Party/OpenAMP/libmetal/lib/include -I../../Drivers/STM32MP1xx_HAL_Driver/Inc -I../../Drivers/STM32MP1xx_HAL_Driver/Inc/Legacy -I../../Drivers/CMSIS/Device/ST/STM32MP1xx/Include -I../../Middlewares/Third_Party/OpenAMP/virtual_driver -I../../Drivers/CMSIS/Include -O0 -ffunction-sections -fdata-sections -Wall -fstack-usage -fcyclomatic-complexity -MMD -MP -MF"Middlewares/Third_Party/OpenAMP/virt_uart.d" -MT"Middlewares/Third_Party/OpenAMP/virt_uart.o" --specs=nano.specs -mfpu=fpv4-sp-d16 -mfloat-abi=hard -mthumb -o "Middlewares/Third_Party/OpenAMP/virt_uart.o"
arm-none-eabi-gcc "/home/danb127/Brake-System-Tester/BSTInputTesting/Middlewares/Third_Party/OpenAMP/open-amp/lib/virtio/virtio.c" -mcpu=cortex-m4 -std=gnu11 -g3 -DDEBUG -DCORE_CM4 -DNO_ATOMIC_64_SUPPORT -DMETAL_INTERNAL -DMETAL_MAX_DEVICE_REGIONS=2 -DVIRTIO_SLAVE_ONLY -DUSE_HAL_DRIVER -DSTM32MP157Fxx -c -I../OPENAMP -I../Core/Inc -I../../Middlewares/Third_Party/OpenAMP/open-amp/lib/include -I../../Middlewares/Third_Party/OpenAMP/libmetal/lib/include -I../../Drivers/STM32MP1xx_HAL_Driver/Inc -I../../Drivers/STM32MP1xx_HAL_Driver/Inc/Legacy -I../../Drivers/CMSIS/Device/ST/STM32MP1xx/Include -I../../Middlewares/Third_Party/OpenAMP/virtual_driver -I../../Drivers/CMSIS/Include -O0 -ffunction-sections -fdata-sections -Wall -fstack-usage -fcyclomatic-complexity -MMD -MP -MF"Middlewares/Third_Party/OpenAMP/virtio.d" -MT"Middlewares/Third_Party/OpenAMP/virtio.o" --specs=nano.specs -mfpu=fpv4-sp-d16 -mfloat-abi=hard -mthumb -o "Middlewares/Third_Party/OpenAMP/virtio.o"
arm-none-eabi-gcc "/home/danb127/Brake-System-Tester/BSTInputTesting/Middlewares/Third_Party/OpenAMP/open-amp/lib/virtio/virtqueue.c" -mcpu=cortex-m4 -std=gnu11 -g3 -DDEBUG -DCORE_CM4 -DNO_ATOMIC_64_SUPPORT -DMETAL_INTERNAL -DMETAL_MAX_DEVICE_REGIONS=2 -DVIRTIO_SLAVE_ONLY -DUSE_HAL_DRIVER -DSTM32MP157Fxx -c -I../OPENAMP -I../Core/Inc -I../../Middlewares/Third_Party/OpenAMP/open-amp/lib/include -I../../Middlewares/Third_Party/OpenAMP/libmetal/lib/include -I../../Drivers/STM32MP1xx_HAL_Driver/Inc -I../../Drivers/STM32MP1xx_HAL_Driver/Inc/Legacy -I../../Drivers/CMSIS/Device/ST/STM32MP1xx/Include -I../../Middlewares/Third_Party/OpenAMP/virtual_driver -I../../Drivers/CMSIS/Include -O0 -ffunction-sections -fdata-sections -Wall -fstack-usage -fcyclomatic-complexity -MMD -MP -MF"Middlewares/Third_Party/OpenAMP/virtqueue.d" -MT"Middlewares/Third_Party/OpenAMP/virtqueue.o" --specs=nano.specs -mfpu=fpv4-sp-d16 -mfloat-abi=hard -mthumb -o "Middlewares/Third_Party/OpenAMP/virtqueue.o"
arm-none-eabi-gcc "/home/danb127/Brake-System-Tester/BSTInputTesting/Drivers/STM32MP1xx_HAL_Driver/Src/stm32mp1xx_hal.c" -mcpu=cortex-m4 -std=gnu11 -g3 -DDEBUG -DCORE_CM4 -DNO_ATOMIC_64_SUPPORT -DMETAL_INTERNAL -DMETAL_MAX_DEVICE_REGIONS=2 -DVIRTIO_SLAVE_ONLY -DUSE_HAL_DRIVER -DSTM32MP157Fxx -c -I../OPENAMP -I../Core/Inc -I../../Middlewares/Third_Party/OpenAMP/open-amp/lib/include -I../../Middlewares/Third_Party/OpenAMP/libmetal/lib/include -I../../Drivers/STM32MP1xx_HAL_Driver/Inc -I../../Drivers/STM32MP1xx_HAL_Driver/Inc/Legacy -I../../Drivers/CMSIS/Device/ST/STM32MP1xx/Include -I../../Middlewares/Third_Party/OpenAMP/virtual_driver -I../../Drivers/CMSIS/Include -O0 -ffunction-sections -fdata-sections -Wall -fstack-usage -fcyclomatic-complexity -MMD -MP -MF"Drivers/STM32MP1xx_HAL_Driver/stm32mp1xx_hal.d" -MT"Drivers/STM32MP1xx_HAL_Driver/stm32mp1xx_hal.o" --specs=nano.specs -mfpu=fpv4-sp-d16 -mfloat-abi=hard -mthumb -o "Drivers/STM32MP1xx_HAL_Driver/stm32mp1xx_hal.o"
arm-none-eabi-gcc "/home/danb127/Brake-System-Tester/BSTInputTesting/Drivers/STM32MP1xx_HAL_Driver/Src/stm32mp1xx_hal_cortex.c" -mcpu=cortex-m4 -std=gnu11 -g3 -DDEBUG -DCORE_CM4 -DNO_ATOMIC_64_SUPPORT -DMETAL_INTERNAL -DMETAL_MAX_DEVICE_REGIONS=2 -DVIRTIO_SLAVE_ONLY -DUSE_HAL_DRIVER -DSTM32MP157Fxx -c -I../OPENAMP -I../Core/Inc -I../../Middlewares/Third_Party/OpenAMP/open-amp/lib/include -I../../Middlewares/Third_Party/OpenAMP/libmetal/lib/include -I../../Drivers/STM32MP1xx_HAL_Driver/Inc -I../../Drivers/STM32MP1xx_HAL_Driver/Inc/Legacy -I../../Drivers/CMSIS/Device/ST/STM32MP1xx/Include -I../../Middlewares/Third_Party/OpenAMP/virtual_driver -I../../Drivers/CMSIS/Include -O0 -ffunction-sections -fdata-sections -Wall -fstack-usage -fcyclomatic-complexity -MMD -MP -MF"Drivers/STM32MP1xx_HAL_Driver/stm32mp1xx_hal_cortex.d" -MT"Drivers/STM32MP1xx_HAL_Driver/stm32mp1xx_hal_cortex.o" --specs=nano.specs -mfpu=fpv4-sp-d16 -mfloat-abi=hard -mthumb -o "Drivers/STM32MP1xx_HAL_Driver/stm32mp1xx_hal_cortex.o"
arm-none-eabi-gcc "/home/danb127/Brake-System-Tester/BSTInputTesting/Drivers/STM32MP1xx_HAL_Driver/Src/stm32mp1xx_hal_dma.c" -mcpu=cortex-m4 -std=gnu11 -g3 -DDEBUG -DCORE_CM4 -DNO_ATOMIC_64_SUPPORT -DMETAL_INTERNAL -DMETAL_MAX_DEVICE_REGIONS=2 -DVIRTIO_SLAVE_ONLY -DUSE_HAL_DRIVER -DSTM32MP157Fxx -c -I../OPENAMP -I../Core/Inc -I../../Middlewares/Third_Party/OpenAMP/open-amp/lib/include -I../../Middlewares/Third_Party/OpenAMP/libmetal/lib/include -I../../Drivers/STM32MP1xx_HAL_Driver/Inc -I../../Drivers/STM32MP1xx_HAL_Driver/Inc/Legacy -I../../Drivers/CMSIS/Device/ST/STM32MP1xx/Include -I../../Middlewares/Third_Party/OpenAMP/virtual_driver -I../../Drivers/CMSIS/Include -O0 -ffunction-sections -fdata-sections -Wall -fstack-usage -fcyclomatic-complexity -MMD -MP -MF"Drivers/STM32MP1xx_HAL_Driver/stm32mp1xx_hal_dma.d" -MT"Drivers/STM32MP1xx_HAL_Driver/stm32mp1xx_hal_dma.o" --specs=nano.specs -mfpu=fpv4-sp-d16 -mfloat-abi=hard -mthumb -o "Drivers/STM32MP1xx_HAL_Driver/stm32mp1xx_hal_dma.o"
arm-none-eabi-gcc "/home/danb127/Brake-System-Tester/BSTInputTesting/Drivers/STM32MP1xx_HAL_Driver/Src/stm32mp1xx_hal_dma_ex.c" -mcpu=cortex-m4 -std=gnu11 -g3 -DDEBUG -DCORE_CM4 -DNO_ATOMIC_64_SUPPORT -DMETAL_INTERNAL -DMETAL_MAX_DEVICE_REGIONS=2 -DVIRTIO_SLAVE_ONLY -DUSE_HAL_DRIVER -DSTM32MP157Fxx -c -I../OPENAMP -I../Core/Inc -I../../Middlewares/Third_Party/OpenAMP/open-amp/lib/include -I../../Middlewares/Third_Party/OpenAMP/libmetal/lib/include -I../../Drivers/STM32MP1xx_HAL_Driver/Inc -I../../Drivers/STM32MP1xx_HAL_Driver/Inc/Legacy -I../../Drivers/CMSIS/Device/ST/STM32MP1xx/Include -I../../Middlewares/Third_Party/OpenAMP/virtual_driver -I../../Drivers/CMSIS/Include -O0 -ffunction-sections -fdata-sections -Wall -fstack-usage -fcyclomatic-complexity -MMD -MP -MF"Drivers/STM32MP1xx_HAL_Driver/stm32mp1xx_hal_dma_ex.d" -MT"Drivers/STM32MP1xx_HAL_Driver/stm32mp1xx_hal_dma_ex.o" --specs=nano.specs -mfpu=fpv4-sp-d16 -mfloat-abi=hard -mthumb -o "Drivers/STM32MP1xx_HAL_Driver/stm32mp1xx_hal_dma_ex.o"
arm-none-eabi-gcc "/home/danb127/Brake-System-Tester/BSTInputTesting/Drivers/STM32MP1xx_HAL_Driver/Src/stm32mp1xx_hal_exti.c" -mcpu=cortex-m4 -std=gnu11 -g3 -DDEBUG -DCORE_CM4 -DNO_ATOMIC_64_SUPPORT -DMETAL_INTERNAL -DMETAL_MAX_DEVICE_REGIONS=2 -DVIRTIO_SLAVE_ONLY -DUSE_HAL_DRIVER -DSTM32MP157Fxx -c -I../OPENAMP -I../Core/Inc -I../../Middlewares/Third_Party/OpenAMP/open-amp/lib/include -I../../Middlewares/Third_Party/OpenAMP/libmetal/lib/include -I../../Drivers/STM32MP1xx_HAL_Driver/Inc -I../../Drivers/STM32MP1xx_HAL_Driver/Inc/Legacy -I../../Drivers/CMSIS/Device/ST/STM32MP1xx/Include -I../../Middlewares/Third_Party/OpenAMP/virtual_driver -I../../Drivers/CMSIS/Include -O0 -ffunction-sections -fdata-sections -Wall -fstack-usage -fcyclomatic-complexity -MMD -MP -MF"Drivers/STM32MP1xx_HAL_Driver/stm32mp1xx_hal_exti.d" -MT"Drivers/STM32MP1xx_HAL_Driver/stm32mp1xx_hal_exti.o" --specs=nano.specs -mfpu=fpv4-sp-d16 -mfloat-abi=hard -mthumb -o "Drivers/STM32MP1xx_HAL_Driver/stm32mp1xx_hal_exti.o"
arm-none-eabi-gcc "/home/danb127/Brake-System-Tester/BSTInputTesting/Drivers/STM32MP1xx_HAL_Driver/Src/stm32mp1xx_hal_gpio.c" -mcpu=cortex-m4 -std=gnu11 -g3 -DDEBUG -DCORE_CM4 -DNO_ATOMIC_64_SUPPORT -DMETAL_INTERNAL -DMETAL_MAX_DEVICE_REGIONS=2 -DVIRTIO_SLAVE_ONLY -DUSE_HAL_DRIVER -DSTM32MP157Fxx -c -I../OPENAMP -I../Core/Inc -I../../Middlewares/Third_Party/OpenAMP/open-amp/lib/include -I../../Middlewares/Third_Party/OpenAMP/libmetal/lib/include -I../../Drivers/STM32MP1xx_HAL_Driver/Inc -I../../Drivers/STM32MP1xx_HAL_Driver/Inc/Legacy -I../../Drivers/CMSIS/Device/ST/STM32MP1xx/Include -I../../Middlewares/Third_Party/OpenAMP/virtual_driver -I../../Drivers/CMSIS/Include -O0 -ffunction-sections -fdata-sections -Wall -fstack-usage -fcyclomatic-complexity -MMD -MP -MF"Drivers/STM32MP1xx_HAL_Driver/stm32mp1xx_hal_gpio.d" -MT"Drivers/STM32MP1xx_HAL_Driver/stm32mp1xx_hal_gpio.o" --specs=nano.specs -mfpu=fpv4-sp-d16 -mfloat-abi=hard -mthumb -o "Drivers/STM32MP1xx_HAL_Driver/stm32mp1xx_hal_gpio.o"
arm-none-eabi-gcc "/home/danb127/Brake-System-Tester/BSTInputTesting/Drivers/STM32MP1xx_HAL_Driver/Src/stm32mp1xx_hal_hsem.c" -mcpu=cortex-m4 -std=gnu11 -g3 -DDEBUG -DCORE_CM4 -DNO_ATOMIC_64_SUPPORT -DMETAL_INTERNAL -DMETAL_MAX_DEVICE_REGIONS=2 -DVIRTIO_SLAVE_ONLY -DUSE_HAL_DRIVER -DSTM32MP157Fxx -c -I../OPENAMP -I../Core/Inc -I../../Middlewares/Third_Party/OpenAMP/open-amp/lib/include -I../../Middlewares/Third_Party/OpenAMP/libmetal/lib/include -I../../Drivers/STM32MP1xx_HAL_Driver/Inc -I../../Drivers/STM32MP1xx_HAL_Driver/Inc/Legacy -I../../Drivers/CMSIS/Device/ST/STM32MP1xx/Include -I../../Middlewares/Third_Party/OpenAMP/virtual_driver -I../../Drivers/CMSIS/Include -O0 -ffunction-sections -fdata-sections -Wall -fstack-usage -fcyclomatic-complexity -MMD -MP -MF"Drivers/STM32MP1xx_HAL_Driver/stm32mp1xx_hal_hsem.d" -MT"Drivers/STM32MP1xx_HAL_Driver/stm32mp1xx_hal_hsem.o" --specs=nano.specs -mfpu=fpv4-sp-d16 -mfloat-abi=hard -mthumb -o "Drivers/STM32MP1xx_HAL_Driver/stm32mp1xx_hal_hsem.o"
arm-none-eabi-gcc "/home/danb127/Brake-System-Tester/BSTInputTesting/Drivers/STM32MP1xx_HAL_Driver/Src/stm32mp1xx_hal_ipcc.c" -mcpu=cortex-m4 -std=gnu11 -g3 -DDEBUG -DCORE_CM4 -DNO_ATOMIC_64_SUPPORT -DMETAL_INTERNAL -DMETAL_MAX_DEVICE_REGIONS=2 -DVIRTIO_SLAVE_ONLY -DUSE_HAL_DRIVER -DSTM32MP157Fxx -c -I../OPENAMP -I../Core/Inc -I../../Middlewares/Third_Party/OpenAMP/open-amp/lib/include -I../../Middlewares/Third_Party/OpenAMP/libmetal/lib/include -I../../Drivers/STM32MP1xx_HAL_Driver/Inc -I../../Drivers/STM32MP1xx_HAL_Driver/Inc/Legacy -I../../Drivers/CMSIS/Device/ST/STM32MP1xx/Include -I../../Middlewares/Third_Party/OpenAMP/virtual_driver -I../../Drivers/CMSIS/Include -O0 -ffunction-sections -fdata-sections -Wall -fstack-usage -fcyclomatic-complexity -MMD -MP -MF"Drivers/STM32MP1xx_HAL_Driver/stm32mp1xx_hal_ipcc.d" -MT"Drivers/STM32MP1xx_HAL_Driver/stm32mp1xx_hal_ipcc.o" --specs=nano.specs -mfpu=fpv4-sp-d16 -mfloat-abi=hard -mthumb -o "Drivers/STM32MP1xx_HAL_Driver/stm32mp1xx_hal_ipcc.o"
arm-none-eabi-gcc "/home/danb127/Brake-System-Tester/BSTInputTesting/Drivers/STM32MP1xx_HAL_Driver/Src/stm32mp1xx_hal_mdma.c" -mcpu=cortex-m4 -std=gnu11 -g3 -DDEBUG -DCORE_CM4 -DNO_ATOMIC_64_SUPPORT -DMETAL_INTERNAL -DMETAL_MAX_DEVICE_REGIONS=2 -DVIRTIO_SLAVE_ONLY -DUSE_HAL_DRIVER -DSTM32MP157Fxx -c -I../OPENAMP -I../Core/Inc -I../../Middlewares/Third_Party/OpenAMP/open-amp/lib/include -I../../Middlewares/Third_Party/OpenAMP/libmetal/lib/include -I../../Drivers/STM32MP1xx_HAL_Driver/Inc -I../../Drivers/STM32MP1xx_HAL_Driver/Inc/Legacy -I../../Drivers/CMSIS/Device/ST/STM32MP1xx/Include -I../../Middlewares/Third_Party/OpenAMP/virtual_driver -I../../Drivers/CMSIS/Include -O0 -ffunction-sections -fdata-sections -Wall -fstack-usage -fcyclomatic-complexity -MMD -MP -MF"Drivers/STM32MP1xx_HAL_Driver/stm32mp1xx_hal_mdma.d" -MT"Drivers/STM32MP1xx_HAL_Driver/stm32mp1xx_hal_mdma.o" --specs=nano.specs -mfpu=fpv4-sp-d16 -mfloat-abi=hard -mthumb -o "Drivers/STM32MP1xx_HAL_Driver/stm32mp1xx_hal_mdma.o"
arm-none-eabi-gcc "/home/danb127/Brake-System-Tester/BSTInputTesting/Drivers/STM32MP1xx_HAL_Driver/Src/stm32mp1xx_hal_pwr.c" -mcpu=cortex-m4 -std=gnu11 -g3 -DDEBUG -DCORE_CM4 -DNO_ATOMIC_64_SUPPORT -DMETAL_INTERNAL -DMETAL_MAX_DEVICE_REGIONS=2 -DVIRTIO_SLAVE_ONLY -DUSE_HAL_DRIVER -DSTM32MP157Fxx -c -I../OPENAMP -I../Core/Inc -I../../Middlewares/Third_Party/OpenAMP/open-amp/lib/include -I../../Middlewares/Third_Party/OpenAMP/libmetal/lib/include -I../../Drivers/STM32MP1xx_HAL_Driver/Inc -I../../Drivers/STM32MP1xx_HAL_Driver/Inc/Legacy -I../../Drivers/CMSIS/Device/ST/STM32MP1xx/Include -I../../Middlewares/Third_Party/OpenAMP/virtual_driver -I../../Drivers/CMSIS/Include -O0 -ffunction-sections -fdata-sections -Wall -fstack-usage -fcyclomatic-complexity -MMD -MP -MF"Drivers/STM32MP1xx_HAL_Driver/stm32mp1xx_hal_pwr.d" -MT"Drivers/STM32MP1xx_HAL_Driver/stm32mp1xx_hal_pwr.o" --specs=nano.specs -mfpu=fpv4-sp-d16 -mfloat-abi=hard -mthumb -o "Drivers/STM32MP1xx_HAL_Driver/stm32mp1xx_hal_pwr.o"
arm-none-eabi-gcc "/home/danb127/Brake-System-Tester/BSTInputTesting/Drivers/STM32MP1xx_HAL_Driver/Src/stm32mp1xx_hal_pwr_ex.c" -mcpu=cortex-m4 -std=gnu11 -g3 -DDEBUG -DCORE_CM4 -DNO_ATOMIC_64_SUPPORT -DMETAL_INTERNAL -DMETAL_MAX_DEVICE_REGIONS=2 -DVIRTIO_SLAVE_ONLY -DUSE_HAL_DRIVER -DSTM32MP157Fxx -c -I../OPENAMP -I../Core/Inc -I../../Middlewares/Third_Party/OpenAMP/open-amp/lib/include -I../../Middlewares/Third_Party/OpenAMP/libmetal/lib/include -I../../Drivers/STM32MP1xx_HAL_Driver/Inc -I../../Drivers/STM32MP1xx_HAL_Driver/Inc/Legacy -I../../Drivers/CMSIS/Device/ST/STM32MP1xx/Include -I../../Middlewares/Third_Party/OpenAMP/virtual_driver -I../../Drivers/CMSIS/Include -O0 -ffunction-sections -fdata-sections -Wall -fstack-usage -fcyclomatic-complexity -MMD -MP -MF"Drivers/STM32MP1xx_HAL_Driver/stm32mp1xx_hal_pwr_ex.d" -MT"Drivers/STM32MP1xx_HAL_Driver/stm32mp1xx_hal_pwr_ex.o" --specs=nano.specs -mfpu=fpv4-sp-d16 -mfloat-abi=hard -mthumb -o "Drivers/STM32MP1xx_HAL_Driver/stm32mp1xx_hal_pwr_ex.o"
arm-none-eabi-gcc "/home/danb127/Brake-System-Tester/BSTInputTesting/Drivers/STM32MP1xx_HAL_Driver/Src/stm32mp1xx_hal_rcc.c" -mcpu=cortex-m4 -std=gnu11 -g3 -DDEBUG -DCORE_CM4 -DNO_ATOMIC_64_SUPPORT -DMETAL_INTERNAL -DMETAL_MAX_DEVICE_REGIONS=2 -DVIRTIO_SLAVE_ONLY -DUSE_HAL_DRIVER -DSTM32MP157Fxx -c -I../OPENAMP -I../Core/Inc -I../../Middlewares/Third_Party/OpenAMP/open-amp/lib/include -I../../Middlewares/Third_Party/OpenAMP/libmetal/lib/include -I../../Drivers/STM32MP1xx_HAL_Driver/Inc -I../../Drivers/STM32MP1xx_HAL_Driver/Inc/Legacy -I../../Drivers/CMSIS/Device/ST/STM32MP1xx/Include -I../../Middlewares/Third_Party/OpenAMP/virtual_driver -I../../Drivers/CMSIS/Include -O0 -ffunction-sections -fdata-sections -Wall -fstack-usage -fcyclomatic-complexity -MMD -MP -MF"Drivers/STM32MP1xx_HAL_Driver/stm32mp1xx_hal_rcc.d" -MT"Drivers/STM32MP1xx_HAL_Driver/stm32mp1xx_hal_rcc.o" --specs=nano.specs -mfpu=fpv4-sp-d16 -mfloat-abi=hard -mthumb -o "Drivers/STM32MP1xx_HAL_Driver/stm32mp1xx_hal_rcc.o"
arm-none-eabi-gcc "/home/danb127/Brake-System-Tester/BSTInputTesting/Drivers/STM32MP1xx_HAL_Driver/Src/stm32mp1xx_hal_rcc_ex.c" -mcpu=cortex-m4 -std=gnu11 -g3 -DDEBUG -DCORE_CM4 -DNO_ATOMIC_64_SUPPORT -DMETAL_INTERNAL -DMETAL_MAX_DEVICE_REGIONS=2 -DVIRTIO_SLAVE_ONLY -DUSE_HAL_DRIVER -DSTM32MP157Fxx -c -I../OPENAMP -I../Core/Inc -I../../Middlewares/Third_Party/OpenAMP/open-amp/lib/include -I../../Middlewares/Third_Party/OpenAMP/libmetal/lib/include -I../../Drivers/STM32MP1xx_HAL_Driver/Inc -I../../Drivers/STM32MP1xx_HAL_Driver/Inc/Legacy -I../../Drivers/CMSIS/Device/ST/STM32MP1xx/Include -I../../Middlewares/Third_Party/OpenAMP/virtual_driver -I../../Drivers/CMSIS/Include -O0 -ffunction-sections -fdata-sections -Wall -fstack-usage -fcyclomatic-complexity -MMD -MP -MF"Drivers/STM32MP1xx_HAL_Driver/stm32mp1xx_hal_rcc_ex.d" -MT"Drivers/STM32MP1xx_HAL_Driver/stm32mp1xx_hal_rcc_ex.o" --specs=nano.specs -mfpu=fpv4-sp-d16 -mfloat-abi=hard -mthumb -o "Drivers/STM32MP1xx_HAL_Driver/stm32mp1xx_hal_rcc_ex.o"
arm-none-eabi-gcc "/home/danb127/Brake-System-Tester/BSTInputTesting/Drivers/STM32MP1xx_HAL_Driver/Src/stm32mp1xx_hal_tim.c" -mcpu=cortex-m4 -std=gnu11 -g3 -DDEBUG -DCORE_CM4 -DNO_ATOMIC_64_SUPPORT -DMETAL_INTERNAL -DMETAL_MAX_DEVICE_REGIONS=2 -DVIRTIO_SLAVE_ONLY -DUSE_HAL_DRIVER -DSTM32MP157Fxx -c -I../OPENAMP -I../Core/Inc -I../../Middlewares/Third_Party/OpenAMP/open-amp/lib/include -I../../Middlewares/Third_Party/OpenAMP/libmetal/lib/include -I../../Drivers/STM32MP1xx_HAL_Driver/Inc -I../../Drivers/STM32MP1xx_HAL_Driver/Inc/Legacy -I../../Drivers/CMSIS/Device/ST/STM32MP1xx/Include -I../../Middlewares/Third_Party/OpenAMP/virtual_driver -I../../Drivers/CMSIS/Include -O0 -ffunction-sections -fdata-sections -Wall -fstack-usage -fcyclomatic-complexity -MMD -MP -MF"Drivers/STM32MP1xx_HAL_Driver/stm32mp1xx_hal_tim.d" -MT"Drivers/STM32MP1xx_HAL_Driver/stm32mp1xx_hal_tim.o" --specs=nano.specs -mfpu=fpv4-sp-d16 -mfloat-abi=hard -mthumb -o "Drivers/STM32MP1xx_HAL_Driver/stm32mp1xx_hal_tim.o"
arm-none-eabi-gcc "/home/danb127/Brake-System-Tester/BSTInputTesting/Drivers/STM32MP1xx_HAL_Driver/Src/stm32mp1xx_hal_tim_ex.c" -mcpu=cortex-m4 -std=gnu11 -g3 -DDEBUG -DCORE_CM4 -DNO_ATOMIC_64_SUPPORT -DMETAL_INTERNAL -DMETAL_MAX_DEVICE_REGIONS=2 -DVIRTIO_SLAVE_ONLY -DUSE_HAL_DRIVER -DSTM32MP157Fxx -c -I../OPENAMP -I../Core/Inc -I../../Middlewares/Third_Party/OpenAMP/open-amp/lib/include -I../../Middlewares/Third_Party/OpenAMP/libmetal/lib/include -I../../Drivers/STM32MP1xx_HAL_Driver/Inc -I../../Drivers/STM32MP1xx_HAL_Driver/Inc/Legacy -I../../Drivers/CMSIS/Device/ST/STM32MP1xx/Include -I../../Middlewares/Third_Party/OpenAMP/virtual_driver -I../../Drivers/CMSIS/Include -O0 -ffunction-sections -fdata-sections -Wall -fstack-usage -fcyclomatic-complexity -MMD -MP -MF"Drivers/STM32MP1xx_HAL_Driver/stm32mp1xx_hal_tim_ex.d" -MT"Drivers/STM32MP1xx_HAL_Driver/stm32mp1xx_hal_tim_ex.o" --specs=nano.specs -mfpu=fpv4-sp-d16 -mfloat-abi=hard -mthumb -o "Drivers/STM32MP1xx_HAL_Driver/stm32mp1xx_hal_tim_ex.o"
arm-none-eabi-gcc -mcpu=cortex-m4 -g3 -DDEBUG -c -x assembler-with-cpp -MMD -MP -MF"Core/Startup/startup_stm32mp157facx.d" -MT"Core/Startup/startup_stm32mp157facx.o" --specs=nano.specs -mfpu=fpv4-sp-d16 -mfloat-abi=hard -mthumb -o "Core/Startup/startup_stm32mp157facx.o" "../Core/Startup/startup_stm32mp157facx.s"
arm-none-eabi-gcc "../Core/Src/main.c" -mcpu=cortex-m4 -std=gnu11 -g3 -DDEBUG -DCORE_CM4 -DNO_ATOMIC_64_SUPPORT -DMETAL_INTERNAL -DMETAL_MAX_DEVICE_REGIONS=2 -DVIRTIO_SLAVE_ONLY -DUSE_HAL_DRIVER -DSTM32MP157Fxx -c -I../OPENAMP -I../Core/Inc -I../../Middlewares/Third_Party/OpenAMP/open-amp/lib/include -I../../Middlewares/Third_Party/OpenAMP/libmetal/lib/include -I../../Drivers/STM32MP1xx_HAL_Driver/Inc -I../../Drivers/STM32MP1xx_HAL_Driver/Inc/Legacy -I../../Drivers/CMSIS/Device/ST/STM32MP1xx/Include -I../../Middlewares/Third_Party/OpenAMP/virtual_driver -I../../Drivers/CMSIS/Include -O0 -ffunction-sections -fdata-sections -Wall -fstack-usage -fcyclomatic-complexity -MMD -MP -MF"Core/Src/main.d" -MT"Core/Src/main.o" --specs=nano.specs -mfpu=fpv4-sp-d16 -mfloat-abi=hard -mthumb -o "Core/Src/main.o"
arm-none-eabi-gcc "../Core/Src/stm32mp1xx_hal_msp.c" -mcpu=cortex-m4 -std=gnu11 -g3 -DDEBUG -DCORE_CM4 -DNO_ATOMIC_64_SUPPORT -DMETAL_INTERNAL -DMETAL_MAX_DEVICE_REGIONS=2 -DVIRTIO_SLAVE_ONLY -DUSE_HAL_DRIVER -DSTM32MP157Fxx -c -I../OPENAMP -I../Core/Inc -I../../Middlewares/Third_Party/OpenAMP/open-amp/lib/include -I../../Middlewares/Third_Party/OpenAMP/libmetal/lib/include -I../../Drivers/STM32MP1xx_HAL_Driver/Inc -I../../Drivers/STM32MP1xx_HAL_Driver/Inc/Legacy -I../../Drivers/CMSIS/Device/ST/STM32MP1xx/Include -I../../Middlewares/Third_Party/OpenAMP/virtual_driver -I../../Drivers/CMSIS/Include -O0 -ffunction-sections -fdata-sections -Wall -fstack-usage -fcyclomatic-complexity -MMD -MP -MF"Core/Src/stm32mp1xx_hal_msp.d" -MT"Core/Src/stm32mp1xx_hal_msp.o" --specs=nano.specs -mfpu=fpv4-sp-d16 -mfloat-abi=hard -mthumb -o "Core/Src/stm32mp1xx_hal_msp.o"
arm-none-eabi-gcc "../Core/Src/stm32mp1xx_it.c" -mcpu=cortex-m4 -std=gnu11 -g3 -DDEBUG -DCORE_CM4 -DNO_ATOMIC_64_SUPPORT -DMETAL_INTERNAL -DMETAL_MAX_DEVICE_REGIONS=2 -DVIRTIO_SLAVE_ONLY -DUSE_HAL_DRIVER -DSTM32MP157Fxx -c -I../OPENAMP -I../Core/Inc -I../../Middlewares/Third_Party/OpenAMP/open-amp/lib/include -I../../Middlewares/Third_Party/OpenAMP/libmetal/lib/include -I../../Drivers/STM32MP1xx_HAL_Driver/Inc -I../../Drivers/STM32MP1xx_HAL_Driver/Inc/Legacy -I../../Drivers/CMSIS/Device/ST/STM32MP1xx/Include -I../../Middlewares/Third_Party/OpenAMP/virtual_driver -I../../Drivers/CMSIS/Include -O0 -ffunction-sections -fdata-sections -Wall -fstack-usage -fcyclomatic-complexity -MMD -MP -MF"Core/Src/stm32mp1xx_it.d" -MT"Core/Src/stm32mp1xx_it.o" --specs=nano.specs -mfpu=fpv4-sp-d16 -mfloat-abi=hard -mthumb -o "Core/Src/stm32mp1xx_it.o"
arm-none-eabi-gcc "../Core/Src/syscalls.c" -mcpu=cortex-m4 -std=gnu11 -g3 -DDEBUG -DCORE_CM4 -DNO_ATOMIC_64_SUPPORT -DMETAL_INTERNAL -DMETAL_MAX_DEVICE_REGIONS=2 -DVIRTIO_SLAVE_ONLY -DUSE_HAL_DRIVER -DSTM32MP157Fxx -c -I../OPENAMP -I../Core/Inc -I../../Middlewares/Third_Party/OpenAMP/open-amp/lib/include -I../../Middlewares/Third_Party/OpenAMP/libmetal/lib/include -I../../Drivers/STM32MP1xx_HAL_Driver/Inc -I../../Drivers/STM32MP1xx_HAL_Driver/Inc/Legacy -I../../Drivers/CMSIS/Device/ST/STM32MP1xx/Include -I../../Middlewares/Third_Party/OpenAMP/virtual_driver -I../../Drivers/CMSIS/Include -O0 -ffunction-sections -fdata-sections -Wall -fstack-usage -fcyclomatic-complexity -MMD -MP -MF"Core/Src/syscalls.d" -MT"Core/Src/syscalls.o" --specs=nano.specs -mfpu=fpv4-sp-d16 -mfloat-abi=hard -mthumb -o "Core/Src/syscalls.o"
../Core/Src/main.c: In function 'main':
../Core/Src/main.c:246:28: error: expected expression before 'float'
  246 |           perform_bst_test(float period1, float period2, float pulse_width1, float pulse_width2);
      |                            ^~~~~
../Core/Src/main.c:246:11: error: too few arguments to function 'perform_bst_test'
  246 |           perform_bst_test(float period1, float period2, float pulse_width1, float pulse_width2);
      |           ^~~~~~~~~~~~~~~~
../Core/Src/main.c:157:6: note: declared here
  157 | void perform_bst_test(float period1, float period2, float pulse_width1, float pulse_width2);
      |      ^~~~~~~~~~~~~~~~
make: *** [Core/Src/subdir.mk:31: Core/Src/main.o] Error 1
make: *** Waiting for unfinished jobs....
"make -j8 all" terminated with exit code 2. Build might be incomplete.
18:14:54 **** Incremental Build of configuration Debug for project BSTInputTesting_CM4 ****
make -j8 all 
arm-none-eabi-gcc "../Core/Src/main.c" -mcpu=cortex-m4 -std=gnu11 -g3 -DDEBUG -DCORE_CM4 -DNO_ATOMIC_64_SUPPORT -DMETAL_INTERNAL -DMETAL_MAX_DEVICE_REGIONS=2 -DVIRTIO_SLAVE_ONLY -DUSE_HAL_DRIVER -DSTM32MP157Fxx -c -I../OPENAMP -I../Core/Inc -I../../Middlewares/Third_Party/OpenAMP/open-amp/lib/include -I../../Middlewares/Third_Party/OpenAMP/libmetal/lib/include -I../../Drivers/STM32MP1xx_HAL_Driver/Inc -I../../Drivers/STM32MP1xx_HAL_Driver/Inc/Legacy -I../../Drivers/CMSIS/Device/ST/STM32MP1xx/Include -I../../Middlewares/Third_Party/OpenAMP/virtual_driver -I../../Drivers/CMSIS/Include -O0 -ffunction-sections -fdata-sections -Wall -fstack-usage -fcyclomatic-complexity -MMD -MP -MF"Core/Src/main.d" -MT"Core/Src/main.o" --specs=nano.specs -mfpu=fpv4-sp-d16 -mfloat-abi=hard -mthumb -o "Core/Src/main.o"
arm-none-eabi-gcc "../Core/Src/sysmem.c" -mcpu=cortex-m4 -std=gnu11 -g3 -DDEBUG -DCORE_CM4 -DNO_ATOMIC_64_SUPPORT -DMETAL_INTERNAL -DMETAL_MAX_DEVICE_REGIONS=2 -DVIRTIO_SLAVE_ONLY -DUSE_HAL_DRIVER -DSTM32MP157Fxx -c -I../OPENAMP -I../Core/Inc -I../../Middlewares/Third_Party/OpenAMP/open-amp/lib/include -I../../Middlewares/Third_Party/OpenAMP/libmetal/lib/include -I../../Drivers/STM32MP1xx_HAL_Driver/Inc -I../../Drivers/STM32MP1xx_HAL_Driver/Inc/Legacy -I../../Drivers/CMSIS/Device/ST/STM32MP1xx/Include -I../../Middlewares/Third_Party/OpenAMP/virtual_driver -I../../Drivers/CMSIS/Include -O0 -ffunction-sections -fdata-sections -Wall -fstack-usage -fcyclomatic-complexity -MMD -MP -MF"Core/Src/sysmem.d" -MT"Core/Src/sysmem.o" --specs=nano.specs -mfpu=fpv4-sp-d16 -mfloat-abi=hard -mthumb -o "Core/Src/sysmem.o"
arm-none-eabi-gcc "/home/danb127/Brake-System-Tester/BSTInputTesting/Common/System/system_stm32mp1xx.c" -mcpu=cortex-m4 -std=gnu11 -g3 -DDEBUG -DCORE_CM4 -DNO_ATOMIC_64_SUPPORT -DMETAL_INTERNAL -DMETAL_MAX_DEVICE_REGIONS=2 -DVIRTIO_SLAVE_ONLY -DUSE_HAL_DRIVER -DSTM32MP157Fxx -c -I../OPENAMP -I../Core/Inc -I../../Middlewares/Third_Party/OpenAMP/open-amp/lib/include -I../../Middlewares/Third_Party/OpenAMP/libmetal/lib/include -I../../Drivers/STM32MP1xx_HAL_Driver/Inc -I../../Drivers/STM32MP1xx_HAL_Driver/Inc/Legacy -I../../Drivers/CMSIS/Device/ST/STM32MP1xx/Include -I../../Middlewares/Third_Party/OpenAMP/virtual_driver -I../../Drivers/CMSIS/Include -O0 -ffunction-sections -fdata-sections -Wall -fstack-usage -fcyclomatic-complexity -MMD -MP -MF"Common/System/system_stm32mp1xx.d" -MT"Common/System/system_stm32mp1xx.o" --specs=nano.specs -mfpu=fpv4-sp-d16 -mfloat-abi=hard -mthumb -o "Common/System/system_stm32mp1xx.o"
arm-none-eabi-gcc -o "BSTInputTesting_CM4.elf" @"objects.list"   -mcpu=cortex-m4 -T"/home/danb127/Brake-System-Tester/BSTInputTesting/CM4/STM32MP157FACX_RAM.ld" --specs=nosys.specs -Wl,-Map="BSTInputTesting_CM4.map" -Wl,--gc-sections -static --specs=nano.specs -mfpu=fpv4-sp-d16 -mfloat-abi=hard -mthumb -Wl,--start-group -lc -lm -Wl,--end-group
/opt/stm32cubeide/plugins/com.st.stm32cube.ide.mcu.externaltools.gnu-tools-for-stm32.12.3.rel1.linux64_1.0.200.202406132123/tools/bin/../lib/gcc/arm-none-eabi/12.3.1/../../../../arm-none-eabi/bin/ld: ./Core/Src/main.o: in function `perform_bst_test':
/home/danb127/Brake-System-Tester/BSTInputTesting/CM4/Debug/../Core/Src/main.c:543: undefined reference to `check_bst_values'
collect2: error: ld returned 1 exit status
make: *** [makefile:67: BSTInputTesting_CM4.elf] Error 1
"make -j8 all" terminated with exit code 2. Build might be incomplete.
18:15:51 **** Incremental Build of configuration Debug for project BSTInputTesting_CM4 ****
make -j8 all 
arm-none-eabi-gcc "../Core/Src/main.c" -mcpu=cortex-m4 -std=gnu11 -g3 -DDEBUG -DCORE_CM4 -DNO_ATOMIC_64_SUPPORT -DMETAL_INTERNAL -DMETAL_MAX_DEVICE_REGIONS=2 -DVIRTIO_SLAVE_ONLY -DUSE_HAL_DRIVER -DSTM32MP157Fxx -c -I../OPENAMP -I../Core/Inc -I../../Middlewares/Third_Party/OpenAMP/open-amp/lib/include -I../../Middlewares/Third_Party/OpenAMP/libmetal/lib/include -I../../Drivers/STM32MP1xx_HAL_Driver/Inc -I../../Drivers/STM32MP1xx_HAL_Driver/Inc/Legacy -I../../Drivers/CMSIS/Device/ST/STM32MP1xx/Include -I../../Middlewares/Third_Party/OpenAMP/virtual_driver -I../../Drivers/CMSIS/Include -O0 -ffunction-sections -fdata-sections -Wall -fstack-usage -fcyclomatic-complexity -MMD -MP -MF"Core/Src/main.d" -MT"Core/Src/main.o" --specs=nano.specs -mfpu=fpv4-sp-d16 -mfloat-abi=hard -mthumb -o "Core/Src/main.o"
arm-none-eabi-gcc -o "BSTInputTesting_CM4.elf" @"objects.list"   -mcpu=cortex-m4 -T"/home/danb127/Brake-System-Tester/BSTInputTesting/CM4/STM32MP157FACX_RAM.ld" --specs=nosys.specs -Wl,-Map="BSTInputTesting_CM4.map" -Wl,--gc-sections -static --specs=nano.specs -mfpu=fpv4-sp-d16 -mfloat-abi=hard -mthumb -Wl,--start-group -lc -lm -Wl,--end-group
Finished building target: BSTInputTesting_CM4.elf
 
arm-none-eabi-size  BSTInputTesting_CM4.elf 
arm-none-eabi-objdump -h -S BSTInputTesting_CM4.elf  > "BSTInputTesting_CM4.list"
   text	   data	    bss	    dec	    hex	filename
  32548	    288	   2924	  35760	   8bb0	BSTInputTesting_CM4.elf
Finished building: default.size.stdout
 
Finished building: BSTInputTesting_CM4.list
 
18:21:55 **** Incremental Build of configuration Debug for project BSTInputTesting_CM4 ****
make -j8 all 
arm-none-eabi-gcc "../Core/Src/main.c" -mcpu=cortex-m4 -std=gnu11 -g3 -DDEBUG -DCORE_CM4 -DNO_ATOMIC_64_SUPPORT -DMETAL_INTERNAL -DMETAL_MAX_DEVICE_REGIONS=2 -DVIRTIO_SLAVE_ONLY -DUSE_HAL_DRIVER -DSTM32MP157Fxx -c -I../OPENAMP -I../Core/Inc -I../../Middlewares/Third_Party/OpenAMP/open-amp/lib/include -I../../Middlewares/Third_Party/OpenAMP/libmetal/lib/include -I../../Drivers/STM32MP1xx_HAL_Driver/Inc -I../../Drivers/STM32MP1xx_HAL_Driver/Inc/Legacy -I../../Drivers/CMSIS/Device/ST/STM32MP1xx/Include -I../../Middlewares/Third_Party/OpenAMP/virtual_driver -I../../Drivers/CMSIS/Include -O0 -ffunction-sections -fdata-sections -Wall -fstack-usage -fcyclomatic-complexity -MMD -MP -MF"Core/Src/main.d" -MT"Core/Src/main.o" --specs=nano.specs -mfpu=fpv4-sp-d16 -mfloat-abi=hard -mthumb -o "Core/Src/main.o"
../Core/Src/main.c:98:7: error: unknown type name 'BSTTestPoint'
   98 | const BSTTestPoint bst_test_points[] = {
      |       ^~~~~~~~~~~~
../Core/Src/main.c:99:5: warning: braces around scalar initializer
   99 |     {0.0f, 9.0f, 16.0f, 84.0f, 91.0f},
      |     ^
../Core/Src/main.c:99:5: note: (near initialization for 'bst_test_points[0]')
../Core/Src/main.c:99:12: warning: excess elements in scalar initializer
   99 |     {0.0f, 9.0f, 16.0f, 84.0f, 91.0f},
      |            ^~~~
../Core/Src/main.c:99:12: note: (near initialization for 'bst_test_points[0]')
../Core/Src/main.c:99:18: warning: excess elements in scalar initializer
   99 |     {0.0f, 9.0f, 16.0f, 84.0f, 91.0f},
      |                  ^~~~~
../Core/Src/main.c:99:18: note: (near initialization for 'bst_test_points[0]')
../Core/Src/main.c:99:25: warning: excess elements in scalar initializer
   99 |     {0.0f, 9.0f, 16.0f, 84.0f, 91.0f},
      |                         ^~~~~
../Core/Src/main.c:99:25: note: (near initialization for 'bst_test_points[0]')
../Core/Src/main.c:99:32: warning: excess elements in scalar initializer
   99 |     {0.0f, 9.0f, 16.0f, 84.0f, 91.0f},
      |                                ^~~~~
../Core/Src/main.c:99:32: note: (near initialization for 'bst_test_points[0]')
../Core/Src/main.c:100:5: warning: braces around scalar initializer
  100 |     {2.0f, 20.9f, 27.9f, 72.2f, 79.2f},
      |     ^
../Core/Src/main.c:100:5: note: (near initialization for 'bst_test_points[1]')
../Core/Src/main.c:100:12: warning: excess elements in scalar initializer
  100 |     {2.0f, 20.9f, 27.9f, 72.2f, 79.2f},
      |            ^~~~~
../Core/Src/main.c:100:12: note: (near initialization for 'bst_test_points[1]')
../Core/Src/main.c:100:19: warning: excess elements in scalar initializer
  100 |     {2.0f, 20.9f, 27.9f, 72.2f, 79.2f},
      |                   ^~~~~
../Core/Src/main.c:100:19: note: (near initialization for 'bst_test_points[1]')
../Core/Src/main.c:100:26: warning: excess elements in scalar initializer
  100 |     {2.0f, 20.9f, 27.9f, 72.2f, 79.2f},
      |                          ^~~~~
../Core/Src/main.c:100:26: note: (near initialization for 'bst_test_points[1]')
../Core/Src/main.c:100:33: warning: excess elements in scalar initializer
  100 |     {2.0f, 20.9f, 27.9f, 72.2f, 79.2f},
      |                                 ^~~~~
../Core/Src/main.c:100:33: note: (near initialization for 'bst_test_points[1]')
../Core/Src/main.c:101:5: warning: braces around scalar initializer
  101 |     {4.0f, 32.8f, 39.8f, 60.2f, 67.2f},
      |     ^
../Core/Src/main.c:101:5: note: (near initialization for 'bst_test_points[2]')
../Core/Src/main.c:101:12: warning: excess elements in scalar initializer
  101 |     {4.0f, 32.8f, 39.8f, 60.2f, 67.2f},
      |            ^~~~~
../Core/Src/main.c:101:12: note: (near initialization for 'bst_test_points[2]')
../Core/Src/main.c:101:19: warning: excess elements in scalar initializer
  101 |     {4.0f, 32.8f, 39.8f, 60.2f, 67.2f},
      |                   ^~~~~
../Core/Src/main.c:101:19: note: (near initialization for 'bst_test_points[2]')
../Core/Src/main.c:101:26: warning: excess elements in scalar initializer
  101 |     {4.0f, 32.8f, 39.8f, 60.2f, 67.2f},
      |                          ^~~~~
../Core/Src/main.c:101:26: note: (near initialization for 'bst_test_points[2]')
../Core/Src/main.c:101:33: warning: excess elements in scalar initializer
  101 |     {4.0f, 32.8f, 39.8f, 60.2f, 67.2f},
      |                                 ^~~~~
../Core/Src/main.c:101:33: note: (near initialization for 'bst_test_points[2]')
../Core/Src/main.c:102:5: warning: braces around scalar initializer
  102 |     {6.0f, 44.8f, 51.8f, 48.2f, 55.2f},
      |     ^
../Core/Src/main.c:102:5: note: (near initialization for 'bst_test_points[3]')
../Core/Src/main.c:102:12: warning: excess elements in scalar initializer
  102 |     {6.0f, 44.8f, 51.8f, 48.2f, 55.2f},
      |            ^~~~~
../Core/Src/main.c:102:12: note: (near initialization for 'bst_test_points[3]')
../Core/Src/main.c:102:19: warning: excess elements in scalar initializer
  102 |     {6.0f, 44.8f, 51.8f, 48.2f, 55.2f},
      |                   ^~~~~
../Core/Src/main.c:102:19: note: (near initialization for 'bst_test_points[3]')
../Core/Src/main.c:102:26: warning: excess elements in scalar initializer
  102 |     {6.0f, 44.8f, 51.8f, 48.2f, 55.2f},
      |                          ^~~~~
../Core/Src/main.c:102:26: note: (near initialization for 'bst_test_points[3]')
../Core/Src/main.c:102:33: warning: excess elements in scalar initializer
  102 |     {6.0f, 44.8f, 51.8f, 48.2f, 55.2f},
      |                                 ^~~~~
../Core/Src/main.c:102:33: note: (near initialization for 'bst_test_points[3]')
../Core/Src/main.c:103:5: warning: braces around scalar initializer
  103 |     {8.0f, 59.7f, 66.7f, 33.3f, 40.3f}
      |     ^
../Core/Src/main.c:103:5: note: (near initialization for 'bst_test_points[4]')
../Core/Src/main.c:103:12: warning: excess elements in scalar initializer
  103 |     {8.0f, 59.7f, 66.7f, 33.3f, 40.3f}
      |            ^~~~~
../Core/Src/main.c:103:12: note: (near initialization for 'bst_test_points[4]')
../Core/Src/main.c:103:19: warning: excess elements in scalar initializer
  103 |     {8.0f, 59.7f, 66.7f, 33.3f, 40.3f}
      |                   ^~~~~
../Core/Src/main.c:103:19: note: (near initialization for 'bst_test_points[4]')
../Core/Src/main.c:103:26: warning: excess elements in scalar initializer
  103 |     {8.0f, 59.7f, 66.7f, 33.3f, 40.3f}
      |                          ^~~~~
../Core/Src/main.c:103:26: note: (near initialization for 'bst_test_points[4]')
../Core/Src/main.c:103:33: warning: excess elements in scalar initializer
  103 |     {8.0f, 59.7f, 66.7f, 33.3f, 40.3f}
      |                                 ^~~~~
../Core/Src/main.c:103:33: note: (near initialization for 'bst_test_points[4]')
../Core/Src/main.c: In function 'main':
../Core/Src/main.c:231:21: warning: unused variable 'duty_cycle2' [-Wunused-variable]
  231 |               float duty_cycle2 = (period2 > 0) ? (pulse_width2 / period2) * 100.0f : 0;
      |                     ^~~~~~~~~~~
../Core/Src/main.c:230:21: warning: unused variable 'duty_cycle1' [-Wunused-variable]
  230 |               float duty_cycle1 = (period1 > 0) ? (pulse_width1 / period1) * 100.0f : 0;
      |                     ^~~~~~~~~~~
../Core/Src/main.c:228:21: warning: unused variable 'frequency2' [-Wunused-variable]
  228 |               float frequency2 = (period2 > 0) ? (((float) SystemCoreClock) / ((htim5.Init.Prescaler + 1) * period2)) : 0;
      |                     ^~~~~~~~~~
../Core/Src/main.c:227:21: warning: unused variable 'frequency1' [-Wunused-variable]
  227 |               float frequency1 = (period1 > 0) ? (((float) SystemCoreClock) / ((htim3.Init.Prescaler + 1) * period1)) : 0;
      |                     ^~~~~~~~~~
make: *** [Core/Src/subdir.mk:31: Core/Src/main.o] Error 1
"make -j8 all" terminated with exit code 2. Build might be incomplete.
18:22:02 **** Incremental Build of configuration Debug for project BSTInputTesting_CM4 ****
make -j8 all 
arm-none-eabi-gcc "../Core/Src/main.c" -mcpu=cortex-m4 -std=gnu11 -g3 -DDEBUG -DCORE_CM4 -DNO_ATOMIC_64_SUPPORT -DMETAL_INTERNAL -DMETAL_MAX_DEVICE_REGIONS=2 -DVIRTIO_SLAVE_ONLY -DUSE_HAL_DRIVER -DSTM32MP157Fxx -c -I../OPENAMP -I../Core/Inc -I../../Middlewares/Third_Party/OpenAMP/open-amp/lib/include -I../../Middlewares/Third_Party/OpenAMP/libmetal/lib/include -I../../Drivers/STM32MP1xx_HAL_Driver/Inc -I../../Drivers/STM32MP1xx_HAL_Driver/Inc/Legacy -I../../Drivers/CMSIS/Device/ST/STM32MP1xx/Include -I../../Middlewares/Third_Party/OpenAMP/virtual_driver -I../../Drivers/CMSIS/Include -O0 -ffunction-sections -fdata-sections -Wall -fstack-usage -fcyclomatic-complexity -MMD -MP -MF"Core/Src/main.d" -MT"Core/Src/main.o" --specs=nano.specs -mfpu=fpv4-sp-d16 -mfloat-abi=hard -mthumb -o "Core/Src/main.o"
../Core/Src/main.c:98:7: error: unknown type name 'BSTTestPoint'
   98 | const BSTTestPoint bst_test_points[] = {
      |       ^~~~~~~~~~~~
../Core/Src/main.c:99:5: warning: braces around scalar initializer
   99 |     {0.0f, 9.0f, 16.0f, 84.0f, 91.0f},
      |     ^
../Core/Src/main.c:99:5: note: (near initialization for 'bst_test_points[0]')
../Core/Src/main.c:99:12: warning: excess elements in scalar initializer
   99 |     {0.0f, 9.0f, 16.0f, 84.0f, 91.0f},
      |            ^~~~
../Core/Src/main.c:99:12: note: (near initialization for 'bst_test_points[0]')
../Core/Src/main.c:99:18: warning: excess elements in scalar initializer
   99 |     {0.0f, 9.0f, 16.0f, 84.0f, 91.0f},
      |                  ^~~~~
../Core/Src/main.c:99:18: note: (near initialization for 'bst_test_points[0]')
../Core/Src/main.c:99:25: warning: excess elements in scalar initializer
   99 |     {0.0f, 9.0f, 16.0f, 84.0f, 91.0f},
      |                         ^~~~~
../Core/Src/main.c:99:25: note: (near initialization for 'bst_test_points[0]')
../Core/Src/main.c:99:32: warning: excess elements in scalar initializer
   99 |     {0.0f, 9.0f, 16.0f, 84.0f, 91.0f},
      |                                ^~~~~
../Core/Src/main.c:99:32: note: (near initialization for 'bst_test_points[0]')
../Core/Src/main.c:100:5: warning: braces around scalar initializer
  100 |     {2.0f, 20.9f, 27.9f, 72.2f, 79.2f},
      |     ^
../Core/Src/main.c:100:5: note: (near initialization for 'bst_test_points[1]')
../Core/Src/main.c:100:12: warning: excess elements in scalar initializer
  100 |     {2.0f, 20.9f, 27.9f, 72.2f, 79.2f},
      |            ^~~~~
../Core/Src/main.c:100:12: note: (near initialization for 'bst_test_points[1]')
../Core/Src/main.c:100:19: warning: excess elements in scalar initializer
  100 |     {2.0f, 20.9f, 27.9f, 72.2f, 79.2f},
      |                   ^~~~~
../Core/Src/main.c:100:19: note: (near initialization for 'bst_test_points[1]')
../Core/Src/main.c:100:26: warning: excess elements in scalar initializer
  100 |     {2.0f, 20.9f, 27.9f, 72.2f, 79.2f},
      |                          ^~~~~
../Core/Src/main.c:100:26: note: (near initialization for 'bst_test_points[1]')
../Core/Src/main.c:100:33: warning: excess elements in scalar initializer
  100 |     {2.0f, 20.9f, 27.9f, 72.2f, 79.2f},
      |                                 ^~~~~
../Core/Src/main.c:100:33: note: (near initialization for 'bst_test_points[1]')
../Core/Src/main.c:101:5: warning: braces around scalar initializer
  101 |     {4.0f, 32.8f, 39.8f, 60.2f, 67.2f},
      |     ^
../Core/Src/main.c:101:5: note: (near initialization for 'bst_test_points[2]')
../Core/Src/main.c:101:12: warning: excess elements in scalar initializer
  101 |     {4.0f, 32.8f, 39.8f, 60.2f, 67.2f},
      |            ^~~~~
../Core/Src/main.c:101:12: note: (near initialization for 'bst_test_points[2]')
../Core/Src/main.c:101:19: warning: excess elements in scalar initializer
  101 |     {4.0f, 32.8f, 39.8f, 60.2f, 67.2f},
      |                   ^~~~~
../Core/Src/main.c:101:19: note: (near initialization for 'bst_test_points[2]')
../Core/Src/main.c:101:26: warning: excess elements in scalar initializer
  101 |     {4.0f, 32.8f, 39.8f, 60.2f, 67.2f},
      |                          ^~~~~
../Core/Src/main.c:101:26: note: (near initialization for 'bst_test_points[2]')
../Core/Src/main.c:101:33: warning: excess elements in scalar initializer
  101 |     {4.0f, 32.8f, 39.8f, 60.2f, 67.2f},
      |                                 ^~~~~
../Core/Src/main.c:101:33: note: (near initialization for 'bst_test_points[2]')
../Core/Src/main.c:102:5: warning: braces around scalar initializer
  102 |     {6.0f, 44.8f, 51.8f, 48.2f, 55.2f},
      |     ^
../Core/Src/main.c:102:5: note: (near initialization for 'bst_test_points[3]')
../Core/Src/main.c:102:12: warning: excess elements in scalar initializer
  102 |     {6.0f, 44.8f, 51.8f, 48.2f, 55.2f},
      |            ^~~~~
../Core/Src/main.c:102:12: note: (near initialization for 'bst_test_points[3]')
../Core/Src/main.c:102:19: warning: excess elements in scalar initializer
  102 |     {6.0f, 44.8f, 51.8f, 48.2f, 55.2f},
      |                   ^~~~~
../Core/Src/main.c:102:19: note: (near initialization for 'bst_test_points[3]')
../Core/Src/main.c:102:26: warning: excess elements in scalar initializer
  102 |     {6.0f, 44.8f, 51.8f, 48.2f, 55.2f},
      |                          ^~~~~
../Core/Src/main.c:102:26: note: (near initialization for 'bst_test_points[3]')
../Core/Src/main.c:102:33: warning: excess elements in scalar initializer
  102 |     {6.0f, 44.8f, 51.8f, 48.2f, 55.2f},
      |                                 ^~~~~
../Core/Src/main.c:102:33: note: (near initialization for 'bst_test_points[3]')
../Core/Src/main.c:103:5: warning: braces around scalar initializer
  103 |     {8.0f, 59.7f, 66.7f, 33.3f, 40.3f}
      |     ^
../Core/Src/main.c:103:5: note: (near initialization for 'bst_test_points[4]')
../Core/Src/main.c:103:12: warning: excess elements in scalar initializer
  103 |     {8.0f, 59.7f, 66.7f, 33.3f, 40.3f}
      |            ^~~~~
../Core/Src/main.c:103:12: note: (near initialization for 'bst_test_points[4]')
../Core/Src/main.c:103:19: warning: excess elements in scalar initializer
  103 |     {8.0f, 59.7f, 66.7f, 33.3f, 40.3f}
      |                   ^~~~~
../Core/Src/main.c:103:19: note: (near initialization for 'bst_test_points[4]')
../Core/Src/main.c:103:26: warning: excess elements in scalar initializer
  103 |     {8.0f, 59.7f, 66.7f, 33.3f, 40.3f}
      |                          ^~~~~
../Core/Src/main.c:103:26: note: (near initialization for 'bst_test_points[4]')
../Core/Src/main.c:103:33: warning: excess elements in scalar initializer
  103 |     {8.0f, 59.7f, 66.7f, 33.3f, 40.3f}
      |                                 ^~~~~
../Core/Src/main.c:103:33: note: (near initialization for 'bst_test_points[4]')
../Core/Src/main.c: In function 'main':
../Core/Src/main.c:231:21: warning: unused variable 'duty_cycle2' [-Wunused-variable]
  231 |               float duty_cycle2 = (period2 > 0) ? (pulse_width2 / period2) * 100.0f : 0;
      |                     ^~~~~~~~~~~
../Core/Src/main.c:230:21: warning: unused variable 'duty_cycle1' [-Wunused-variable]
  230 |               float duty_cycle1 = (period1 > 0) ? (pulse_width1 / period1) * 100.0f : 0;
      |                     ^~~~~~~~~~~
../Core/Src/main.c:228:21: warning: unused variable 'frequency2' [-Wunused-variable]
  228 |               float frequency2 = (period2 > 0) ? (((float) SystemCoreClock) / ((htim5.Init.Prescaler + 1) * period2)) : 0;
      |                     ^~~~~~~~~~
../Core/Src/main.c:227:21: warning: unused variable 'frequency1' [-Wunused-variable]
  227 |               float frequency1 = (period1 > 0) ? (((float) SystemCoreClock) / ((htim3.Init.Prescaler + 1) * period1)) : 0;
      |                     ^~~~~~~~~~
make: *** [Core/Src/subdir.mk:31: Core/Src/main.o] Error 1
"make -j8 all" terminated with exit code 2. Build might be incomplete.
18:23:11 **** Incremental Build of configuration Debug for project BSTInputTesting_CM4 ****
make -j8 all 
arm-none-eabi-gcc "../Core/Src/main.c" -mcpu=cortex-m4 -std=gnu11 -g3 -DDEBUG -DCORE_CM4 -DNO_ATOMIC_64_SUPPORT -DMETAL_INTERNAL -DMETAL_MAX_DEVICE_REGIONS=2 -DVIRTIO_SLAVE_ONLY -DUSE_HAL_DRIVER -DSTM32MP157Fxx -c -I../OPENAMP -I../Core/Inc -I../../Middlewares/Third_Party/OpenAMP/open-amp/lib/include -I../../Middlewares/Third_Party/OpenAMP/libmetal/lib/include -I../../Drivers/STM32MP1xx_HAL_Driver/Inc -I../../Drivers/STM32MP1xx_HAL_Driver/Inc/Legacy -I../../Drivers/CMSIS/Device/ST/STM32MP1xx/Include -I../../Middlewares/Third_Party/OpenAMP/virtual_driver -I../../Drivers/CMSIS/Include -O0 -ffunction-sections -fdata-sections -Wall -fstack-usage -fcyclomatic-complexity -MMD -MP -MF"Core/Src/main.d" -MT"Core/Src/main.o" --specs=nano.specs -mfpu=fpv4-sp-d16 -mfloat-abi=hard -mthumb -o "Core/Src/main.o"
../Core/Src/main.c: In function 'main':
../Core/Src/main.c:233:21: warning: unused variable 'duty_cycle2' [-Wunused-variable]
  233 |               float duty_cycle2 = (period2 > 0) ? (pulse_width2 / period2) * 100.0f : 0;
      |                     ^~~~~~~~~~~
../Core/Src/main.c:232:21: warning: unused variable 'duty_cycle1' [-Wunused-variable]
  232 |               float duty_cycle1 = (period1 > 0) ? (pulse_width1 / period1) * 100.0f : 0;
      |                     ^~~~~~~~~~~
../Core/Src/main.c:230:21: warning: unused variable 'frequency2' [-Wunused-variable]
  230 |               float frequency2 = (period2 > 0) ? (((float) SystemCoreClock) / ((htim5.Init.Prescaler + 1) * period2)) : 0;
      |                     ^~~~~~~~~~
../Core/Src/main.c:229:21: warning: unused variable 'frequency1' [-Wunused-variable]
  229 |               float frequency1 = (period1 > 0) ? (((float) SystemCoreClock) / ((htim3.Init.Prescaler + 1) * period1)) : 0;
      |                     ^~~~~~~~~~
arm-none-eabi-gcc -o "BSTInputTesting_CM4.elf" @"objects.list"   -mcpu=cortex-m4 -T"/home/danb127/Brake-System-Tester/BSTInputTesting/CM4/STM32MP157FACX_RAM.ld" --specs=nosys.specs -Wl,-Map="BSTInputTesting_CM4.map" -Wl,--gc-sections -static --specs=nano.specs -mfpu=fpv4-sp-d16 -mfloat-abi=hard -mthumb -Wl,--start-group -lc -lm -Wl,--end-group
Finished building target: BSTInputTesting_CM4.elf
 
arm-none-eabi-size  BSTInputTesting_CM4.elf 
arm-none-eabi-objdump -h -S BSTInputTesting_CM4.elf  > "BSTInputTesting_CM4.list"
   text	   data	    bss	    dec	    hex	filename
  32364	    288	   2924	  35576	   8af8	BSTInputTesting_CM4.elf
Finished building: default.size.stdout
 
Finished building: BSTInputTesting_CM4.list
 
18:35:37 **** Incremental Build of configuration Debug for project BSTInputTesting_CM4 ****
make -j8 all 
arm-none-eabi-gcc "../Core/Src/main.c" -mcpu=cortex-m4 -std=gnu11 -g3 -DDEBUG -DCORE_CM4 -DNO_ATOMIC_64_SUPPORT -DMETAL_INTERNAL -DMETAL_MAX_DEVICE_REGIONS=2 -DVIRTIO_SLAVE_ONLY -DUSE_HAL_DRIVER -DSTM32MP157Fxx -c -I../OPENAMP -I../Core/Inc -I../../Middlewares/Third_Party/OpenAMP/open-amp/lib/include -I../../Middlewares/Third_Party/OpenAMP/libmetal/lib/include -I../../Drivers/STM32MP1xx_HAL_Driver/Inc -I../../Drivers/STM32MP1xx_HAL_Driver/Inc/Legacy -I../../Drivers/CMSIS/Device/ST/STM32MP1xx/Include -I../../Middlewares/Third_Party/OpenAMP/virtual_driver -I../../Drivers/CMSIS/Include -O0 -ffunction-sections -fdata-sections -Wall -fstack-usage -fcyclomatic-complexity -MMD -MP -MF"Core/Src/main.d" -MT"Core/Src/main.o" --specs=nano.specs -mfpu=fpv4-sp-d16 -mfloat-abi=hard -mthumb -o "Core/Src/main.o"
../Core/Src/main.c: In function 'main':
../Core/Src/main.c:232:21: warning: unused variable 'duty_cycle2' [-Wunused-variable]
  232 |               float duty_cycle2 = (period2 > 0) ? (pulse_width2 / period2) * 100.0f : 0;
      |                     ^~~~~~~~~~~
../Core/Src/main.c:231:21: warning: unused variable 'duty_cycle1' [-Wunused-variable]
  231 |               float duty_cycle1 = (period1 > 0) ? (pulse_width1 / period1) * 100.0f : 0;
      |                     ^~~~~~~~~~~
../Core/Src/main.c:229:21: warning: unused variable 'frequency2' [-Wunused-variable]
  229 |               float frequency2 = (period2 > 0) ? (((float) SystemCoreClock) / ((htim5.Init.Prescaler + 1) * period2)) : 0;
      |                     ^~~~~~~~~~
../Core/Src/main.c:228:21: warning: unused variable 'frequency1' [-Wunused-variable]
  228 |               float frequency1 = (period1 > 0) ? (((float) SystemCoreClock) / ((htim3.Init.Prescaler + 1) * period1)) : 0;
      |                     ^~~~~~~~~~
arm-none-eabi-gcc -o "BSTInputTesting_CM4.elf" @"objects.list"   -mcpu=cortex-m4 -T"/home/danb127/Brake-System-Tester/BSTInputTesting/CM4/STM32MP157FACX_RAM.ld" --specs=nosys.specs -Wl,-Map="BSTInputTesting_CM4.map" -Wl,--gc-sections -static --specs=nano.specs -mfpu=fpv4-sp-d16 -mfloat-abi=hard -mthumb -Wl,--start-group -lc -lm -Wl,--end-group
Finished building target: BSTInputTesting_CM4.elf
 
arm-none-eabi-size  BSTInputTesting_CM4.elf 
arm-none-eabi-objdump -h -S BSTInputTesting_CM4.elf  > "BSTInputTesting_CM4.list"
   text	   data	    bss	    dec	    hex	filename
  32364	    288	   2924	  35576	   8af8	BSTInputTesting_CM4.elf
Finished building: default.size.stdout
 
Finished building: BSTInputTesting_CM4.list
 
18:37:00 **** Incremental Build of configuration Debug for project BSTInputTesting_CM4 ****
make -j8 all 
arm-none-eabi-gcc "../Core/Src/main.c" -mcpu=cortex-m4 -std=gnu11 -g3 -DDEBUG -DCORE_CM4 -DNO_ATOMIC_64_SUPPORT -DMETAL_INTERNAL -DMETAL_MAX_DEVICE_REGIONS=2 -DVIRTIO_SLAVE_ONLY -DUSE_HAL_DRIVER -DSTM32MP157Fxx -c -I../OPENAMP -I../Core/Inc -I../../Middlewares/Third_Party/OpenAMP/open-amp/lib/include -I../../Middlewares/Third_Party/OpenAMP/libmetal/lib/include -I../../Drivers/STM32MP1xx_HAL_Driver/Inc -I../../Drivers/STM32MP1xx_HAL_Driver/Inc/Legacy -I../../Drivers/CMSIS/Device/ST/STM32MP1xx/Include -I../../Middlewares/Third_Party/OpenAMP/virtual_driver -I../../Drivers/CMSIS/Include -O0 -ffunction-sections -fdata-sections -Wall -fstack-usage -fcyclomatic-complexity -MMD -MP -MF"Core/Src/main.d" -MT"Core/Src/main.o" --specs=nano.specs -mfpu=fpv4-sp-d16 -mfloat-abi=hard -mthumb -o "Core/Src/main.o"
../Core/Src/main.c: In function 'main':
../Core/Src/main.c:235:21: warning: unused variable 'duty_cycle2' [-Wunused-variable]
  235 |               float duty_cycle2 = (period2 > 0) ? (pulse_width2 / period2) * 100.0f : 0;
      |                     ^~~~~~~~~~~
../Core/Src/main.c:234:21: warning: unused variable 'duty_cycle1' [-Wunused-variable]
  234 |               float duty_cycle1 = (period1 > 0) ? (pulse_width1 / period1) * 100.0f : 0;
      |                     ^~~~~~~~~~~
../Core/Src/main.c:232:21: warning: unused variable 'frequency2' [-Wunused-variable]
  232 |               float frequency2 = (period2 > 0) ? (((float) SystemCoreClock) / ((htim5.Init.Prescaler + 1) * period2)) : 0;
      |                     ^~~~~~~~~~
../Core/Src/main.c:231:21: warning: unused variable 'frequency1' [-Wunused-variable]
  231 |               float frequency1 = (period1 > 0) ? (((float) SystemCoreClock) / ((htim3.Init.Prescaler + 1) * period1)) : 0;
      |                     ^~~~~~~~~~
arm-none-eabi-gcc -o "BSTInputTesting_CM4.elf" @"objects.list"   -mcpu=cortex-m4 -T"/home/danb127/Brake-System-Tester/BSTInputTesting/CM4/STM32MP157FACX_RAM.ld" --specs=nosys.specs -Wl,-Map="BSTInputTesting_CM4.map" -Wl,--gc-sections -static --specs=nano.specs -mfpu=fpv4-sp-d16 -mfloat-abi=hard -mthumb -Wl,--start-group -lc -lm -Wl,--end-group
Finished building target: BSTInputTesting_CM4.elf
 
arm-none-eabi-size  BSTInputTesting_CM4.elf 
arm-none-eabi-objdump -h -S BSTInputTesting_CM4.elf  > "BSTInputTesting_CM4.list"
   text	   data	    bss	    dec	    hex	filename
  30252	    288	   2324	  32864	   8060	BSTInputTesting_CM4.elf
Finished building: default.size.stdout
 
Finished building: BSTInputTesting_CM4.list
 
18:41:11 **** Incremental Build of configuration Debug for project BSTInputTesting_CM4 ****
make -j8 all 
arm-none-eabi-gcc "../Core/Src/main.c" -mcpu=cortex-m4 -std=gnu11 -g3 -DDEBUG -DCORE_CM4 -DNO_ATOMIC_64_SUPPORT -DMETAL_INTERNAL -DMETAL_MAX_DEVICE_REGIONS=2 -DVIRTIO_SLAVE_ONLY -DUSE_HAL_DRIVER -DSTM32MP157Fxx -c -I../OPENAMP -I../Core/Inc -I../../Middlewares/Third_Party/OpenAMP/open-amp/lib/include -I../../Middlewares/Third_Party/OpenAMP/libmetal/lib/include -I../../Drivers/STM32MP1xx_HAL_Driver/Inc -I../../Drivers/STM32MP1xx_HAL_Driver/Inc/Legacy -I../../Drivers/CMSIS/Device/ST/STM32MP1xx/Include -I../../Middlewares/Third_Party/OpenAMP/virtual_driver -I../../Drivers/CMSIS/Include -O0 -ffunction-sections -fdata-sections -Wall -fstack-usage -fcyclomatic-complexity -MMD -MP -MF"Core/Src/main.d" -MT"Core/Src/main.o" --specs=nano.specs -mfpu=fpv4-sp-d16 -mfloat-abi=hard -mthumb -o "Core/Src/main.o"
../Core/Src/main.c: In function 'main':
../Core/Src/main.c:237:21: warning: unused variable 'duty_cycle2' [-Wunused-variable]
  237 |               float duty_cycle2 = (period2 > 0) ? (pulse_width2 / period2) * 100.0f : 0;
      |                     ^~~~~~~~~~~
../Core/Src/main.c:236:21: warning: unused variable 'duty_cycle1' [-Wunused-variable]
  236 |               float duty_cycle1 = (period1 > 0) ? (pulse_width1 / period1) * 100.0f : 0;
      |                     ^~~~~~~~~~~
../Core/Src/main.c:234:21: warning: unused variable 'frequency2' [-Wunused-variable]
  234 |               float frequency2 = (period2 > 0) ? (((float) SystemCoreClock) / ((htim5.Init.Prescaler + 1) * period2)) : 0;
      |                     ^~~~~~~~~~
../Core/Src/main.c:233:21: warning: unused variable 'frequency1' [-Wunused-variable]
  233 |               float frequency1 = (period1 > 0) ? (((float) SystemCoreClock) / ((htim3.Init.Prescaler + 1) * period1)) : 0;
      |                     ^~~~~~~~~~
arm-none-eabi-gcc -o "BSTInputTesting_CM4.elf" @"objects.list"   -mcpu=cortex-m4 -T"/home/danb127/Brake-System-Tester/BSTInputTesting/CM4/STM32MP157FACX_RAM.ld" --specs=nosys.specs -Wl,-Map="BSTInputTesting_CM4.map" -Wl,--gc-sections -static --specs=nano.specs -mfpu=fpv4-sp-d16 -mfloat-abi=hard -mthumb -Wl,--start-group -lc -lm -Wl,--end-group
Finished building target: BSTInputTesting_CM4.elf
 
arm-none-eabi-size  BSTInputTesting_CM4.elf 
[...]
  32516	    288	   2940	  35744	   8ba0	BSTInputTesting_CM4.elf
Finished building: default.size.stdout
 
Finished building: BSTInputTesting_CM4.list
 
17:31:03 **** Incremental Build of configuration Debug for project BSTInputTesting_CM4 ****
make -j8 all 
arm-none-eabi-gcc "../Core/Src/main.c" -mcpu=cortex-m4 -std=gnu11 -g3 -DDEBUG -DCORE_CM4 -DNO_ATOMIC_64_SUPPORT -DMETAL_INTERNAL -DMETAL_MAX_DEVICE_REGIONS=2 -DVIRTIO_SLAVE_ONLY -DUSE_HAL_DRIVER -DSTM32MP157Fxx -c -I../OPENAMP -I../Core/Inc -I../../Middlewares/Third_Party/OpenAMP/open-amp/lib/include -I../../Middlewares/Third_Party/OpenAMP/libmetal/lib/include -I../../Drivers/STM32MP1xx_HAL_Driver/Inc -I../../Drivers/STM32MP1xx_HAL_Driver/Inc/Legacy -I../../Drivers/CMSIS/Device/ST/STM32MP1xx/Include -I../../Middlewares/Third_Party/OpenAMP/virtual_driver -I../../Drivers/CMSIS/Include -O0 -ffunction-sections -fdata-sections -Wall -fstack-usage -fcyclomatic-complexity -MMD -MP -MF"Core/Src/main.d" -MT"Core/Src/main.o" --specs=nano.specs -mfpu=fpv4-sp-d16 -mfloat-abi=hard -mthumb -o "Core/Src/main.o"
../Core/Src/main.c: In function 'main':
../Core/Src/main.c:234:26: warning: implicit declaration of function 'read_stroke_from_adc' [-Wimplicit-function-declaration]
  234 |                 stroke = read_stroke_from_adc();
      |                          ^~~~~~~~~~~~~~~~~~~~
../Core/Src/main.c:256:23: warning: unused variable 'estimated_stroke' [-Wunused-variable]
  256 |                 float estimated_stroke = estimated_stroke_from_duty_cycles(duty_cycle1, duty_cycle2);
      |                       ^~~~~~~~~~~~~~~~
../Core/Src/main.c: In function 'VIRT_UART0_RxCpltCallback':
../Core/Src/main.c:501:36: warning: passing argument 2 of 'memcpy' makes pointer from integer without a cast [-Wint-conversion]
  501 |     memcpy(VirtUart0ChannelBuffRx, strlen(msg), VirtUart0ChannelRxSize);
      |                                    ^~~~~~~~~~~
      |                                    |
      |                                    size_t {aka unsigned int}
In file included from ../../Middlewares/Third_Party/OpenAMP/open-amp/lib/include/openamp/rpmsg.h:19,
                 from ../../Middlewares/Third_Party/OpenAMP/open-amp/lib/include/openamp/open_amp.h:11,
                 from ../OPENAMP/openamp.h:25,
                 from ../Core/Src/main.c:21:
/opt/stm32cubeide/plugins/com.st.stm32cube.ide.mcu.externaltools.gnu-tools-for-stm32.12.3.rel1.linux64_1.0.200.202406132123/tools/arm-none-eabi/include/string.h:31:36: note: expected 'const void * restrict' but argument is of type 'size_t' {aka 'unsigned int'}
   31 | void *   memcpy (void *__restrict, const void *__restrict, size_t);
../Core/Src/main.c: In function 'estimate_stroke_from_duty_cycles':
../Core/Src/main.c:544:17: error: expected identifier or '(' before '=' token
  544 |         for(int = 0; i < num_points; i++)
      |                 ^
../Core/Src/main.c:544:22: error: 'i' undeclared (first use in this function)
  544 |         for(int = 0; i < num_points; i++)
      |                      ^
../Core/Src/main.c:544:22: note: each undeclared identifier is reported only once for each function it appears in
../Core/Src/main.c:546:23: warning: unused variable 'avg_duty_cycle1' [-Wunused-variable]
  546 |                 float avg_duty_cycle1 = (bst_test_points[i].duty_cycle1_min + bst_test_points[i].duty_cycle1_max) / 2.0f;
      |                       ^~~~~~~~~~~~~~~
../Core/Src/main.c:541:15: warning: unused variable 'estimated_stroke' [-Wunused-variable]
  541 |         float estimated_stroke = 0.0f;
      |               ^~~~~~~~~~~~~~~~
../Core/Src/main.c:538:15: warning: unused variable 'min_error' [-Wunused-variable]
  538 |         float min_error = FLT_MAX;
      |               ^~~~~~~~~
../Core/Src/main.c:549:1: warning: control reaches end of non-void function [-Wreturn-type]
  549 | }
      | ^
make: *** [Core/Src/subdir.mk:31: Core/Src/main.o] Error 1
"make -j8 all" terminated with exit code 2. Build might be incomplete.
17:31:13 **** Incremental Build of configuration Debug for project BSTInputTesting_CM4 ****
make -j8 all 
arm-none-eabi-gcc "../Core/Src/main.c" -mcpu=cortex-m4 -std=gnu11 -g3 -DDEBUG -DCORE_CM4 -DNO_ATOMIC_64_SUPPORT -DMETAL_INTERNAL -DMETAL_MAX_DEVICE_REGIONS=2 -DVIRTIO_SLAVE_ONLY -DUSE_HAL_DRIVER -DSTM32MP157Fxx -c -I../OPENAMP -I../Core/Inc -I../../Middlewares/Third_Party/OpenAMP/open-amp/lib/include -I../../Middlewares/Third_Party/OpenAMP/libmetal/lib/include -I../../Drivers/STM32MP1xx_HAL_Driver/Inc -I../../Drivers/STM32MP1xx_HAL_Driver/Inc/Legacy -I../../Drivers/CMSIS/Device/ST/STM32MP1xx/Include -I../../Middlewares/Third_Party/OpenAMP/virtual_driver -I../../Drivers/CMSIS/Include -O0 -ffunction-sections -fdata-sections -Wall -fstack-usage -fcyclomatic-complexity -MMD -MP -MF"Core/Src/main.d" -MT"Core/Src/main.o" --specs=nano.specs -mfpu=fpv4-sp-d16 -mfloat-abi=hard -mthumb -o "Core/Src/main.o"
../Core/Src/main.c: In function 'main':
../Core/Src/main.c:234:26: warning: implicit declaration of function 'read_stroke_from_adc' [-Wimplicit-function-declaration]
  234 |                 stroke = read_stroke_from_adc();
      |                          ^~~~~~~~~~~~~~~~~~~~
../Core/Src/main.c:256:23: warning: unused variable 'estimated_stroke' [-Wunused-variable]
  256 |                 float estimated_stroke = estimated_stroke_from_duty_cycles(duty_cycle1, duty_cycle2);
      |                       ^~~~~~~~~~~~~~~~
../Core/Src/main.c: In function 'VIRT_UART0_RxCpltCallback':
../Core/Src/main.c:501:36: warning: passing argument 2 of 'memcpy' makes pointer from integer without a cast [-Wint-conversion]
  501 |     memcpy(VirtUart0ChannelBuffRx, strlen(msg), VirtUart0ChannelRxSize);
      |                                    ^~~~~~~~~~~
      |                                    |
      |                                    size_t {aka unsigned int}
In file included from ../../Middlewares/Third_Party/OpenAMP/open-amp/lib/include/openamp/rpmsg.h:19,
                 from ../../Middlewares/Third_Party/OpenAMP/open-amp/lib/include/openamp/open_amp.h:11,
                 from ../OPENAMP/openamp.h:25,
                 from ../Core/Src/main.c:21:
/opt/stm32cubeide/plugins/com.st.stm32cube.ide.mcu.externaltools.gnu-tools-for-stm32.12.3.rel1.linux64_1.0.200.202406132123/tools/arm-none-eabi/include/string.h:31:36: note: expected 'const void * restrict' but argument is of type 'size_t' {aka 'unsigned int'}
   31 | void *   memcpy (void *__restrict, const void *__restrict, size_t);
../Core/Src/main.c: In function 'estimate_stroke_from_duty_cycles':
../Core/Src/main.c:544:17: error: expected identifier or '(' before '=' token
  544 |         for(int = 0; i < num_points; i++)
      |                 ^
../Core/Src/main.c:544:22: error: 'i' undeclared (first use in this function)
  544 |         for(int = 0; i < num_points; i++)
      |                      ^
../Core/Src/main.c:544:22: note: each undeclared identifier is reported only once for each function it appears in
../Core/Src/main.c:546:23: warning: unused variable 'avg_duty_cycle1' [-Wunused-variable]
  546 |                 float avg_duty_cycle1 = (bst_test_points[i].duty_cycle1_min + bst_test_points[i].duty_cycle1_max) / 2.0f;
      |                       ^~~~~~~~~~~~~~~
../Core/Src/main.c:541:15: warning: unused variable 'estimated_stroke' [-Wunused-variable]
  541 |         float estimated_stroke = 0.0f;
      |               ^~~~~~~~~~~~~~~~
../Core/Src/main.c:538:15: warning: unused variable 'min_error' [-Wunused-variable]
  538 |         float min_error = FLT_MAX;
      |               ^~~~~~~~~
../Core/Src/main.c:549:1: warning: control reaches end of non-void function [-Wreturn-type]
  549 | }
      | ^
make: *** [Core/Src/subdir.mk:31: Core/Src/main.o] Error 1
"make -j8 all" terminated with exit code 2. Build might be incomplete.
17:33:14 **** Incremental Build of configuration Debug for project BSTInputTesting_CM4 ****
make -j8 all 
arm-none-eabi-gcc "../Core/Src/main.c" -mcpu=cortex-m4 -std=gnu11 -g3 -DDEBUG -DCORE_CM4 -DNO_ATOMIC_64_SUPPORT -DMETAL_INTERNAL -DMETAL_MAX_DEVICE_REGIONS=2 -DVIRTIO_SLAVE_ONLY -DUSE_HAL_DRIVER -DSTM32MP157Fxx -c -I../OPENAMP -I../Core/Inc -I../../Middlewares/Third_Party/OpenAMP/open-amp/lib/include -I../../Middlewares/Third_Party/OpenAMP/libmetal/lib/include -I../../Drivers/STM32MP1xx_HAL_Driver/Inc -I../../Drivers/STM32MP1xx_HAL_Driver/Inc/Legacy -I../../Drivers/CMSIS/Device/ST/STM32MP1xx/Include -I../../Middlewares/Third_Party/OpenAMP/virtual_driver -I../../Drivers/CMSIS/Include -O0 -ffunction-sections -fdata-sections -Wall -fstack-usage -fcyclomatic-complexity -MMD -MP -MF"Core/Src/main.d" -MT"Core/Src/main.o" --specs=nano.specs -mfpu=fpv4-sp-d16 -mfloat-abi=hard -mthumb -o "Core/Src/main.o"
../Core/Src/main.c: In function 'main':
../Core/Src/main.c:234:26: warning: implicit declaration of function 'read_stroke_from_adc' [-Wimplicit-function-declaration]
  234 |                 stroke = read_stroke_from_adc();
      |                          ^~~~~~~~~~~~~~~~~~~~
../Core/Src/main.c:256:23: warning: unused variable 'estimated_stroke' [-Wunused-variable]
  256 |                 float estimated_stroke = estimated_stroke_from_duty_cycles(duty_cycle1, duty_cycle2);
      |                       ^~~~~~~~~~~~~~~~
../Core/Src/main.c: In function 'VIRT_UART0_RxCpltCallback':
../Core/Src/main.c:501:36: warning: passing argument 2 of 'memcpy' makes pointer from integer without a cast [-Wint-conversion]
  501 |     memcpy(VirtUart0ChannelBuffRx, strlen(msg), VirtUart0ChannelRxSize);
      |                                    ^~~~~~~~~~~
      |                                    |
      |                                    size_t {aka unsigned int}
In file included from ../../Middlewares/Third_Party/OpenAMP/open-amp/lib/include/openamp/rpmsg.h:19,
                 from ../../Middlewares/Third_Party/OpenAMP/open-amp/lib/include/openamp/open_amp.h:11,
                 from ../OPENAMP/openamp.h:25,
                 from ../Core/Src/main.c:21:
/opt/stm32cubeide/plugins/com.st.stm32cube.ide.mcu.externaltools.gnu-tools-for-stm32.12.3.rel1.linux64_1.0.200.202406132123/tools/arm-none-eabi/include/string.h:31:36: note: expected 'const void * restrict' but argument is of type 'size_t' {aka 'unsigned int'}
   31 | void *   memcpy (void *__restrict, const void *__restrict, size_t);
../Core/Src/main.c: In function 'estimate_stroke_from_duty_cycles':
../Core/Src/main.c:546:23: warning: unused variable 'avg_duty_cycle1' [-Wunused-variable]
  546 |                 float avg_duty_cycle1 = (bst_test_points[i].duty_cycle1_min + bst_test_points[i].duty_cycle1_max) / 2.0f;
      |                       ^~~~~~~~~~~~~~~
../Core/Src/main.c:541:15: warning: unused variable 'estimated_stroke' [-Wunused-variable]
  541 |         float estimated_stroke = 0.0f;
      |               ^~~~~~~~~~~~~~~~
../Core/Src/main.c:538:15: warning: unused variable 'min_error' [-Wunused-variable]
  538 |         float min_error = FLT_MAX;
      |               ^~~~~~~~~
../Core/Src/main.c:549:1: warning: control reaches end of non-void function [-Wreturn-type]
  549 | }
      | ^
arm-none-eabi-gcc -o "BSTInputTesting_CM4.elf" @"objects.list"   -mcpu=cortex-m4 -T"/home/danb127/Brake-System-Tester/BSTInputTesting/CM4/STM32MP157FACX_RAM.ld" --specs=nosys.specs -Wl,-Map="BSTInputTesting_CM4.map" -Wl,--gc-sections -static --specs=nano.specs -mfpu=fpv4-sp-d16 -mfloat-abi=hard -mthumb -Wl,--start-group -lc -lm -Wl,--end-group
/opt/stm32cubeide/plugins/com.st.stm32cube.ide.mcu.externaltools.gnu-tools-for-stm32.12.3.rel1.linux64_1.0.200.202406132123/tools/bin/../lib/gcc/arm-none-eabi/12.3.1/../../../../arm-none-eabi/bin/ld: ./Core/Src/main.o: in function `main':
/home/danb127/Brake-System-Tester/BSTInputTesting/CM4/Debug/../Core/Src/main.c:234: undefined reference to `read_stroke_from_adc'
/opt/stm32cubeide/plugins/com.st.stm32cube.ide.mcu.externaltools.gnu-tools-for-stm32.12.3.rel1.linux64_1.0.200.202406132123/tools/bin/../lib/gcc/arm-none-eabi/12.3.1/../../../../arm-none-eabi/bin/ld: /home/danb127/Brake-System-Tester/BSTInputTesting/CM4/Debug/../Core/Src/main.c:256: undefined reference to `estimated_stroke_from_duty_cycles'
collect2: error: ld returned 1 exit status
make: *** [makefile:67: BSTInputTesting_CM4.elf] Error 1
"make -j8 all" terminated with exit code 2. Build might be incomplete.
17:33:59 **** Incremental Build of configuration Debug for project BSTInputTesting_CM4 ****
make -j8 all 
arm-none-eabi-gcc "../Core/Src/main.c" -mcpu=cortex-m4 -std=gnu11 -g3 -DDEBUG -DCORE_CM4 -DNO_ATOMIC_64_SUPPORT -DMETAL_INTERNAL -DMETAL_MAX_DEVICE_REGIONS=2 -DVIRTIO_SLAVE_ONLY -DUSE_HAL_DRIVER -DSTM32MP157Fxx -c -I../OPENAMP -I../Core/Inc -I../../Middlewares/Third_Party/OpenAMP/open-amp/lib/include -I../../Middlewares/Third_Party/OpenAMP/libmetal/lib/include -I../../Drivers/STM32MP1xx_HAL_Driver/Inc -I../../Drivers/STM32MP1xx_HAL_Driver/Inc/Legacy -I../../Drivers/CMSIS/Device/ST/STM32MP1xx/Include -I../../Middlewares/Third_Party/OpenAMP/virtual_driver -I../../Drivers/CMSIS/Include -O0 -ffunction-sections -fdata-sections -Wall -fstack-usage -fcyclomatic-complexity -MMD -MP -MF"Core/Src/main.d" -MT"Core/Src/main.o" --specs=nano.specs -mfpu=fpv4-sp-d16 -mfloat-abi=hard -mthumb -o "Core/Src/main.o"
../Core/Src/main.c: In function 'main':
../Core/Src/main.c:234:26: warning: implicit declaration of function 'read_stroke_from_adc' [-Wimplicit-function-declaration]
  234 |                 stroke = read_stroke_from_adc();
      |                          ^~~~~~~~~~~~~~~~~~~~
../Core/Src/main.c:256:23: warning: unused variable 'estimated_stroke' [-Wunused-variable]
  256 |                 float estimated_stroke = estimated_stroke_from_duty_cycles(duty_cycle1, duty_cycle2);
      |                       ^~~~~~~~~~~~~~~~
../Core/Src/main.c: In function 'VIRT_UART0_RxCpltCallback':
../Core/Src/main.c:501:36: warning: passing argument 2 of 'memcpy' makes pointer from integer without a cast [-Wint-conversion]
  501 |     memcpy(VirtUart0ChannelBuffRx, strlen(msg), VirtUart0ChannelRxSize);
      |                                    ^~~~~~~~~~~
      |                                    |
      |                                    size_t {aka unsigned int}
In file included from ../../Middlewares/Third_Party/OpenAMP/open-amp/lib/include/openamp/rpmsg.h:19,
                 from ../../Middlewares/Third_Party/OpenAMP/open-amp/lib/include/openamp/open_amp.h:11,
                 from ../OPENAMP/openamp.h:25,
                 from ../Core/Src/main.c:21:
/opt/stm32cubeide/plugins/com.st.stm32cube.ide.mcu.externaltools.gnu-tools-for-stm32.12.3.rel1.linux64_1.0.200.202406132123/tools/arm-none-eabi/include/string.h:31:36: note: expected 'const void * restrict' but argument is of type 'size_t' {aka 'unsigned int'}
   31 | void *   memcpy (void *__restrict, const void *__restrict, size_t);
../Core/Src/main.c: In function 'estimated_stroke_from_duty_cycles':
../Core/Src/main.c:546:23: warning: unused variable 'avg_duty_cycle1' [-Wunused-variable]
  546 |                 float avg_duty_cycle1 = (bst_test_points[i].duty_cycle1_min + bst_test_points[i].duty_cycle1_max) / 2.0f;
      |                       ^~~~~~~~~~~~~~~
../Core/Src/main.c:541:15: warning: unused variable 'estimated_stroke' [-Wunused-variable]
  541 |         float estimated_stroke = 0.0f;
      |               ^~~~~~~~~~~~~~~~
../Core/Src/main.c:538:15: warning: unused variable 'min_error' [-Wunused-variable]
  538 |         float min_error = FLT_MAX;
      |               ^~~~~~~~~
../Core/Src/main.c:549:1: warning: control reaches end of non-void function [-Wreturn-type]
  549 | }
      | ^
arm-none-eabi-gcc -o "BSTInputTesting_CM4.elf" @"objects.list"   -mcpu=cortex-m4 -T"/home/danb127/Brake-System-Tester/BSTInputTesting/CM4/STM32MP157FACX_RAM.ld" --specs=nosys.specs -Wl,-Map="BSTInputTesting_CM4.map" -Wl,--gc-sections -static --specs=nano.specs -mfpu=fpv4-sp-d16 -mfloat-abi=hard -mthumb -Wl,--start-group -lc -lm -Wl,--end-group
/opt/stm32cubeide/plugins/com.st.stm32cube.ide.mcu.externaltools.gnu-tools-for-stm32.12.3.rel1.linux64_1.0.200.202406132123/tools/bin/../lib/gcc/arm-none-eabi/12.3.1/../../../../arm-none-eabi/bin/ld: ./Core/Src/main.o: in function `main':
/home/danb127/Brake-System-Tester/BSTInputTesting/CM4/Debug/../Core/Src/main.c:234: undefined reference to `read_stroke_from_adc'
collect2: error: ld returned 1 exit status
make: *** [makefile:67: BSTInputTesting_CM4.elf] Error 1
"make -j8 all" terminated with exit code 2. Build might be incomplete.
10:43:50 **** Incremental Build of configuration Debug for project BSTInputTesting_CM4 ****
make -j8 all 
arm-none-eabi-gcc "../Core/Src/main.c" -mcpu=cortex-m4 -std=gnu11 -g3 -DDEBUG -DCORE_CM4 -DNO_ATOMIC_64_SUPPORT -DMETAL_INTERNAL -DMETAL_MAX_DEVICE_REGIONS=2 -DVIRTIO_SLAVE_ONLY -DUSE_HAL_DRIVER -DSTM32MP157Fxx -c -I../OPENAMP -I../Core/Inc -I../../Middlewares/Third_Party/OpenAMP/open-amp/lib/include -I../../Middlewares/Third_Party/OpenAMP/libmetal/lib/include -I../../Drivers/STM32MP1xx_HAL_Driver/Inc -I../../Drivers/STM32MP1xx_HAL_Driver/Inc/Legacy -I../../Drivers/CMSIS/Device/ST/STM32MP1xx/Include -I../../Middlewares/Third_Party/OpenAMP/virtual_driver -I../../Drivers/CMSIS/Include -O0 -ffunction-sections -fdata-sections -Wall -fstack-usage -fcyclomatic-complexity -MMD -MP -MF"Core/Src/main.d" -MT"Core/Src/main.o" --specs=nano.specs -mfpu=fpv4-sp-d16 -mfloat-abi=hard -mthumb -o "Core/Src/main.o"
../Core/Src/main.c: In function 'main':
../Core/Src/main.c:234:26: warning: implicit declaration of function 'read_stroke_from_adc' [-Wimplicit-function-declaration]
  234 |                 stroke = read_stroke_from_adc();
      |                          ^~~~~~~~~~~~~~~~~~~~
../Core/Src/main.c:256:23: warning: unused variable 'estimated_stroke' [-Wunused-variable]
  256 |                 float estimated_stroke = estimated_stroke_from_duty_cycles(duty_cycle1, duty_cycle2);
      |                       ^~~~~~~~~~~~~~~~
../Core/Src/main.c: In function 'VIRT_UART0_RxCpltCallback':
../Core/Src/main.c:503:36: warning: passing argument 2 of 'memcpy' makes pointer from integer without a cast [-Wint-conversion]
  503 |     memcpy(VirtUart0ChannelBuffRx, strlen(msg), VirtUart0ChannelRxSize);
      |                                    ^~~~~~~~~~~
      |                                    |
      |                                    size_t {aka unsigned int}
In file included from ../../Middlewares/Third_Party/OpenAMP/open-amp/lib/include/openamp/rpmsg.h:19,
                 from ../../Middlewares/Third_Party/OpenAMP/open-amp/lib/include/openamp/open_amp.h:11,
                 from ../OPENAMP/openamp.h:25,
                 from ../Core/Src/main.c:21:
/opt/stm32cubeide/plugins/com.st.stm32cube.ide.mcu.externaltools.gnu-tools-for-stm32.12.3.rel1.linux64_1.0.200.202406132123/tools/arm-none-eabi/include/string.h:31:36: note: expected 'const void * restrict' but argument is of type 'size_t' {aka 'unsigned int'}
   31 | void *   memcpy (void *__restrict, const void *__restrict, size_t);
arm-none-eabi-gcc -o "BSTInputTesting_CM4.elf" @"objects.list"   -mcpu=cortex-m4 -T"/home/danb127/Brake-System-Tester/BSTInputTesting/CM4/STM32MP157FACX_RAM.ld" --specs=nosys.specs -Wl,-Map="BSTInputTesting_CM4.map" -Wl,--gc-sections -static --specs=nano.specs -mfpu=fpv4-sp-d16 -mfloat-abi=hard -mthumb -Wl,--start-group -lc -lm -Wl,--end-group
/opt/stm32cubeide/plugins/com.st.stm32cube.ide.mcu.externaltools.gnu-tools-for-stm32.12.3.rel1.linux64_1.0.200.202406132123/tools/bin/../lib/gcc/arm-none-eabi/12.3.1/../../../../arm-none-eabi/bin/ld: ./Core/Src/main.o: in function `main':
/home/danb127/Brake-System-Tester/BSTInputTesting/CM4/Debug/../Core/Src/main.c:234: undefined reference to `read_stroke_from_adc'
collect2: error: ld returned 1 exit status
make: *** [makefile:67: BSTInputTesting_CM4.elf] Error 1
"make -j8 all" terminated with exit code 2. Build might be incomplete.
